Archive member included to satisfy reference by file (symbol)

C:\Users\nikod\Downloads\E13_V7_final\E13_alarm_V3\Lib_CMSISv1p30_LPC17xx\Release\libCMSISv1p30_LPC17xx.a(system_LPC17xx.o)
                              ./src/cr_startup_lpc17.o (SystemInit)
C:\Users\nikod\Downloads\E13_V7_final\E13_alarm_V3\Lib_EaBaseBoard\Release\libLib_EaBaseBoard.a(joystick.o)
                              ./src/main.o (joystick_read)
C:\Users\nikod\Downloads\E13_V7_final\E13_alarm_V3\Lib_EaBaseBoard\Release\libLib_EaBaseBoard.a(light.o)
                              ./src/main.o (light_init)
C:\Users\nikod\Downloads\E13_V7_final\E13_alarm_V3\Lib_EaBaseBoard\Release\libLib_EaBaseBoard.a(oled.o)
                              ./src/main.o (oled_init)
C:\Users\nikod\Downloads\E13_V7_final\E13_alarm_V3\Lib_EaBaseBoard\Release\libLib_EaBaseBoard.a(pca9532.o)
                              ./src/main.o (pca9532_setLeds)
C:\Users\nikod\Downloads\E13_V7_final\E13_alarm_V3\Lib_EaBaseBoard\Release\libLib_EaBaseBoard.a(rgb.o)
                              ./src/main.o (rgb_init)
C:\Users\nikod\Downloads\E13_V7_final\E13_alarm_V3\Lib_EaBaseBoard\Release\libLib_EaBaseBoard.a(font5x7.o)
                              C:\Users\nikod\Downloads\E13_V7_final\E13_alarm_V3\Lib_EaBaseBoard\Release\libLib_EaBaseBoard.a(oled.o) (font5x7)
C:\Users\nikod\Downloads\E13_V7_final\E13_alarm_V3\Lib_MCU\Release\libLib_MCU.a(lpc17xx_gpio.o)
                              ./src/main.o (GPIO_SetDir)
C:\Users\nikod\Downloads\E13_V7_final\E13_alarm_V3\Lib_MCU\Release\libLib_MCU.a(lpc17xx_i2c.o)
                              ./src/main.o (I2C_Init)
C:\Users\nikod\Downloads\E13_V7_final\E13_alarm_V3\Lib_MCU\Release\libLib_MCU.a(lpc17xx_libcfg_default.o)
                              C:\Users\nikod\Downloads\E13_V7_final\E13_alarm_V3\Lib_MCU\Release\libLib_MCU.a(lpc17xx_i2c.o) (check_failed)
C:\Users\nikod\Downloads\E13_V7_final\E13_alarm_V3\Lib_MCU\Release\libLib_MCU.a(lpc17xx_pinsel.o)
                              ./src/main.o (PINSEL_ConfigPin)
C:\Users\nikod\Downloads\E13_V7_final\E13_alarm_V3\Lib_MCU\Release\libLib_MCU.a(lpc17xx_ssp.o)
                              ./src/main.o (SSP_Init)
C:\Users\nikod\Downloads\E13_V7_final\E13_alarm_V3\Lib_MCU\Release\libLib_MCU.a(lpc17xx_timer.o)
                              ./src/main.o (Timer0_Wait)
C:\Users\nikod\Downloads\E13_V7_final\E13_alarm_V3\Lib_MCU\Release\libLib_MCU.a(lpc17xx_clkpwr.o)
                              C:\Users\nikod\Downloads\E13_V7_final\E13_alarm_V3\Lib_MCU\Release\libLib_MCU.a(lpc17xx_i2c.o) (CLKPWR_SetPCLKDiv)
C:/nxp/MCUXpressoIDE_24.12.148/ide/plugins/com.nxp.mcuxpresso.tools.win32_24.12.0.202407110909/tools/bin/../lib/gcc/arm-none-eabi/13.2.1/thumb/v7-m/nofp\libgcc.a(_arm_addsubdf3.o)
                              ./src/main.o (__aeabi_f2d)
C:/nxp/MCUXpressoIDE_24.12.148/ide/plugins/com.nxp.mcuxpresso.tools.win32_24.12.0.202407110909/tools/bin/../lib/gcc/arm-none-eabi/13.2.1/thumb/v7-m/nofp\libgcc.a(_arm_addsubsf3.o)
                              ./src/main.o (__aeabi_ui2f)
C:/nxp/MCUXpressoIDE_24.12.148/ide/plugins/com.nxp.mcuxpresso.tools.win32_24.12.0.202407110909/tools/bin/../lib/gcc/arm-none-eabi/13.2.1/thumb/v7-m/nofp\libgcc.a(_arm_muldivsf3.o)
                              ./src/main.o (__aeabi_fdiv)
C:/nxp/MCUXpressoIDE_24.12.148/ide/plugins/com.nxp.mcuxpresso.tools.win32_24.12.0.202407110909/tools/bin/../lib/gcc/arm-none-eabi/13.2.1/thumb/v7-m/nofp\libgcc.a(_arm_cmpsf2.o)
                              ./src/main.o (__aeabi_fcmplt)
C:/nxp/MCUXpressoIDE_24.12.148/ide/plugins/com.nxp.mcuxpresso.tools.win32_24.12.0.202407110909/tools/bin/../lib/gcc/arm-none-eabi/13.2.1/thumb/v7-m/nofp\libgcc.a(_aeabi_ldivmod.o)
                              C:\Users\nikod\Downloads\E13_V7_final\E13_alarm_V3\Lib_CMSISv1p30_LPC17xx\Release\libCMSISv1p30_LPC17xx.a(system_LPC17xx.o) (__aeabi_ldivmod)
C:/nxp/MCUXpressoIDE_24.12.148/ide/plugins/com.nxp.mcuxpresso.tools.win32_24.12.0.202407110909/tools/bin/../lib/gcc/arm-none-eabi/13.2.1/thumb/v7-m/nofp\libgcc.a(_aeabi_uldivmod.o)
                              C:\Users\nikod\Downloads\E13_V7_final\E13_alarm_V3\Lib_CMSISv1p30_LPC17xx\Release\libCMSISv1p30_LPC17xx.a(system_LPC17xx.o) (__aeabi_uldivmod)
C:/nxp/MCUXpressoIDE_24.12.148/ide/plugins/com.nxp.mcuxpresso.tools.win32_24.12.0.202407110909/tools/bin/../lib/gcc/arm-none-eabi/13.2.1/thumb/v7-m/nofp\libgcc.a(_udivmoddi4.o)
                              C:/nxp/MCUXpressoIDE_24.12.148/ide/plugins/com.nxp.mcuxpresso.tools.win32_24.12.0.202407110909/tools/bin/../lib/gcc/arm-none-eabi/13.2.1/thumb/v7-m/nofp\libgcc.a(_aeabi_ldivmod.o) (__udivmoddi4)
C:/nxp/MCUXpressoIDE_24.12.148/ide/plugins/com.nxp.mcuxpresso.tools.win32_24.12.0.202407110909/tools/bin/../lib/gcc/arm-none-eabi/13.2.1/thumb/v7-m/nofp\libgcc.a(_dvmd_tls.o)
[...]
Memory Configuration

Name             Origin             Length             Attributes
MFlash512        0x00000000         0x00080000         xr
RamLoc32         0x10000000         0x00008000         xrw
RamAHB32         0x2007c000         0x00008000         xrw
*default*        0x00000000         0xffffffff

Linker script and memory map

LOAD ./src/cr_startup_lpc17.o
LOAD ./src/main.o
LOAD ./src/ocf_lpc176x_lib.o
LOAD ./src/rc522.o
LOAD C:\Users\nikod\Downloads\E13_V7_final\E13_alarm_V3\Lib_CMSISv1p30_LPC17xx\Release\libCMSISv1p30_LPC17xx.a
LOAD C:\Users\nikod\Downloads\E13_V7_final\E13_alarm_V3\Lib_EaBaseBoard\Release\libLib_EaBaseBoard.a
LOAD C:\Users\nikod\Downloads\E13_V7_final\E13_alarm_V3\Lib_MCU\Release\libLib_MCU.a
START GROUP
LOAD C:/nxp/MCUXpressoIDE_24.12.148/ide/plugins/com.nxp.mcuxpresso.tools.win32_24.12.0.202407110909/tools/bin/../lib/gcc/arm-none-eabi/13.2.1/thumb/v7-m/nofp\libgcc.a
LOAD C:/nxp/MCUXpressoIDE_24.12.148/ide/plugins/com.nxp.mcuxpresso.tools.win32_24.12.0.202407110909/tools/bin/../lib/gcc/arm-none-eabi/13.2.1/thumb/v7-m/nofp\libc.a
LOAD C:/nxp/MCUXpressoIDE_24.12.148/ide/plugins/com.nxp.mcuxpresso.tools.win32_24.12.0.202407110909/tools/bin/../lib/gcc/arm-none-eabi/13.2.1/thumb/v7-m/nofp\libm.a
LOAD C:/nxp/MCUXpressoIDE_24.12.148/ide/plugins/com.nxp.mcuxpresso.tools.win32_24.12.0.202407110909/tools/bin/../lib/gcc/arm-none-eabi/13.2.1/../../../../arm-none-eabi/lib/thumb/v7-m/nofp\libcr_newlib_semihost.a
END GROUP
                0x00000000                        __base_MFlash512 = 0x0
                0x00000000                        __base_Flash = 0x0
                0x00080000                        __top_MFlash512 = 0x80000
                0x00080000                        __top_Flash = 0x80000
                0x10000000                        __base_RamLoc32 = 0x10000000
                0x10000000                        __base_RAM = 0x10000000
                0x10008000                        __top_RamLoc32 = 0x10008000
                0x10008000                        __top_RAM = 0x10008000
                0x2007c000                        __base_RamAHB32 = 0x2007c000
                0x2007c000                        __base_RAM2 = 0x2007c000
                0x20084000                        __top_RamAHB32 = 0x20084000
                0x20084000                        __top_RAM2 = 0x20084000

.text           0x00000000     0xbbf4
 FILL mask 0xff
                0x00000000                        __vectors_start__ = ABSOLUTE (.)
 *(.isr_vector)
 .isr_vector    0x00000000       0xcc ./src/cr_startup_lpc17.o
                0x00000000                g_pfnVectors
                0x000000cc                        . = ALIGN (0x4)
                0x000000cc                        __section_table_start = .
                0x000000cc                        __data_section_table = .
                0x000000cc        0x4 LONG 0xbbfc LOADADDR (.data)
                0x000000d0        0x4 LONG 0x10000000 ADDR (.data)
                0x000000d4        0x4 LONG 0x6b8 SIZEOF (.data)
                0x000000d8        0x4 LONG 0xbbfc LOADADDR (.data_RAM2)
                0x000000dc        0x4 LONG 0x2007c000 ADDR (.data_RAM2)
                0x000000e0        0x4 LONG 0x0 SIZEOF (.data_RAM2)
                0x000000e4                        __data_section_table_end = .
                0x000000e4                        __bss_section_table = .
                0x000000e4        0x4 LONG 0x100006b8 ADDR (.bss)
                0x000000e8        0x4 LONG 0x504 SIZEOF (.bss)
                0x000000ec        0x4 LONG 0x2007c000 ADDR (.bss_RAM2)
                0x000000f0        0x4 LONG 0x0 SIZEOF (.bss_RAM2)
                0x000000f4                        __bss_section_table_end = .
                0x000000f4                        __section_table_end = .
 *(.after_vectors*)
 *(.text*)
 .text.NMI_Handler
                0x000000f4        0x2 ./src/cr_startup_lpc17.o
                0x000000f4                NMI_Handler
 .text.HardFault_Handler
                0x000000f6        0x2 ./src/cr_startup_lpc17.o
                0x000000f6                HardFault_Handler
 .text.MemManage_Handler
                0x000000f8        0x2 ./src/cr_startup_lpc17.o
                0x000000f8                MemManage_Handler
 .text.BusFault_Handler
                0x000000fa        0x2 ./src/cr_startup_lpc17.o
                0x000000fa                BusFault_Handler
 .text.UsageFault_Handler
                0x000000fc        0x2 ./src/cr_startup_lpc17.o
                0x000000fc                UsageFault_Handler
 .text.SVCall_Handler
                0x000000fe        0x2 ./src/cr_startup_lpc17.o
                0x000000fe                SVCall_Handler
 .text.DebugMon_Handler
                0x00000100        0x2 ./src/cr_startup_lpc17.o
                0x00000100                DebugMon_Handler
 .text.PendSV_Handler
                0x00000102        0x2 ./src/cr_startup_lpc17.o
                0x00000102                PendSV_Handler
 .text.SysTick_Handler
                0x00000104        0x2 ./src/cr_startup_lpc17.o
                0x00000104                SysTick_Handler
 .text.IntDefaultHandler
                0x00000106        0x2 ./src/cr_startup_lpc17.o
                0x00000106                TIMER2_IRQHandler
                0x00000106                RIT_IRQHandler
                0x00000106                I2C0_IRQHandler
                0x00000106                USBActivity_IRQHandler
                0x00000106                PWM1_IRQHandler
                0x00000106                I2C1_IRQHandler
                0x00000106                EINT2_IRQHandler
                0x00000106                UART1_IRQHandler
                0x00000106                EINT3_IRQHandler
                0x00000106                CANActivity_IRQHandler
                0x00000106                TIMER3_IRQHandler
                0x00000106                UART0_IRQHandler
                0x00000106                IntDefaultHandler
                0x00000106                PLL0_IRQHandler
                0x00000106                CAN_IRQHandler
                0x00000106                PLL1_IRQHandler
                0x00000106                SSP0_IRQHandler
                0x00000106                I2S_IRQHandler
                0x00000106                I2C2_IRQHandler
                0x00000106                RTC_IRQHandler
                0x00000106                TIMER0_IRQHandler
                0x00000106                SPI_IRQHandler
                0x00000106                EINT1_IRQHandler
                0x00000106                TIMER1_IRQHandler
                0x00000106                UART2_IRQHandler
                0x00000106                ADC_IRQHandler
                0x00000106                SSP1_IRQHandler
                0x00000106                USB_IRQHandler
                0x00000106                BOD_IRQHandler
                0x00000106                WDT_IRQHandler
                0x00000106                QEI_IRQHandler
                0x00000106                EINT0_IRQHandler
                0x00000106                DMA_IRQHandler
                0x00000106                UART3_IRQHandler
                0x00000106                MCPWM_IRQHandler
                0x00000106                ENET_IRQHandler
 .text.ResetISR
                0x00000108       0x48 ./src/cr_startup_lpc17.o
                0x00000108                ResetISR
 .text.playNote_internal
                0x00000150       0x38 ./src/main.o
 .text.writeCommand_internal
                0x00000188       0x40 ./src/main.o
 .text.checkLightAndInversion_internal
                0x000001c8       0x34 ./src/main.o
 .text.startup.main
                0x000001fc      0x69c ./src/main.o
                0x000001fc                main
 .text.rc522_write
                0x00000898       0x40 ./src/rc522.o
                0x00000898                rc522_write
 .text.rc522_read
                0x000008d8       0x4c ./src/rc522.o
                0x000008d8                rc522_read
 .text.rc522_setBitMask
                0x00000924       0x1a ./src/rc522.o
                0x00000924                rc522_setBitMask
 .text.rc522_clearBitMask
                0x0000093e       0x1a ./src/rc522.o
                0x0000093e                rc522_clearBitMask
 .text.rc522_antennaOn
                0x00000958       0x1a ./src/rc522.o
                0x00000958                rc522_antennaOn
 .text.rc522_reset
                0x00000972        0x8 ./src/rc522.o
                0x00000972                rc522_reset
 .text.rc522_init
                0x0000097a       0x68 ./src/rc522.o
                0x0000097a                rc522_init
 .text.rc522_toCard
                0x000009e2       0xfe ./src/rc522.o
                0x000009e2                rc522_toCard
 .text.rc522_request
                0x00000ae0       0x38 ./src/rc522.o
                0x00000ae0                rc522_request
 .text.rc522_anticoll
                0x00000b18       0x44 ./src/rc522.o
                0x00000b18                rc522_anticoll
 .text.rc522_calculateCRC
                0x00000b5c       0x58 ./src/rc522.o
                0x00000b5c                rc522_calculateCRC
 .text.rc522_halt
                0x00000bb4       0x2c ./src/rc522.o
                0x00000bb4                rc522_halt
 .text.SystemInit
                0x00000be0       0xd8 C:\Users\nikod\Downloads\E13_V7_final\E13_alarm_V3\Lib_CMSISv1p30_LPC17xx\Release\libCMSISv1p30_LPC17xx.a(system_LPC17xx.o)
                0x00000be0                SystemInit
 .text.joystick_read
                0x00000cb8       0x3c C:\Users\nikod\Downloads\E13_V7_final\E13_alarm_V3\Lib_EaBaseBoard\Release\libLib_EaBaseBoard.a(joystick.o)
                0x00000cb8                joystick_read
 .text.I2CRead.constprop.0.isra.0
                0x00000cf4       0x2c C:\Users\nikod\Downloads\E13_V7_final\E13_alarm_V3\Lib_EaBaseBoard\Release\libLib_EaBaseBoard.a(light.o)
 .text.I2CWrite.constprop.0.isra.0
                0x00000d20       0x28 C:\Users\nikod\Downloads\E13_V7_final\E13_alarm_V3\Lib_EaBaseBoard\Release\libLib_EaBaseBoard.a(light.o)
 .text.light_init
                0x00000d48        0x2 C:\Users\nikod\Downloads\E13_V7_final\E13_alarm_V3\Lib_EaBaseBoard\Release\libLib_EaBaseBoard.a(light.o)
                0x00000d48                light_init
 *fill*         0x00000d4a        0x2 ff
 .text.light_enable
                0x00000d4c       0x2c C:\Users\nikod\Downloads\E13_V7_final\E13_alarm_V3\Lib_EaBaseBoard\Release\libLib_EaBaseBoard.a(light.o)
                0x00000d4c                light_enable
 .text.light_read
                0x00000d78       0x4c C:\Users\nikod\Downloads\E13_V7_final\E13_alarm_V3\Lib_EaBaseBoard\Release\libLib_EaBaseBoard.a(light.o)
                0x00000d78                light_read
 .text.writeCommand
                0x00000dc4       0x40 C:\Users\nikod\Downloads\E13_V7_final\E13_alarm_V3\Lib_EaBaseBoard\Release\libLib_EaBaseBoard.a(oled.o)
 .text.oled_init
                0x00000e04      0x118 C:\Users\nikod\Downloads\E13_V7_final\E13_alarm_V3\Lib_EaBaseBoard\Release\libLib_EaBaseBoard.a(oled.o)
                0x00000e04                oled_init
 .text.oled_putPixel
                0x00000f1c       0xd0 C:\Users\nikod\Downloads\E13_V7_final\E13_alarm_V3\Lib_EaBaseBoard\Release\libLib_EaBaseBoard.a(oled.o)
                0x00000f1c                oled_putPixel
 .text.oled_clearScreen
                0x00000fec       0x8c C:\Users\nikod\Downloads\E13_V7_final\E13_alarm_V3\Lib_EaBaseBoard\Release\libLib_EaBaseBoard.a(oled.o)
                0x00000fec                oled_clearScreen
 .text.oled_putChar
                0x00001078       0x84 C:\Users\nikod\Downloads\E13_V7_final\E13_alarm_V3\Lib_EaBaseBoard\Release\libLib_EaBaseBoard.a(oled.o)
                0x00001078                oled_putChar
 .text.oled_putString
                0x000010fc       0x32 C:\Users\nikod\Downloads\E13_V7_final\E13_alarm_V3\Lib_EaBaseBoard\Release\libLib_EaBaseBoard.a(oled.o)
                0x000010fc                oled_putString
 .text.setLsStates
                0x0000112e       0x3a C:\Users\nikod\Downloads\E13_V7_final\E13_alarm_V3\Lib_EaBaseBoard\Release\libLib_EaBaseBoard.a(pca9532.o)
 .text.I2CWrite.constprop.0.isra.0
                0x00001168       0x28 C:\Users\nikod\Downloads\E13_V7_final\E13_alarm_V3\Lib_EaBaseBoard\Release\libLib_EaBaseBoard.a(pca9532.o)
 .text.setLeds  0x00001190       0x5c C:\Users\nikod\Downloads\E13_V7_final\E13_alarm_V3\Lib_EaBaseBoard\Release\libLib_EaBaseBoard.a(pca9532.o)
 .text.pca9532_setLeds
                0x000011ec       0x24 C:\Users\nikod\Downloads\E13_V7_final\E13_alarm_V3\Lib_EaBaseBoard\Release\libLib_EaBaseBoard.a(pca9532.o)
                0x000011ec                pca9532_setLeds
 .text.rgb_init
                0x00001210       0x26 C:\Users\nikod\Downloads\E13_V7_final\E13_alarm_V3\Lib_EaBaseBoard\Release\libLib_EaBaseBoard.a(rgb.o)
                0x00001210                rgb_init
 .text.rgb_setLeds
                0x00001236       0x48 C:\Users\nikod\Downloads\E13_V7_final\E13_alarm_V3\Lib_EaBaseBoard\Release\libLib_EaBaseBoard.a(rgb.o)
                0x00001236                rgb_setLeds
 .text.GPIO_GetPointer
                0x0000127e       0x12 C:\Users\nikod\Downloads\E13_V7_final\E13_alarm_V3\Lib_MCU\Release\libLib_MCU.a(lpc17xx_gpio.o)
 .text.GPIO_SetDir
                0x00001290       0x18 C:\Users\nikod\Downloads\E13_V7_final\E13_alarm_V3\Lib_MCU\Release\libLib_MCU.a(lpc17xx_gpio.o)
                0x00001290                GPIO_SetDir
 .text.GPIO_SetValue
                0x000012a8        0xc C:\Users\nikod\Downloads\E13_V7_final\E13_alarm_V3\Lib_MCU\Release\libLib_MCU.a(lpc17xx_gpio.o)
                0x000012a8                GPIO_SetValue
 .text.GPIO_ClearValue
                0x000012b4        0xc C:\Users\nikod\Downloads\E13_V7_final\E13_alarm_V3\Lib_MCU\Release\libLib_MCU.a(lpc17xx_gpio.o)
                0x000012b4                GPIO_ClearValue
 .text.GPIO_ReadValue
                0x000012c0        0xc C:\Users\nikod\Downloads\E13_V7_final\E13_alarm_V3\Lib_MCU\Release\libLib_MCU.a(lpc17xx_gpio.o)
                0x000012c0                GPIO_ReadValue
 .text.I2C_getNum
                0x000012cc       0x2c C:\Users\nikod\Downloads\E13_V7_final\E13_alarm_V3\Lib_MCU\Release\libLib_MCU.a(lpc17xx_i2c.o)
 .text.I2C_SendByte
                0x000012f8       0x1e C:\Users\nikod\Downloads\E13_V7_final\E13_alarm_V3\Lib_MCU\Release\libLib_MCU.a(lpc17xx_i2c.o)
 *fill*         0x00001316        0x2 ff
 .text.I2C_Init
                0x00001318       0x8c C:\Users\nikod\Downloads\E13_V7_final\E13_alarm_V3\Lib_MCU\Release\libLib_MCU.a(lpc17xx_i2c.o)
                0x00001318                I2C_Init
 .text.I2C_Cmd  0x000013a4       0x58 C:\Users\nikod\Downloads\E13_V7_final\E13_alarm_V3\Lib_MCU\Release\libLib_MCU.a(lpc17xx_i2c.o)
                0x000013a4                I2C_Cmd
 .text.I2C_IntCmd
                0x000013fc       0x6c C:\Users\nikod\Downloads\E13_V7_final\E13_alarm_V3\Lib_MCU\Release\libLib_MCU.a(lpc17xx_i2c.o)
                0x000013fc                I2C_IntCmd
 .text.I2C_MasterTransferData
                0x00001468      0x1a8 C:\Users\nikod\Downloads\E13_V7_final\E13_alarm_V3\Lib_MCU\Release\libLib_MCU.a(lpc17xx_i2c.o)
                0x00001468                I2C_MasterTransferData
 .text.check_failed
                0x00001610        0x2 C:\Users\nikod\Downloads\E13_V7_final\E13_alarm_V3\Lib_MCU\Release\libLib_MCU.a(lpc17xx_libcfg_default.o)
                0x00001610                check_failed
 *fill*         0x00001612        0x2 ff
 .text.PINSEL_ConfigPin
                0x00001614       0x7c C:\Users\nikod\Downloads\E13_V7_final\E13_alarm_V3\Lib_MCU\Release\libLib_MCU.a(lpc17xx_pinsel.o)
                0x00001614                PINSEL_ConfigPin
 .text.SSP_Init
                0x00001690       0xa8 C:\Users\nikod\Downloads\E13_V7_final\E13_alarm_V3\Lib_MCU\Release\libLib_MCU.a(lpc17xx_ssp.o)
                0x00001690                SSP_Init
 .text.SSP_GetDataSize
                0x00001738       0x2c C:\Users\nikod\Downloads\E13_V7_final\E13_alarm_V3\Lib_MCU\Release\libLib_MCU.a(lpc17xx_ssp.o)
                0x00001738                SSP_GetDataSize
 .text.SSP_ConfigStructInit
                0x00001764       0x18 C:\Users\nikod\Downloads\E13_V7_final\E13_alarm_V3\Lib_MCU\Release\libLib_MCU.a(lpc17xx_ssp.o)
                0x00001764                SSP_ConfigStructInit
 .text.SSP_Cmd  0x0000177c       0x44 C:\Users\nikod\Downloads\E13_V7_final\E13_alarm_V3\Lib_MCU\Release\libLib_MCU.a(lpc17xx_ssp.o)
                0x0000177c                SSP_Cmd
 .text.SSP_SendData
                0x000017c0       0x2c C:\Users\nikod\Downloads\E13_V7_final\E13_alarm_V3\Lib_MCU\Release\libLib_MCU.a(lpc17xx_ssp.o)
                0x000017c0                SSP_SendData
 .text.SSP_ReceiveData
                0x000017ec       0x2c C:\Users\nikod\Downloads\E13_V7_final\E13_alarm_V3\Lib_MCU\Release\libLib_MCU.a(lpc17xx_ssp.o)
                0x000017ec                SSP_ReceiveData
 .text.SSP_ReadWrite
                0x00001818      0x18e C:\Users\nikod\Downloads\E13_V7_final\E13_alarm_V3\Lib_MCU\Release\libLib_MCU.a(lpc17xx_ssp.o)
                0x00001818                SSP_ReadWrite
 *fill*         0x000019a6        0x2 ff
 .text.TIM_Init
                0x000019a8      0x15c C:\Users\nikod\Downloads\E13_V7_final\E13_alarm_V3\Lib_MCU\Release\libLib_MCU.a(lpc17xx_timer.o)
                0x000019a8                TIM_Init
 .text.TIM_ConfigMatch
                0x00001b04       0xcc C:\Users\nikod\Downloads\E13_V7_final\E13_alarm_V3\Lib_MCU\Release\libLib_MCU.a(lpc17xx_timer.o)
                0x00001b04                TIM_ConfigMatch
 .text.Timer0_Wait
                0x00001bd0       0x50 C:\Users\nikod\Downloads\E13_V7_final\E13_alarm_V3\Lib_MCU\Release\libLib_MCU.a(lpc17xx_timer.o)
                0x00001bd0                Timer0_Wait
 .text.Timer0_us_Wait
                0x00001c20       0x4c C:\Users\nikod\Downloads\E13_V7_final\E13_alarm_V3\Lib_MCU\Release\libLib_MCU.a(lpc17xx_timer.o)
                0x00001c20                Timer0_us_Wait
 .text.CLKPWR_SetPCLKDiv
                0x00001c6c       0x4c C:\Users\nikod\Downloads\E13_V7_final\E13_alarm_V3\Lib_MCU\Release\libLib_MCU.a(lpc17xx_clkpwr.o)
                0x00001c6c                CLKPWR_SetPCLKDiv
 .text.CLKPWR_GetPCLKSEL
                0x00001cb8       0x20 C:\Users\nikod\Downloads\E13_V7_final\E13_alarm_V3\Lib_MCU\Release\libLib_MCU.a(lpc17xx_clkpwr.o)
                0x00001cb8                CLKPWR_GetPCLKSEL
 .text.CLKPWR_GetPCLK
                0x00001cd8       0x20 C:\Users\nikod\Downloads\E13_V7_final\E13_alarm_V3\Lib_MCU\Release\libLib_MCU.a(lpc17xx_clkpwr.o)
                0x00001cd8                CLKPWR_GetPCLK
 .text.CLKPWR_ConfigPPWR
                0x00001cf8       0x34 C:\Users\nikod\Downloads\E13_V7_final\E13_alarm_V3\Lib_MCU\Release\libLib_MCU.a(lpc17xx_clkpwr.o)
                0x00001cf8                CLKPWR_ConfigPPWR
 .text          0x00001d2c      0x378 C:/nxp/MCUXpressoIDE_24.12.148/ide/plugins/com.nxp.mcuxpresso.tools.win32_24.12.0.202407110909/tools/bin/../lib/gcc/arm-none-eabi/13.2.1/thumb/v7-m/nofp\libgcc.a(_arm_addsubdf3.o)
                0x00001d2c                __aeabi_drsub
                0x00001d34                __aeabi_dsub
                0x00001d34                __subdf3
                0x00001d38                __aeabi_dadd
                0x00001d38                __adddf3
                0x00001fb0                __floatunsidf
                0x00001fb0                __aeabi_ui2d
                0x00001fd0                __floatsidf
                0x00001fd0                __aeabi_i2d
                0x00001ff4                __aeabi_f2d
                0x00001ff4                __extendsfdf2
                0x00002038                __floatundidf
                0x00002038                __aeabi_ul2d
                0x00002048                __floatdidf
                0x00002048                __aeabi_l2d
 .text          0x000020a4      0x21c C:/nxp/MCUXpressoIDE_24.12.148/ide/plugins/com.nxp.mcuxpresso.tools.win32_24.12.0.202407110909/tools/bin/../lib/gcc/arm-none-eabi/13.2.1/thumb/v7-m/nofp\libgcc.a(_arm_addsubsf3.o)
                0x000020a4                __aeabi_frsub
                0x000020ac                __subsf3
                0x000020ac                __aeabi_fsub
                0x000020b0                __aeabi_fadd
                0x000020b0                __addsf3
                0x00002210                __aeabi_ui2f
                0x00002210                __floatunsisf
                0x00002218                __aeabi_i2f
                0x00002218                __floatsisf
                0x00002234                __aeabi_ul2f
                0x00002234                __floatundisf
                0x00002244                __aeabi_l2f
                0x00002244                __floatdisf
 .text          0x000022c0      0x2a0 C:/nxp/MCUXpressoIDE_24.12.148/ide/plugins/com.nxp.mcuxpresso.tools.win32_24.12.0.202407110909/tools/bin/../lib/gcc/arm-none-eabi/13.2.1/thumb/v7-m/nofp\libgcc.a(_arm_muldivsf3.o)
                0x000022c0                __mulsf3
                0x000022c0                __aeabi_fmul
                0x00002428                __aeabi_fdiv
                0x00002428                __divsf3
 .text          0x00002560       0xec C:/nxp/MCUXpressoIDE_24.12.148/ide/plugins/com.nxp.mcuxpresso.tools.win32_24.12.0.202407110909/tools/bin/../lib/gcc/arm-none-eabi/13.2.1/thumb/v7-m/nofp\libgcc.a(_arm_cmpsf2.o)
                0x00002560                __gesf2
                0x00002560                __gtsf2
                0x00002568                __lesf2
                0x00002568                __ltsf2
                0x00002570                __nesf2
                0x00002570                __eqsf2
                0x00002570                __cmpsf2
                0x000025d0                __aeabi_cfrcmple
                0x000025d8                __aeabi_cfcmpeq
                0x000025d8                __aeabi_cfcmple
                0x000025e8                __aeabi_fcmpeq
                0x000025fc                __aeabi_fcmplt
                0x00002610                __aeabi_fcmple
                0x00002624                __aeabi_fcmpge
                0x00002638                __aeabi_fcmpgt
 .text          0x0000264c       0x30 C:/nxp/MCUXpressoIDE_24.12.148/ide/plugins/com.nxp.mcuxpresso.tools.win32_24.12.0.202407110909/tools/bin/../lib/gcc/arm-none-eabi/13.2.1/thumb/v7-m/nofp\libgcc.a(_aeabi_uldivmod.o)
                0x0000264c                __aeabi_uldivmod
 .text.__udivmoddi4
                0x0000267c      0x2b4 C:/nxp/MCUXpressoIDE_24.12.148/ide/plugins/com.nxp.mcuxpresso.tools.win32_24.12.0.202407110909/tools/bin/../lib/gcc/arm-none-eabi/13.2.1/thumb/v7-m/nofp\libgcc.a(_udivmoddi4.o)
                0x0000267c                __udivmoddi4
 .text          0x00002930        0x4 C:/nxp/MCUXpressoIDE_24.12.148/ide/plugins/com.nxp.mcuxpresso.tools.win32_24.12.0.202407110909/tools/bin/../lib/gcc/arm-none-eabi/13.2.1/thumb/v7-m/nofp\libgcc.a(_dvmd_tls.o)
                0x00002930                __aeabi_idiv0
                0x00002930                __aeabi_ldiv0
 .text.printf   0x00002934       0x28 C:/nxp/MCUXpressoIDE_24.12.148/ide/plugins/com.nxp.mcuxpresso.tools.win32_24.12.0.202407110909/tools/bin/../lib/gcc/arm-none-eabi/13.2.1/thumb/v7-m/nofp\libc.a(libc_a-printf.o)
                0x00002934                printf
 .text.sprintf  0x0000295c       0x44 C:/nxp/MCUXpressoIDE_24.12.148/ide/plugins/com.nxp.mcuxpresso.tools.win32_24.12.0.202407110909/tools/bin/../lib/gcc/arm-none-eabi/13.2.1/thumb/v7-m/nofp\libc.a(libc_a-sprintf.o)
                0x0000295c                sprintf
 .text.memset   0x000029a0       0xa0 C:/nxp/MCUXpressoIDE_24.12.148/ide/plugins/com.nxp.mcuxpresso.tools.win32_24.12.0.202407110909/tools/bin/../lib/gcc/arm-none-eabi/13.2.1/thumb/v7-m/nofp\libc.a(libc_a-memset.o)
                0x000029a0                memset
 .text._svfprintf_r
                0x00002a40     0x1b2c C:/nxp/MCUXpressoIDE_24.12.148/ide/plugins/com.nxp.mcuxpresso.tools.win32_24.12.0.202407110909/tools/bin/../lib/gcc/arm-none-eabi/13.2.1/thumb/v7-m/nofp\libc.a(libc_a-svfprintf.o)
                0x00002a40                _svfprintf_r
 .text._vfprintf_r
                0x0000456c     0x1bf0 C:/nxp/MCUXpressoIDE_24.12.148/ide/plugins/com.nxp.mcuxpresso.tools.win32_24.12.0.202407110909/tools/bin/../lib/gcc/arm-none-eabi/13.2.1/thumb/v7-m/nofp\libc.a(libc_a-vfprintf.o)
                0x0000456c                _vfprintf_r
 .text.__sbprintf
                0x0000615c       0x80 C:/nxp/MCUXpressoIDE_24.12.148/ide/plugins/com.nxp.mcuxpresso.tools.win32_24.12.0.202407110909/tools/bin/../lib/gcc/arm-none-eabi/13.2.1/thumb/v7-m/nofp\libc.a(libc_a-vfprintf.o)
 .text.__sprint_r.part.0
                0x000061dc       0x78 C:/nxp/MCUXpressoIDE_24.12.148/ide/plugins/com.nxp.mcuxpresso.tools.win32_24.12.0.202407110909/tools/bin/../lib/gcc/arm-none-eabi/13.2.1/thumb/v7-m/nofp\libc.a(libc_a-vfiprintf.o)
 .text.__sprint_r
                0x00006254       0x14 C:/nxp/MCUXpressoIDE_24.12.148/ide/plugins/com.nxp.mcuxpresso.tools.win32_24.12.0.202407110909/tools/bin/../lib/gcc/arm-none-eabi/13.2.1/thumb/v7-m/nofp\libc.a(libc_a-vfiprintf.o)
                0x00006254                __sprint_r
 .text._vfiprintf_r
                0x00006268      0xfe8 C:/nxp/MCUXpressoIDE_24.12.148/ide/plugins/com.nxp.mcuxpresso.tools.win32_24.12.0.202407110909/tools/bin/../lib/gcc/arm-none-eabi/13.2.1/thumb/v7-m/nofp\libc.a(libc_a-vfiprintf.o)
                0x00006268                _vfiprintf_r
 .text.__sbprintf
                0x00007250       0x80 C:/nxp/MCUXpressoIDE_24.12.148/ide/plugins/com.nxp.mcuxpresso.tools.win32_24.12.0.202407110909/tools/bin/../lib/gcc/arm-none-eabi/13.2.1/thumb/v7-m/nofp\libc.a(libc_a-vfiprintf.o)
 .text.__sflush_r
                0x000072d0      0x128 C:/nxp/MCUXpressoIDE_24.12.148/ide/plugins/com.nxp.mcuxpresso.tools.win32_24.12.0.202407110909/tools/bin/../lib/gcc/arm-none-eabi/13.2.1/thumb/v7-m/nofp\libc.a(libc_a-fflush.o)
                0x000072d0                __sflush_r
 .text._fflush_r
                0x000073f8       0x54 C:/nxp/MCUXpressoIDE_24.12.148/ide/plugins/com.nxp.mcuxpresso.tools.win32_24.12.0.202407110909/tools/bin/../lib/gcc/arm-none-eabi/13.2.1/thumb/v7-m/nofp\libc.a(libc_a-fflush.o)
                0x000073f8                _fflush_r
 .text.stdio_exit_handler
                0x0000744c       0x18 C:/nxp/MCUXpressoIDE_24.12.148/ide/plugins/com.nxp.mcuxpresso.tools.win32_24.12.0.202407110909/tools/bin/../lib/gcc/arm-none-eabi/13.2.1/thumb/v7-m/nofp\libc.a(libc_a-findfp.o)
 .text.cleanup_stdio
                0x00007464       0x40 C:/nxp/MCUXpressoIDE_24.12.148/ide/plugins/com.nxp.mcuxpresso.tools.win32_24.12.0.202407110909/tools/bin/../lib/gcc/arm-none-eabi/13.2.1/thumb/v7-m/nofp\libc.a(libc_a-findfp.o)
 .text.global_stdio_init.part.0
                0x000074a4       0xf0 C:/nxp/MCUXpressoIDE_24.12.148/ide/plugins/com.nxp.mcuxpresso.tools.win32_24.12.0.202407110909/tools/bin/../lib/gcc/arm-none-eabi/13.2.1/thumb/v7-m/nofp\libc.a(libc_a-findfp.o)
 .text.__sinit  0x00007594       0x3c C:/nxp/MCUXpressoIDE_24.12.148/ide/plugins/com.nxp.mcuxpresso.tools.win32_24.12.0.202407110909/tools/bin/../lib/gcc/arm-none-eabi/13.2.1/thumb/v7-m/nofp\libc.a(libc_a-findfp.o)
                0x00007594                __sinit
 .text.__sfp_lock_acquire
                0x000075d0        0xc C:/nxp/MCUXpressoIDE_24.12.148/ide/plugins/com.nxp.mcuxpresso.tools.win32_24.12.0.202407110909/tools/bin/../lib/gcc/arm-none-eabi/13.2.1/thumb/v7-m/nofp\libc.a(libc_a-findfp.o)
                0x000075d0                __sfp_lock_acquire
 .text.__sfp_lock_release
                0x000075dc        0xc C:/nxp/MCUXpressoIDE_24.12.148/ide/plugins/com.nxp.mcuxpresso.tools.win32_24.12.0.202407110909/tools/bin/../lib/gcc/arm-none-eabi/13.2.1/thumb/v7-m/nofp\libc.a(libc_a-findfp.o)
                0x000075dc                __sfp_lock_release
 .text.__sfvwrite_r
                0x000075e8      0x2ec C:/nxp/MCUXpressoIDE_24.12.148/ide/plugins/com.nxp.mcuxpresso.tools.win32_24.12.0.202407110909/tools/bin/../lib/gcc/arm-none-eabi/13.2.1/thumb/v7-m/nofp\libc.a(libc_a-fvwrite.o)
                0x000075e8                __sfvwrite_r
 .text._fwalk_sglue
                0x000078d4       0x44 C:/nxp/MCUXpressoIDE_24.12.148/ide/plugins/com.nxp.mcuxpresso.tools.win32_24.12.0.202407110909/tools/bin/../lib/gcc/arm-none-eabi/13.2.1/thumb/v7-m/nofp\libc.a(libc_a-fwalk.o)
                0x000078d4                _fwalk_sglue
 .text.__sread  0x00007918       0x24 C:/nxp/MCUXpressoIDE_24.12.148/ide/plugins/com.nxp.mcuxpresso.tools.win32_24.12.0.202407110909/tools/bin/../lib/gcc/arm-none-eabi/13.2.1/thumb/v7-m/nofp\libc.a(libc_a-stdio.o)
                0x00007918                __sread
 .text.__swrite
                0x0000793c       0x40 C:/nxp/MCUXpressoIDE_24.12.148/ide/plugins/com.nxp.mcuxpresso.tools.win32_24.12.0.202407110909/tools/bin/../lib/gcc/arm-none-eabi/13.2.1/thumb/v7-m/nofp\libc.a(libc_a-stdio.o)
                0x0000793c                __swrite
 .text.__sseek  0x0000797c       0x24 C:/nxp/MCUXpressoIDE_24.12.148/ide/plugins/com.nxp.mcuxpresso.tools.win32_24.12.0.202407110909/tools/bin/../lib/gcc/arm-none-eabi/13.2.1/thumb/v7-m/nofp\libc.a(libc_a-stdio.o)
                0x0000797c                __sseek
 .text.__sclose
                0x000079a0        0x8 C:/nxp/MCUXpressoIDE_24.12.148/ide/plugins/com.nxp.mcuxpresso.tools.win32_24.12.0.202407110909/tools/bin/../lib/gcc/arm-none-eabi/13.2.1/thumb/v7-m/nofp\libc.a(libc_a-stdio.o)
                0x000079a0                __sclose
 .text.__swsetup_r
                0x000079a8       0xc4 C:/nxp/MCUXpressoIDE_24.12.148/ide/plugins/com.nxp.mcuxpresso.tools.win32_24.12.0.202407110909/tools/bin/../lib/gcc/arm-none-eabi/13.2.1/thumb/v7-m/nofp\libc.a(libc_a-wsetup.o)
                0x000079a8                __swsetup_r
 .text.__fputwc
                0x00007a6c       0x7c C:/nxp/MCUXpressoIDE_24.12.148/ide/plugins/com.nxp.mcuxpresso.tools.win32_24.12.0.202407110909/tools/bin/../lib/gcc/arm-none-eabi/13.2.1/thumb/v7-m/nofp\libc.a(libc_a-fputwc.o)
                0x00007a6c                __fputwc
 .text._fputwc_r
                0x00007ae8       0x60 C:/nxp/MCUXpressoIDE_24.12.148/ide/plugins/com.nxp.mcuxpresso.tools.win32_24.12.0.202407110909/tools/bin/../lib/gcc/arm-none-eabi/13.2.1/thumb/v7-m/nofp\libc.a(libc_a-fputwc.o)
                0x00007ae8                _fputwc_r
 .text.memmove  0x00007b48       0xfc C:/nxp/MCUXpressoIDE_24.12.148/ide/plugins/com.nxp.mcuxpresso.tools.win32_24.12.0.202407110909/tools/bin/../lib/gcc/arm-none-eabi/13.2.1/thumb/v7-m/nofp\libc.a(libc_a-memmove.o)
                0x00007b48                memmove
 .text.strncpy  0x00007c44       0x6c C:/nxp/MCUXpressoIDE_24.12.148/ide/plugins/com.nxp.mcuxpresso.tools.win32_24.12.0.202407110909/tools/bin/../lib/gcc/arm-none-eabi/13.2.1/thumb/v7-m/nofp\libc.a(libc_a-strncpy.o)
                0x00007c44                strncpy
 .text.__locale_mb_cur_max
                0x00007cb0        0xc C:/nxp/MCUXpressoIDE_24.12.148/ide/plugins/com.nxp.mcuxpresso.tools.win32_24.12.0.202407110909/tools/bin/../lib/gcc/arm-none-eabi/13.2.1/thumb/v7-m/nofp\libc.a(libc_a-locale.o)
                0x00007cb0                __locale_mb_cur_max
 .text._localeconv_r
                0x00007cbc        0x8 C:/nxp/MCUXpressoIDE_24.12.148/ide/plugins/com.nxp.mcuxpresso.tools.win32_24.12.0.202407110909/tools/bin/../lib/gcc/arm-none-eabi/13.2.1/thumb/v7-m/nofp\libc.a(libc_a-localeconv.o)
                0x00007cbc                _localeconv_r
 .text._close_r
                0x00007cc4       0x24 C:/nxp/MCUXpressoIDE_24.12.148/ide/plugins/com.nxp.mcuxpresso.tools.win32_24.12.0.202407110909/tools/bin/../lib/gcc/arm-none-eabi/13.2.1/thumb/v7-m/nofp\libc.a(libc_a-closer.o)
                0x00007cc4                _close_r
 .text._lseek_r
                0x00007ce8       0x2c C:/nxp/MCUXpressoIDE_24.12.148/ide/plugins/com.nxp.mcuxpresso.tools.win32_24.12.0.202407110909/tools/bin/../lib/gcc/arm-none-eabi/13.2.1/thumb/v7-m/nofp\libc.a(libc_a-lseekr.o)
                0x00007ce8                _lseek_r
 .text._read_r  0x00007d14       0x2c C:/nxp/MCUXpressoIDE_24.12.148/ide/plugins/com.nxp.mcuxpresso.tools.win32_24.12.0.202407110909/tools/bin/../lib/gcc/arm-none-eabi/13.2.1/thumb/v7-m/nofp\libc.a(libc_a-readr.o)
                0x00007d14                _read_r
 .text._write_r
                0x00007d40       0x2c C:/nxp/MCUXpressoIDE_24.12.148/ide/plugins/com.nxp.mcuxpresso.tools.win32_24.12.0.202407110909/tools/bin/../lib/gcc/arm-none-eabi/13.2.1/thumb/v7-m/nofp\libc.a(libc_a-writer.o)
                0x00007d40                _write_r
 .text.__retarget_lock_init_recursive
                0x00007d6c        0x4 C:/nxp/MCUXpressoIDE_24.12.148/ide/plugins/com.nxp.mcuxpresso.tools.win32_24.12.0.202407110909/tools/bin/../lib/gcc/arm-none-eabi/13.2.1/thumb/v7-m/nofp\libc.a(libc_a-lock.o)
                0x00007d6c                __retarget_lock_init_recursive
 .text.__retarget_lock_close_recursive
                0x00007d70        0x4 C:/nxp/MCUXpressoIDE_24.12.148/ide/plugins/com.nxp.mcuxpresso.tools.win32_24.12.0.202407110909/tools/bin/../lib/gcc/arm-none-eabi/13.2.1/thumb/v7-m/nofp\libc.a(libc_a-lock.o)
                0x00007d70                __retarget_lock_close_recursive
 .text.__retarget_lock_acquire_recursive
                0x00007d74        0x4 C:/nxp/MCUXpressoIDE_24.12.148/ide/plugins/com.nxp.mcuxpresso.tools.win32_24.12.0.202407110909/tools/bin/../lib/gcc/arm-none-eabi/13.2.1/thumb/v7-m/nofp\libc.a(libc_a-lock.o)
                0x00007d74                __retarget_lock_acquire_recursive
 .text.__retarget_lock_release_recursive
                0x00007d78        0x4 C:/nxp/MCUXpressoIDE_24.12.148/ide/plugins/com.nxp.mcuxpresso.tools.win32_24.12.0.202407110909/tools/bin/../lib/gcc/arm-none-eabi/13.2.1/thumb/v7-m/nofp\libc.a(libc_a-lock.o)
                0x00007d78                __retarget_lock_release_recursive
 .text.memchr   0x00007d7c       0x98 C:/nxp/MCUXpressoIDE_24.12.148/ide/plugins/com.nxp.mcuxpresso.tools.win32_24.12.0.202407110909/tools/bin/../lib/gcc/arm-none-eabi/13.2.1/thumb/v7-m/nofp\libc.a(libc_a-memchr-stub.o)
                0x00007d7c                memchr
 .text          0x00007e14       0xec C:/nxp/MCUXpressoIDE_24.12.148/ide/plugins/com.nxp.mcuxpresso.tools.win32_24.12.0.202407110909/tools/bin/../lib/gcc/arm-none-eabi/13.2.1/thumb/v7-m/nofp\libc.a(libc_a-memcpy.o)
                0x00007e14                memcpy
 .text.strlen   0x00007f00       0x5c C:/nxp/MCUXpressoIDE_24.12.148/ide/plugins/com.nxp.mcuxpresso.tools.win32_24.12.0.202407110909/tools/bin/../lib/gcc/arm-none-eabi/13.2.1/thumb/v7-m/nofp\libc.a(libc_a-strlen-stub.o)
                0x00007f00                strlen
 .text.frexp    0x00007f5c       0x6c C:/nxp/MCUXpressoIDE_24.12.148/ide/plugins/com.nxp.mcuxpresso.tools.win32_24.12.0.202407110909/tools/bin/../lib/gcc/arm-none-eabi/13.2.1/thumb/v7-m/nofp\libc.a(libm_a-s_frexp.o)
                0x00007f5c                frexp
 .text.quorem   0x00007fc8      0x13c C:/nxp/MCUXpressoIDE_24.12.148/ide/plugins/com.nxp.mcuxpresso.tools.win32_24.12.0.202407110909/tools/bin/../lib/gcc/arm-none-eabi/13.2.1/thumb/v7-m/nofp\libc.a(libc_a-dtoa.o)
 *fill*         0x00008104        0x4 ff
 .text._dtoa_r  0x00008108      0xe94 C:/nxp/MCUXpressoIDE_24.12.148/ide/plugins/com.nxp.mcuxpresso.tools.win32_24.12.0.202407110909/tools/bin/../lib/gcc/arm-none-eabi/13.2.1/thumb/v7-m/nofp\libc.a(libc_a-dtoa.o)
                0x00008108                _dtoa_r
 .text._malloc_trim_r
                0x00008f9c       0xb8 C:/nxp/MCUXpressoIDE_24.12.148/ide/plugins/com.nxp.mcuxpresso.tools.win32_24.12.0.202407110909/tools/bin/../lib/gcc/arm-none-eabi/13.2.1/thumb/v7-m/nofp\libc.a(libc_a-freer.o)
                0x00008f9c                _malloc_trim_r
 .text._free_r  0x00009054      0x1f8 C:/nxp/MCUXpressoIDE_24.12.148/ide/plugins/com.nxp.mcuxpresso.tools.win32_24.12.0.202407110909/tools/bin/../lib/gcc/arm-none-eabi/13.2.1/thumb/v7-m/nofp\libc.a(libc_a-freer.o)
                0x00009054                _free_r
 .text._malloc_r
                0x0000924c      0x568 C:/nxp/MCUXpressoIDE_24.12.148/ide/plugins/com.nxp.mcuxpresso.tools.win32_24.12.0.202407110909/tools/bin/../lib/gcc/arm-none-eabi/13.2.1/thumb/v7-m/nofp\libc.a(libc_a-mallocr.o)
                0x0000924c                _malloc_r
 .text.__ascii_mbtowc
                0x000097b4       0x2c C:/nxp/MCUXpressoIDE_24.12.148/ide/plugins/com.nxp.mcuxpresso.tools.win32_24.12.0.202407110909/tools/bin/../lib/gcc/arm-none-eabi/13.2.1/thumb/v7-m/nofp\libc.a(libc_a-mbtowc_r.o)
                0x000097b4                __ascii_mbtowc
 .text.__malloc_lock
                0x000097e0        0xc C:/nxp/MCUXpressoIDE_24.12.148/ide/plugins/com.nxp.mcuxpresso.tools.win32_24.12.0.202407110909/tools/bin/../lib/gcc/arm-none-eabi/13.2.1/thumb/v7-m/nofp\libc.a(libc_a-mlock.o)
                0x000097e0                __malloc_lock
 .text.__malloc_unlock
                0x000097ec        0xc C:/nxp/MCUXpressoIDE_24.12.148/ide/plugins/com.nxp.mcuxpresso.tools.win32_24.12.0.202407110909/tools/bin/../lib/gcc/arm-none-eabi/13.2.1/thumb/v7-m/nofp\libc.a(libc_a-mlock.o)
                0x000097ec                __malloc_unlock
 .text._Balloc  0x000097f8       0x4c C:/nxp/MCUXpressoIDE_24.12.148/ide/plugins/com.nxp.mcuxpresso.tools.win32_24.12.0.202407110909/tools/bin/../lib/gcc/arm-none-eabi/13.2.1/thumb/v7-m/nofp\libc.a(libc_a-mprec.o)
                0x000097f8                _Balloc
 .text._Bfree   0x00009844       0x14 C:/nxp/MCUXpressoIDE_24.12.148/ide/plugins/com.nxp.mcuxpresso.tools.win32_24.12.0.202407110909/tools/bin/../lib/gcc/arm-none-eabi/13.2.1/thumb/v7-m/nofp\libc.a(libc_a-mprec.o)
                0x00009844                _Bfree
 .text.__multadd
                0x00009858       0xa4 C:/nxp/MCUXpressoIDE_24.12.148/ide/plugins/com.nxp.mcuxpresso.tools.win32_24.12.0.202407110909/tools/bin/../lib/gcc/arm-none-eabi/13.2.1/thumb/v7-m/nofp\libc.a(libc_a-mprec.o)
                0x00009858                __multadd
 .text.__hi0bits
                0x000098fc       0x44 C:/nxp/MCUXpressoIDE_24.12.148/ide/plugins/com.nxp.mcuxpresso.tools.win32_24.12.0.202407110909/tools/bin/../lib/gcc/arm-none-eabi/13.2.1/thumb/v7-m/nofp\libc.a(libc_a-mprec.o)
                0x000098fc                __hi0bits
 .text.__lo0bits
                0x00009940       0x5c C:/nxp/MCUXpressoIDE_24.12.148/ide/plugins/com.nxp.mcuxpresso.tools.win32_24.12.0.202407110909/tools/bin/../lib/gcc/arm-none-eabi/13.2.1/thumb/v7-m/nofp\libc.a(libc_a-mprec.o)
                0x00009940                __lo0bits
 .text.__i2b    0x0000999c       0x5c C:/nxp/MCUXpressoIDE_24.12.148/ide/plugins/com.nxp.mcuxpresso.tools.win32_24.12.0.202407110909/tools/bin/../lib/gcc/arm-none-eabi/13.2.1/thumb/v7-m/nofp\libc.a(libc_a-mprec.o)
                0x0000999c                __i2b
 .text.__multiply
                0x000099f8      0x164 C:/nxp/MCUXpressoIDE_24.12.148/ide/plugins/com.nxp.mcuxpresso.tools.win32_24.12.0.202407110909/tools/bin/../lib/gcc/arm-none-eabi/13.2.1/thumb/v7-m/nofp\libc.a(libc_a-mprec.o)
                0x000099f8                __multiply
 .text.__pow5mult
                0x00009b5c       0xb4 C:/nxp/MCUXpressoIDE_24.12.148/ide/plugins/com.nxp.mcuxpresso.tools.win32_24.12.0.202407110909/tools/bin/../lib/gcc/arm-none-eabi/13.2.1/thumb/v7-m/nofp\libc.a(libc_a-mprec.o)
                0x00009b5c                __pow5mult
 .text.__lshift
                0x00009c10       0xec C:/nxp/MCUXpressoIDE_24.12.148/ide/plugins/com.nxp.mcuxpresso.tools.win32_24.12.0.202407110909/tools/bin/../lib/gcc/arm-none-eabi/13.2.1/thumb/v7-m/nofp\libc.a(libc_a-mprec.o)
                0x00009c10                __lshift
 .text.__mcmp   0x00009cfc       0x40 C:/nxp/MCUXpressoIDE_24.12.148/ide/plugins/com.nxp.mcuxpresso.tools.win32_24.12.0.202407110909/tools/bin/../lib/gcc/arm-none-eabi/13.2.1/thumb/v7-m/nofp\libc.a(libc_a-mprec.o)
                0x00009cfc                __mcmp
 .text.__mdiff  0x00009d3c      0x178 C:/nxp/MCUXpressoIDE_24.12.148/ide/plugins/com.nxp.mcuxpresso.tools.win32_24.12.0.202407110909/tools/bin/../lib/gcc/arm-none-eabi/13.2.1/thumb/v7-m/nofp\libc.a(libc_a-mprec.o)
                0x00009d3c                __mdiff
 .text.__d2b    0x00009eb4       0xbc C:/nxp/MCUXpressoIDE_24.12.148/ide/plugins/com.nxp.mcuxpresso.tools.win32_24.12.0.202407110909/tools/bin/../lib/gcc/arm-none-eabi/13.2.1/thumb/v7-m/nofp\libc.a(libc_a-mprec.o)
                0x00009eb4                __d2b
 .text._realloc_r
                0x00009f70      0x34c C:/nxp/MCUXpressoIDE_24.12.148/ide/plugins/com.nxp.mcuxpresso.tools.win32_24.12.0.202407110909/tools/bin/../lib/gcc/arm-none-eabi/13.2.1/thumb/v7-m/nofp\libc.a(libc_a-reallocr.o)
                0x00009f70                _realloc_r
 .text.__ascii_wctomb
                0x0000a2bc       0x1c C:/nxp/MCUXpressoIDE_24.12.148/ide/plugins/com.nxp.mcuxpresso.tools.win32_24.12.0.202407110909/tools/bin/../lib/gcc/arm-none-eabi/13.2.1/thumb/v7-m/nofp\libc.a(libc_a-wctomb_r.o)
                0x0000a2bc                __ascii_wctomb
 .text._wcrtomb_r
                0x0000a2d8       0x4c C:/nxp/MCUXpressoIDE_24.12.148/ide/plugins/com.nxp.mcuxpresso.tools.win32_24.12.0.202407110909/tools/bin/../lib/gcc/arm-none-eabi/13.2.1/thumb/v7-m/nofp\libc.a(libc_a-wcrtomb.o)
                0x0000a2d8                _wcrtomb_r
 .text._wcsrtombs_r
                0x0000a324       0x18 C:/nxp/MCUXpressoIDE_24.12.148/ide/plugins/com.nxp.mcuxpresso.tools.win32_24.12.0.202407110909/tools/bin/../lib/gcc/arm-none-eabi/13.2.1/thumb/v7-m/nofp\libc.a(libc_a-wcsrtombs.o)
                0x0000a324                _wcsrtombs_r
 .text.__ssprint_r
                0x0000a33c      0x110 C:/nxp/MCUXpressoIDE_24.12.148/ide/plugins/com.nxp.mcuxpresso.tools.win32_24.12.0.202407110909/tools/bin/../lib/gcc/arm-none-eabi/13.2.1/thumb/v7-m/nofp\libc.a(libc_a-svfiprintf.o)
                0x0000a33c                __ssprint_r
 .text._fclose_r
                0x0000a44c       0xc0 C:/nxp/MCUXpressoIDE_24.12.148/ide/plugins/com.nxp.mcuxpresso.tools.win32_24.12.0.202407110909/tools/bin/../lib/gcc/arm-none-eabi/13.2.1/thumb/v7-m/nofp\libc.a(libc_a-fclose.o)
                0x0000a44c                _fclose_r
 .text.__smakebuf_r
                0x0000a50c       0xdc C:/nxp/MCUXpressoIDE_24.12.148/ide/plugins/com.nxp.mcuxpresso.tools.win32_24.12.0.202407110909/tools/bin/../lib/gcc/arm-none-eabi/13.2.1/thumb/v7-m/nofp\libc.a(libc_a-makebuf.o)
                0x0000a50c                __smakebuf_r
 .text.__swbuf_r
                0x0000a5e8       0xac C:/nxp/MCUXpressoIDE_24.12.148/ide/plugins/com.nxp.mcuxpresso.tools.win32_24.12.0.202407110909/tools/bin/../lib/gcc/arm-none-eabi/13.2.1/thumb/v7-m/nofp\libc.a(libc_a-wbuf.o)
                0x0000a5e8                __swbuf_r
 .text._fstat_r
                0x0000a694       0x28 C:/nxp/MCUXpressoIDE_24.12.148/ide/plugins/com.nxp.mcuxpresso.tools.win32_24.12.0.202407110909/tools/bin/../lib/gcc/arm-none-eabi/13.2.1/thumb/v7-m/nofp\libc.a(libc_a-fstatr.o)
                0x0000a694                _fstat_r
 .text._isatty_r
                0x0000a6bc       0x24 C:/nxp/MCUXpressoIDE_24.12.148/ide/plugins/com.nxp.mcuxpresso.tools.win32_24.12.0.202407110909/tools/bin/../lib/gcc/arm-none-eabi/13.2.1/thumb/v7-m/nofp\libc.a(libc_a-isattyr.o)
                0x0000a6bc                _isatty_r
 .text._sbrk_r  0x0000a6e0       0x24 C:/nxp/MCUXpressoIDE_24.12.148/ide/plugins/com.nxp.mcuxpresso.tools.win32_24.12.0.202407110909/tools/bin/../lib/gcc/arm-none-eabi/13.2.1/thumb/v7-m/nofp\libc.a(libc_a-sbrkr.o)
                0x0000a6e0                _sbrk_r
 .text.__errno  0x0000a704        0xc C:/nxp/MCUXpressoIDE_24.12.148/ide/plugins/com.nxp.mcuxpresso.tools.win32_24.12.0.202407110909/tools/bin/../lib/gcc/arm-none-eabi/13.2.1/thumb/v7-m/nofp\libc.a(libc_a-errno.o)
                0x0000a704                __errno
 .text.sysconf  0x0000a710       0x1c C:/nxp/MCUXpressoIDE_24.12.148/ide/plugins/com.nxp.mcuxpresso.tools.win32_24.12.0.202407110909/tools/bin/../lib/gcc/arm-none-eabi/13.2.1/thumb/v7-m/nofp\libc.a(libc_a-sysconf.o)
                0x0000a710                sysconf
 .text.__assert_func
                0x0000a72c       0x40 C:/nxp/MCUXpressoIDE_24.12.148/ide/plugins/com.nxp.mcuxpresso.tools.win32_24.12.0.202407110909/tools/bin/../lib/gcc/arm-none-eabi/13.2.1/thumb/v7-m/nofp\libc.a(libc_a-assert.o)
                0x0000a72c                __assert_func
 .text._calloc_r
                0x0000a76c       0x6c C:/nxp/MCUXpressoIDE_24.12.148/ide/plugins/com.nxp.mcuxpresso.tools.win32_24.12.0.202407110909/tools/bin/../lib/gcc/arm-none-eabi/13.2.1/thumb/v7-m/nofp\libc.a(libc_a-callocr.o)
                0x0000a76c                _calloc_r
 .text._wcsnrtombs_l
                0x0000a7d8       0xec C:/nxp/MCUXpressoIDE_24.12.148/ide/plugins/com.nxp.mcuxpresso.tools.win32_24.12.0.202407110909/tools/bin/../lib/gcc/arm-none-eabi/13.2.1/thumb/v7-m/nofp\libc.a(libc_a-wcsnrtombs.o)
                0x0000a7d8                _wcsnrtombs_l
 .text._wcsnrtombs_r
                0x0000a8c4       0x24 C:/nxp/MCUXpressoIDE_24.12.148/ide/plugins/com.nxp.mcuxpresso.tools.win32_24.12.0.202407110909/tools/bin/../lib/gcc/arm-none-eabi/13.2.1/thumb/v7-m/nofp\libc.a(libc_a-wcsnrtombs.o)
                0x0000a8c4                _wcsnrtombs_r
 .text.fiprintf
                0x0000a8e8       0x28 C:/nxp/MCUXpressoIDE_24.12.148/ide/plugins/com.nxp.mcuxpresso.tools.win32_24.12.0.202407110909/tools/bin/../lib/gcc/arm-none-eabi/13.2.1/thumb/v7-m/nofp\libc.a(libc_a-fiprintf.o)
                0x0000a8e8                fiprintf
 .text.abort    0x0000a910       0x10 C:/nxp/MCUXpressoIDE_24.12.148/ide/plugins/com.nxp.mcuxpresso.tools.win32_24.12.0.202407110909/tools/bin/../lib/gcc/arm-none-eabi/13.2.1/thumb/v7-m/nofp\libc.a(libc_a-abort.o)
                0x0000a910                abort
 .text.raise    0x0000a920       0x58 C:/nxp/MCUXpressoIDE_24.12.148/ide/plugins/com.nxp.mcuxpresso.tools.win32_24.12.0.202407110909/tools/bin/../lib/gcc/arm-none-eabi/13.2.1/thumb/v7-m/nofp\libc.a(libc_a-signal.o)
                0x0000a920                raise
 .text._kill_r  0x0000a978       0x28 C:/nxp/MCUXpressoIDE_24.12.148/ide/plugins/com.nxp.mcuxpresso.tools.win32_24.12.0.202407110909/tools/bin/../lib/gcc/arm-none-eabi/13.2.1/thumb/v7-m/nofp\libc.a(libc_a-signalr.o)
                0x0000a978                _kill_r
 .text._getpid_r
                0x0000a9a0        0x4 C:/nxp/MCUXpressoIDE_24.12.148/ide/plugins/com.nxp.mcuxpresso.tools.win32_24.12.0.202407110909/tools/bin/../lib/gcc/arm-none-eabi/13.2.1/thumb/v7-m/nofp\libc.a(libc_a-signalr.o)
                0x0000a9a0                _getpid_r
 .text._sbrk    0x0000a9a4       0x3c C:/nxp/MCUXpressoIDE_24.12.148/ide/plugins/com.nxp.mcuxpresso.tools.win32_24.12.0.202407110909/tools/bin/../lib/gcc/arm-none-eabi/13.2.1/../../../../arm-none-eabi/lib/thumb/v7-m/nofp\libcr_newlib_semihost.a(_cr_sbrk.o)
                0x0000a9a4                _sbrk
 .text._exit    0x0000a9e0        0x8 C:/nxp/MCUXpressoIDE_24.12.148/ide/plugins/com.nxp.mcuxpresso.tools.win32_24.12.0.202407110909/tools/bin/../lib/gcc/arm-none-eabi/13.2.1/../../../../arm-none-eabi/lib/thumb/v7-m/nofp\libcr_newlib_semihost.a(_exit.o)
                0x0000a9e0                _exit
 .text._kill    0x0000a9e8       0x20 C:/nxp/MCUXpressoIDE_24.12.148/ide/plugins/com.nxp.mcuxpresso.tools.win32_24.12.0.202407110909/tools/bin/../lib/gcc/arm-none-eabi/13.2.1/../../../../arm-none-eabi/lib/thumb/v7-m/nofp\libcr_newlib_semihost.a(_kill.o)
                0x0000a9e8                _kill
 .text.error    0x0000aa08       0x1c C:/nxp/MCUXpressoIDE_24.12.148/ide/plugins/com.nxp.mcuxpresso.tools.win32_24.12.0.202407110909/tools/bin/../lib/gcc/arm-none-eabi/13.2.1/../../../../arm-none-eabi/lib/thumb/v7-m/nofp\libcr_newlib_semihost.a(syscalls.o)
 .text.initialise_monitor_handles.part.0
                0x0000aa24       0xa4 C:/nxp/MCUXpressoIDE_24.12.148/ide/plugins/com.nxp.mcuxpresso.tools.win32_24.12.0.202407110909/tools/bin/../lib/gcc/arm-none-eabi/13.2.1/../../../../arm-none-eabi/lib/thumb/v7-m/nofp\libcr_newlib_semihost.a(syscalls.o)
 .text.findslot
                0x0000aac8       0x30 C:/nxp/MCUXpressoIDE_24.12.148/ide/plugins/com.nxp.mcuxpresso.tools.win32_24.12.0.202407110909/tools/bin/../lib/gcc/arm-none-eabi/13.2.1/../../../../arm-none-eabi/lib/thumb/v7-m/nofp\libcr_newlib_semihost.a(syscalls.o)
 .text.checkerror
                0x0000aaf8        0xa C:/nxp/MCUXpressoIDE_24.12.148/ide/plugins/com.nxp.mcuxpresso.tools.win32_24.12.0.202407110909/tools/bin/../lib/gcc/arm-none-eabi/13.2.1/../../../../arm-none-eabi/lib/thumb/v7-m/nofp\libcr_newlib_semihost.a(syscalls.o)
 .text._swiread
                0x0000ab02       0x20 C:/nxp/MCUXpressoIDE_24.12.148/ide/plugins/com.nxp.mcuxpresso.tools.win32_24.12.0.202407110909/tools/bin/../lib/gcc/arm-none-eabi/13.2.1/../../../../arm-none-eabi/lib/thumb/v7-m/nofp\libcr_newlib_semihost.a(syscalls.o)
                0x0000ab02                _swiread
 .text._read    0x0000ab22       0x34 C:/nxp/MCUXpressoIDE_24.12.148/ide/plugins/com.nxp.mcuxpresso.tools.win32_24.12.0.202407110909/tools/bin/../lib/gcc/arm-none-eabi/13.2.1/../../../../arm-none-eabi/lib/thumb/v7-m/nofp\libcr_newlib_semihost.a(syscalls.o)
                0x0000ab22                _read
 .text._swilseek
                0x0000ab56       0x78 C:/nxp/MCUXpressoIDE_24.12.148/ide/plugins/com.nxp.mcuxpresso.tools.win32_24.12.0.202407110909/tools/bin/../lib/gcc/arm-none-eabi/13.2.1/../../../../arm-none-eabi/lib/thumb/v7-m/nofp\libcr_newlib_semihost.a(syscalls.o)
                0x0000ab56                _swilseek
 .text._lseek   0x0000abce        0x4 C:/nxp/MCUXpressoIDE_24.12.148/ide/plugins/com.nxp.mcuxpresso.tools.win32_24.12.0.202407110909/tools/bin/../lib/gcc/arm-none-eabi/13.2.1/../../../../arm-none-eabi/lib/thumb/v7-m/nofp\libcr_newlib_semihost.a(syscalls.o)
                0x0000abce                _lseek
 .text._swiwrite
                0x0000abd2       0x20 C:/nxp/MCUXpressoIDE_24.12.148/ide/plugins/com.nxp.mcuxpresso.tools.win32_24.12.0.202407110909/tools/bin/../lib/gcc/arm-none-eabi/13.2.1/../../../../arm-none-eabi/lib/thumb/v7-m/nofp\libcr_newlib_semihost.a(syscalls.o)
                0x0000abd2                _swiwrite
 .text._write   0x0000abf2       0x40 C:/nxp/MCUXpressoIDE_24.12.148/ide/plugins/com.nxp.mcuxpresso.tools.win32_24.12.0.202407110909/tools/bin/../lib/gcc/arm-none-eabi/13.2.1/../../../../arm-none-eabi/lib/thumb/v7-m/nofp\libcr_newlib_semihost.a(syscalls.o)
                0x0000abf2                _write
 .text._swiclose
                0x0000ac32       0x1a C:/nxp/MCUXpressoIDE_24.12.148/ide/plugins/com.nxp.mcuxpresso.tools.win32_24.12.0.202407110909/tools/bin/../lib/gcc/arm-none-eabi/13.2.1/../../../../arm-none-eabi/lib/thumb/v7-m/nofp\libcr_newlib_semihost.a(syscalls.o)
                0x0000ac32                _swiclose
 .text._close   0x0000ac4c       0x4c C:/nxp/MCUXpressoIDE_24.12.148/ide/plugins/com.nxp.mcuxpresso.tools.win32_24.12.0.202407110909/tools/bin/../lib/gcc/arm-none-eabi/13.2.1/../../../../arm-none-eabi/lib/thumb/v7-m/nofp\libcr_newlib_semihost.a(syscalls.o)
                0x0000ac4c                _close
 .text._getpid  0x0000ac98        0x4 C:/nxp/MCUXpressoIDE_24.12.148/ide/plugins/com.nxp.mcuxpresso.tools.win32_24.12.0.202407110909/tools/bin/../lib/gcc/arm-none-eabi/13.2.1/../../../../arm-none-eabi/lib/thumb/v7-m/nofp\libcr_newlib_semihost.a(syscalls.o)
                0x0000ac98                _getpid
 .text._swistat
                0x0000ac9c       0x42 C:/nxp/MCUXpressoIDE_24.12.148/ide/plugins/com.nxp.mcuxpresso.tools.win32_24.12.0.202407110909/tools/bin/../lib/gcc/arm-none-eabi/13.2.1/../../../../arm-none-eabi/lib/thumb/v7-m/nofp\libcr_newlib_semihost.a(syscalls.o)
                0x0000ac9c                _swistat
 .text._fstat   0x0000acde       0x1c C:/nxp/MCUXpressoIDE_24.12.148/ide/plugins/com.nxp.mcuxpresso.tools.win32_24.12.0.202407110909/tools/bin/../lib/gcc/arm-none-eabi/13.2.1/../../../../arm-none-eabi/lib/thumb/v7-m/nofp\libcr_newlib_semihost.a(syscalls.o)
                0x0000acde                _fstat
 .text._isatty  0x0000acfa       0x2a C:/nxp/MCUXpressoIDE_24.12.148/ide/plugins/com.nxp.mcuxpresso.tools.win32_24.12.0.202407110909/tools/bin/../lib/gcc/arm-none-eabi/13.2.1/../../../../arm-none-eabi/lib/thumb/v7-m/nofp\libcr_newlib_semihost.a(syscalls.o)
                0x0000acfa                _isatty
 .text.__check_heap_overflow
                0x0000ad24       0x18 C:/nxp/MCUXpressoIDE_24.12.148/ide/plugins/com.nxp.mcuxpresso.tools.win32_24.12.0.202407110909/tools/bin/../lib/gcc/arm-none-eabi/13.2.1/../../../../arm-none-eabi/lib/thumb/v7-m/nofp\libcr_newlib_semihost.a(_cr_check_heap.o)
                0x0000ad24                __check_heap_overflow
 .text          0x0000ad3c      0x424 C:/nxp/MCUXpressoIDE_24.12.148/ide/plugins/com.nxp.mcuxpresso.tools.win32_24.12.0.202407110909/tools/bin/../lib/gcc/arm-none-eabi/13.2.1/thumb/v7-m/nofp\libgcc.a(_arm_muldivdf3.o)
                0x0000ad3c                __aeabi_dmul
                0x0000ad3c                __muldf3
                0x0000af90                __divdf3
                0x0000af90                __aeabi_ddiv
 .text          0x0000b160      0x110 C:/nxp/MCUXpressoIDE_24.12.148/ide/plugins/com.nxp.mcuxpresso.tools.win32_24.12.0.202407110909/tools/bin/../lib/gcc/arm-none-eabi/13.2.1/thumb/v7-m/nofp\libgcc.a(_arm_cmpdf2.o)
                0x0000b160                __gtdf2
                0x0000b160                __gedf2
                0x0000b168                __ltdf2
                0x0000b168                __ledf2
                0x0000b170                __nedf2
                0x0000b170                __eqdf2
                0x0000b170                __cmpdf2
                0x0000b1ec                __aeabi_cdrcmple
                0x0000b1fc                __aeabi_cdcmpeq
                0x0000b1fc                __aeabi_cdcmple
                0x0000b20c                __aeabi_dcmpeq
                0x0000b220                __aeabi_dcmplt
                0x0000b234                __aeabi_dcmple
                0x0000b248                __aeabi_dcmpge
                0x0000b25c                __aeabi_dcmpgt
 .text          0x0000b270       0x2c C:/nxp/MCUXpressoIDE_24.12.148/ide/plugins/com.nxp.mcuxpresso.tools.win32_24.12.0.202407110909/tools/bin/../lib/gcc/arm-none-eabi/13.2.1/thumb/v7-m/nofp\libgcc.a(_arm_unorddf2.o)
                0x0000b270                __unorddf2
                0x0000b270                __aeabi_dcmpun
 .text          0x0000b29c       0x50 C:/nxp/MCUXpressoIDE_24.12.148/ide/plugins/com.nxp.mcuxpresso.tools.win32_24.12.0.202407110909/tools/bin/../lib/gcc/arm-none-eabi/13.2.1/thumb/v7-m/nofp\libgcc.a(_arm_fixdfsi.o)
                0x0000b29c                __aeabi_d2iz
                0x0000b29c                __fixdfsi
 *(.rodata .rodata.* .constdata .constdata.*)
 .rodata.str1.1
                0x0000b2ec      0x1ef ./src/main.o
                                0x1bf (size before relaxing)
 .rodata        0x0000b4db        0x8 C:\Users\nikod\Downloads\E13_V7_final\E13_alarm_V3\Lib_EaBaseBoard\Release\libLib_EaBaseBoard.a(oled.o)
 .rodata        0x0000b4e3      0x300 C:\Users\nikod\Downloads\E13_V7_final\E13_alarm_V3\Lib_EaBaseBoard\Release\libLib_EaBaseBoard.a(font5x7.o)
                0x0000b4e3                font5x7
 .rodata.str1.1
                0x0000b7e3        0xe C:\Users\nikod\Downloads\E13_V7_final\E13_alarm_V3\Lib_MCU\Release\libLib_MCU.a(lpc17xx_i2c.o)
 .rodata.str1.1
                0x0000b7e3        0xe C:\Users\nikod\Downloads\E13_V7_final\E13_alarm_V3\Lib_MCU\Release\libLib_MCU.a(lpc17xx_ssp.o)
 .rodata.str1.1
                0x0000b7e3       0x10 C:\Users\nikod\Downloads\E13_V7_final\E13_alarm_V3\Lib_MCU\Release\libLib_MCU.a(lpc17xx_timer.o)
 .rodata        0x0000b7e3        0x4 C:\Users\nikod\Downloads\E13_V7_final\E13_alarm_V3\Lib_MCU\Release\libLib_MCU.a(lpc17xx_clkpwr.o)
 *fill*         0x0000b7e7        0x1 ff
 .rodata._svfprintf_r.str1.4
                0x0000b7e8      0x1a7 C:/nxp/MCUXpressoIDE_24.12.148/ide/plugins/com.nxp.mcuxpresso.tools.win32_24.12.0.202407110909/tools/bin/../lib/gcc/arm-none-eabi/13.2.1/thumb/v7-m/nofp\libc.a(libc_a-svfprintf.o)
                                 0x42 (size before relaxing)
 *fill*         0x0000b98f        0x1 ff
 .rodata.zeroes.0
                0x0000b990       0x10 C:/nxp/MCUXpressoIDE_24.12.148/ide/plugins/com.nxp.mcuxpresso.tools.win32_24.12.0.202407110909/tools/bin/../lib/gcc/arm-none-eabi/13.2.1/thumb/v7-m/nofp\libc.a(libc_a-svfprintf.o)
 .rodata.blanks.1
                0x0000b9a0       0x10 C:/nxp/MCUXpressoIDE_24.12.148/ide/plugins/com.nxp.mcuxpresso.tools.win32_24.12.0.202407110909/tools/bin/../lib/gcc/arm-none-eabi/13.2.1/thumb/v7-m/nofp\libc.a(libc_a-svfprintf.o)
 .rodata._vfprintf_r.str1.4
                0x0000b9b0       0x42 C:/nxp/MCUXpressoIDE_24.12.148/ide/plugins/com.nxp.mcuxpresso.tools.win32_24.12.0.202407110909/tools/bin/../lib/gcc/arm-none-eabi/13.2.1/thumb/v7-m/nofp\libc.a(libc_a-vfprintf.o)
 .rodata.zeroes.0
                0x0000b9b0       0x10 C:/nxp/MCUXpressoIDE_24.12.148/ide/plugins/com.nxp.mcuxpresso.tools.win32_24.12.0.202407110909/tools/bin/../lib/gcc/arm-none-eabi/13.2.1/thumb/v7-m/nofp\libc.a(libc_a-vfprintf.o)
 .rodata.blanks.1
                0x0000b9c0       0x10 C:/nxp/MCUXpressoIDE_24.12.148/ide/plugins/com.nxp.mcuxpresso.tools.win32_24.12.0.202407110909/tools/bin/../lib/gcc/arm-none-eabi/13.2.1/thumb/v7-m/nofp\libc.a(libc_a-vfprintf.o)
 .rodata._vfiprintf_r.str1.4
                0x0000b9d0       0x2f C:/nxp/MCUXpressoIDE_24.12.148/ide/plugins/com.nxp.mcuxpresso.tools.win32_24.12.0.202407110909/tools/bin/../lib/gcc/arm-none-eabi/13.2.1/thumb/v7-m/nofp\libc.a(libc_a-vfiprintf.o)
 .rodata.zeroes.0
                0x0000b9d0       0x10 C:/nxp/MCUXpressoIDE_24.12.148/ide/plugins/com.nxp.mcuxpresso.tools.win32_24.12.0.202407110909/tools/bin/../lib/gcc/arm-none-eabi/13.2.1/thumb/v7-m/nofp\libc.a(libc_a-vfiprintf.o)
 .rodata.blanks.1
                0x0000b9e0       0x10 C:/nxp/MCUXpressoIDE_24.12.148/ide/plugins/com.nxp.mcuxpresso.tools.win32_24.12.0.202407110909/tools/bin/../lib/gcc/arm-none-eabi/13.2.1/thumb/v7-m/nofp\libc.a(libc_a-vfiprintf.o)
 .rodata.str1.4
                0x0000b9f0       0x4c C:/nxp/MCUXpressoIDE_24.12.148/ide/plugins/com.nxp.mcuxpresso.tools.win32_24.12.0.202407110909/tools/bin/../lib/gcc/arm-none-eabi/13.2.1/thumb/v7-m/nofp\libc.a(libc_a-locale.o)
 .rodata._dtoa_r.str1.4
                0x0000b9f0       0x81 C:/nxp/MCUXpressoIDE_24.12.148/ide/plugins/com.nxp.mcuxpresso.tools.win32_24.12.0.202407110909/tools/bin/../lib/gcc/arm-none-eabi/13.2.1/thumb/v7-m/nofp\libc.a(libc_a-dtoa.o)
 .rodata.__multadd.str1.4
                0x0000b9f0       0x6e C:/nxp/MCUXpressoIDE_24.12.148/ide/plugins/com.nxp.mcuxpresso.tools.win32_24.12.0.202407110909/tools/bin/../lib/gcc/arm-none-eabi/13.2.1/thumb/v7-m/nofp\libc.a(libc_a-mprec.o)
 .rodata.p05.0  0x0000b9f0        0xc C:/nxp/MCUXpressoIDE_24.12.148/ide/plugins/com.nxp.mcuxpresso.tools.win32_24.12.0.202407110909/tools/bin/../lib/gcc/arm-none-eabi/13.2.1/thumb/v7-m/nofp\libc.a(libc_a-mprec.o)
 *fill*         0x0000b9fc        0x4 ff
 .rodata.__mprec_bigtens
                0x0000ba00       0x28 C:/nxp/MCUXpressoIDE_24.12.148/ide/plugins/com.nxp.mcuxpresso.tools.win32_24.12.0.202407110909/tools/bin/../lib/gcc/arm-none-eabi/13.2.1/thumb/v7-m/nofp\libc.a(libc_a-mprec.o)
                0x0000ba00                __mprec_bigtens
 .rodata.__mprec_tens
                0x0000ba28       0xc8 C:/nxp/MCUXpressoIDE_24.12.148/ide/plugins/com.nxp.mcuxpresso.tools.win32_24.12.0.202407110909/tools/bin/../lib/gcc/arm-none-eabi/13.2.1/thumb/v7-m/nofp\libc.a(libc_a-mprec.o)
                0x0000ba28                __mprec_tens
 .rodata._ctype_
                0x0000baf0      0x101 C:/nxp/MCUXpressoIDE_24.12.148/ide/plugins/com.nxp.mcuxpresso.tools.win32_24.12.0.202407110909/tools/bin/../lib/gcc/arm-none-eabi/13.2.1/thumb/v7-m/nofp\libc.a(libc_a-ctype_.o)
                0x0000baf0                _ctype_
 .rodata.__assert_func.str1.4
                0x0000bbf1       0x43 C:/nxp/MCUXpressoIDE_24.12.148/ide/plugins/com.nxp.mcuxpresso.tools.win32_24.12.0.202407110909/tools/bin/../lib/gcc/arm-none-eabi/13.2.1/thumb/v7-m/nofp\libc.a(libc_a-assert.o)
 .rodata.initialise_monitor_handles.part.0.str1.1
                0x0000bbf1        0x4 C:/nxp/MCUXpressoIDE_24.12.148/ide/plugins/com.nxp.mcuxpresso.tools.win32_24.12.0.202407110909/tools/bin/../lib/gcc/arm-none-eabi/13.2.1/../../../../arm-none-eabi/lib/thumb/v7-m/nofp\libcr_newlib_semihost.a(syscalls.o)
                0x0000bc34                        . = ALIGN (0x4)
 *fill*         0x0000bbf1        0x3 ff

.glue_7         0x0000bbf4        0x0
 .glue_7        0x0000bbf4        0x0 linker stubs

.glue_7t        0x0000bbf4        0x0
 .glue_7t       0x0000bbf4        0x0 linker stubs

.vfp11_veneer   0x0000bbf4        0x0
 .vfp11_veneer  0x0000bbf4        0x0 linker stubs

.v4_bx          0x0000bbf4        0x0
 .v4_bx         0x0000bbf4        0x0 linker stubs

.iplt           0x0000bbf4        0x0
 .iplt          0x0000bbf4        0x0 ./src/cr_startup_lpc17.o

.ARM.extab
 *(.ARM.extab* .gnu.linkonce.armextab.*)

.ARM.exidx      0x0000bbf4        0x8
                0x0000bbf4                        __exidx_start = .
 *(.ARM.exidx* .gnu.linkonce.armexidx.*)
 .ARM.exidx.text.__udivmoddi4
                0x0000bbf4        0x8 C:/nxp/MCUXpressoIDE_24.12.148/ide/plugins/com.nxp.mcuxpresso.tools.win32_24.12.0.202407110909/tools/bin/../lib/gcc/arm-none-eabi/13.2.1/thumb/v7-m/nofp\libgcc.a(_udivmoddi4.o)
 .ARM.exidx     0x0000bbfc        0x0 C:/nxp/MCUXpressoIDE_24.12.148/ide/plugins/com.nxp.mcuxpresso.tools.win32_24.12.0.202407110909/tools/bin/../lib/gcc/arm-none-eabi/13.2.1/thumb/v7-m/nofp\libc.a(libc_a-memcpy.o)
                                  0x8 (size before relaxing)
                0x0000bbfc                        __exidx_end = .
                0x0000bbfc                        _etext = .

.rel.dyn        0x0000bbfc        0x0
 .rel.iplt      0x0000bbfc        0x0 ./src/cr_startup_lpc17.o

.data_RAM2      0x2007c000        0x0 load address 0x0000bbfc
 FILL mask 0xff
                [!provide]                        PROVIDE (__start_data_RAM2 = .)
                [!provide]                        PROVIDE (__start_data_RamAHB32 = .)
 *(.ramfunc.$RAM2)
 *(.ramfunc.$RamAHB32)
 *(.data.$RAM2)
 *(.data.$RamAHB32)
 *(.data.$RAM2.*)
 *(.data.$RamAHB32.*)
                0x2007c000                        . = ALIGN (0x4)
                [!provide]                        PROVIDE (__end_data_RAM2 = .)
                [!provide]                        PROVIDE (__end_data_RamAHB32 = .)

.uninit_RESERVED
                0x10000000        0x0
                0x10000000                        _start_uninit_RESERVED = .
 *(.bss.$RESERVED*)
                0x10000000                        . = ALIGN (0x4)
                0x10000000                        _end_uninit_RESERVED = .

.data           0x10000000      0x6b8 load address 0x0000bbfc
 FILL mask 0xff
                0x10000000                        _data = .
                [!provide]                        PROVIDE (__start_data_RAM = .)
                [!provide]                        PROVIDE (__start_data_RamLoc32 = .)
 *(vtable)
 *(.ramfunc*)
 *(CodeQuickAccess)
 *(DataQuickAccess)
 *(RamFunction)
 *(.data*)
 .data          0x10000000        0x4 C:\Users\nikod\Downloads\E13_V7_final\E13_alarm_V3\Lib_CMSISv1p30_LPC17xx\Release\libCMSISv1p30_LPC17xx.a(system_LPC17xx.o)
                0x10000000                SystemCoreClock
 .data          0x10000004        0x8 C:\Users\nikod\Downloads\E13_V7_final\E13_alarm_V3\Lib_EaBaseBoard\Release\libLib_EaBaseBoard.a(light.o)
 .data._impure_ptr
                0x1000000c        0x4 C:/nxp/MCUXpressoIDE_24.12.148/ide/plugins/com.nxp.mcuxpresso.tools.win32_24.12.0.202407110909/tools/bin/../lib/gcc/arm-none-eabi/13.2.1/thumb/v7-m/nofp\libc.a(libc_a-impure.o)
                0x1000000c                _impure_ptr
 .data._impure_data
                0x10000010      0x120 C:/nxp/MCUXpressoIDE_24.12.148/ide/plugins/com.nxp.mcuxpresso.tools.win32_24.12.0.202407110909/tools/bin/../lib/gcc/arm-none-eabi/13.2.1/thumb/v7-m/nofp\libc.a(libc_a-impure.o)
                0x10000010                _impure_data
 .data.__sglue  0x10000130        0xc C:/nxp/MCUXpressoIDE_24.12.148/ide/plugins/com.nxp.mcuxpresso.tools.win32_24.12.0.202407110909/tools/bin/../lib/gcc/arm-none-eabi/13.2.1/thumb/v7-m/nofp\libc.a(libc_a-findfp.o)
                0x10000130                __sglue
 .data.__global_locale
                0x1000013c      0x16c C:/nxp/MCUXpressoIDE_24.12.148/ide/plugins/com.nxp.mcuxpresso.tools.win32_24.12.0.202407110909/tools/bin/../lib/gcc/arm-none-eabi/13.2.1/thumb/v7-m/nofp\libc.a(libc_a-locale.o)
                0x1000013c                __global_locale
 .data.__malloc_sbrk_base
                0x100002a8        0x4 C:/nxp/MCUXpressoIDE_24.12.148/ide/plugins/com.nxp.mcuxpresso.tools.win32_24.12.0.202407110909/tools/bin/../lib/gcc/arm-none-eabi/13.2.1/thumb/v7-m/nofp\libc.a(libc_a-mallocr.o)
                0x100002a8                __malloc_sbrk_base
 .data.__malloc_trim_threshold
                0x100002ac        0x4 C:/nxp/MCUXpressoIDE_24.12.148/ide/plugins/com.nxp.mcuxpresso.tools.win32_24.12.0.202407110909/tools/bin/../lib/gcc/arm-none-eabi/13.2.1/thumb/v7-m/nofp\libc.a(libc_a-mallocr.o)
                0x100002ac                __malloc_trim_threshold
 .data.__malloc_av_
                0x100002b0      0x408 C:/nxp/MCUXpressoIDE_24.12.148/ide/plugins/com.nxp.mcuxpresso.tools.win32_24.12.0.202407110909/tools/bin/../lib/gcc/arm-none-eabi/13.2.1/thumb/v7-m/nofp\libc.a(libc_a-mallocr.o)
                0x100002b0                __malloc_av_
                0x100006b8                        . = ALIGN (0x4)
                0x100006b8                        _edata = .
                [!provide]                        PROVIDE (__end_data_RAM = .)
                [!provide]                        PROVIDE (__end_data_RamLoc32 = .)

.igot.plt       0x100006b8        0x0 load address 0x0000c2b4
 .igot.plt      0x100006b8        0x0 ./src/cr_startup_lpc17.o

.bss_RAM2       0x2007c000        0x0
                [!provide]                        PROVIDE (__start_bss_RAM2 = .)
                [!provide]                        PROVIDE (__start_bss_RamAHB32 = .)
 *(.bss.$RAM2)
 *(.bss.$RamAHB32)
 *(.bss.$RAM2.*)
 *(.bss.$RamAHB32.*)
                0x2007c000                        . = ALIGN ((. != 0x0)?0x4:0x1)
                [!provide]                        PROVIDE (__end_bss_RAM2 = .)
                [!provide]                        PROVIDE (__end_bss_RamAHB32 = .)

.bss            0x100006b8      0x504
                0x100006b8                        _bss = .
                [!provide]                        PROVIDE (__start_bss_RAM = .)
                [!provide]                        PROVIDE (__start_bss_RamLoc32 = .)
 *(.bss*)
 .bss           0x100006b8       0x10 ./src/main.o
 .bss           0x100006c8      0x300 C:\Users\nikod\Downloads\E13_V7_final\E13_alarm_V3\Lib_EaBaseBoard\Release\libLib_EaBaseBoard.a(oled.o)
 .bss           0x100009c8        0x6 C:\Users\nikod\Downloads\E13_V7_final\E13_alarm_V3\Lib_EaBaseBoard\Release\libLib_EaBaseBoard.a(pca9532.o)
 *fill*         0x100009ce        0x2 
 .bss           0x100009d0       0x34 C:\Users\nikod\Downloads\E13_V7_final\E13_alarm_V3\Lib_MCU\Release\libLib_MCU.a(lpc17xx_i2c.o)
 .bss.__sf      0x10000a04      0x138 C:/nxp/MCUXpressoIDE_24.12.148/ide/plugins/com.nxp.mcuxpresso.tools.win32_24.12.0.202407110909/tools/bin/../lib/gcc/arm-none-eabi/13.2.1/thumb/v7-m/nofp\libc.a(libc_a-findfp.o)
                0x10000a04                __sf
 .bss.__stdio_exit_handler
                0x10000b3c        0x4 C:/nxp/MCUXpressoIDE_24.12.148/ide/plugins/com.nxp.mcuxpresso.tools.win32_24.12.0.202407110909/tools/bin/../lib/gcc/arm-none-eabi/13.2.1/thumb/v7-m/nofp\libc.a(libc_a-findfp.o)
                0x10000b3c                __stdio_exit_handler
 .bss.errno     0x10000b40        0x4 C:/nxp/MCUXpressoIDE_24.12.148/ide/plugins/com.nxp.mcuxpresso.tools.win32_24.12.0.202407110909/tools/bin/../lib/gcc/arm-none-eabi/13.2.1/thumb/v7-m/nofp\libc.a(libc_a-reent.o)
                0x10000b40                errno
 .bss.__lock___malloc_recursive_mutex
                0x10000b44        0x1 C:/nxp/MCUXpressoIDE_24.12.148/ide/plugins/com.nxp.mcuxpresso.tools.win32_24.12.0.202407110909/tools/bin/../lib/gcc/arm-none-eabi/13.2.1/thumb/v7-m/nofp\libc.a(libc_a-lock.o)
                0x10000b44                __lock___malloc_recursive_mutex
 *fill*         0x10000b45        0x3 
 .bss.__lock___sfp_recursive_mutex
                0x10000b48        0x1 C:/nxp/MCUXpressoIDE_24.12.148/ide/plugins/com.nxp.mcuxpresso.tools.win32_24.12.0.202407110909/tools/bin/../lib/gcc/arm-none-eabi/13.2.1/thumb/v7-m/nofp\libc.a(libc_a-lock.o)
                0x10000b48                __lock___sfp_recursive_mutex
 *fill*         0x10000b49        0x3 
 .bss.__malloc_current_mallinfo
                0x10000b4c       0x28 C:/nxp/MCUXpressoIDE_24.12.148/ide/plugins/com.nxp.mcuxpresso.tools.win32_24.12.0.202407110909/tools/bin/../lib/gcc/arm-none-eabi/13.2.1/thumb/v7-m/nofp\libc.a(libc_a-mallocr.o)
                0x10000b4c                __malloc_current_mallinfo
 .bss.__malloc_max_total_mem
                0x10000b74        0x4 C:/nxp/MCUXpressoIDE_24.12.148/ide/plugins/com.nxp.mcuxpresso.tools.win32_24.12.0.202407110909/tools/bin/../lib/gcc/arm-none-eabi/13.2.1/thumb/v7-m/nofp\libc.a(libc_a-mallocr.o)
                0x10000b74                __malloc_max_total_mem
 .bss.__malloc_max_sbrked_mem
                0x10000b78        0x4 C:/nxp/MCUXpressoIDE_24.12.148/ide/plugins/com.nxp.mcuxpresso.tools.win32_24.12.0.202407110909/tools/bin/../lib/gcc/arm-none-eabi/13.2.1/thumb/v7-m/nofp\libc.a(libc_a-mallocr.o)
                0x10000b78                __malloc_max_sbrked_mem
 .bss.__malloc_top_pad
                0x10000b7c        0x4 C:/nxp/MCUXpressoIDE_24.12.148/ide/plugins/com.nxp.mcuxpresso.tools.win32_24.12.0.202407110909/tools/bin/../lib/gcc/arm-none-eabi/13.2.1/thumb/v7-m/nofp\libc.a(libc_a-mallocr.o)
                0x10000b7c                __malloc_top_pad
 .bss.__end_of_heap
                0x10000b80        0x4 C:/nxp/MCUXpressoIDE_24.12.148/ide/plugins/com.nxp.mcuxpresso.tools.win32_24.12.0.202407110909/tools/bin/../lib/gcc/arm-none-eabi/13.2.1/../../../../arm-none-eabi/lib/thumb/v7-m/nofp\libcr_newlib_semihost.a(_cr_sbrk.o)
                0x10000b80                __end_of_heap
 .bss.initialized.0
                0x10000b84        0x4 C:/nxp/MCUXpressoIDE_24.12.148/ide/plugins/com.nxp.mcuxpresso.tools.win32_24.12.0.202407110909/tools/bin/../lib/gcc/arm-none-eabi/13.2.1/../../../../arm-none-eabi/lib/thumb/v7-m/nofp\libcr_newlib_semihost.a(syscalls.o)
 .bss.monitor_stderr
                0x10000b88        0x4 C:/nxp/MCUXpressoIDE_24.12.148/ide/plugins/com.nxp.mcuxpresso.tools.win32_24.12.0.202407110909/tools/bin/../lib/gcc/arm-none-eabi/13.2.1/../../../../arm-none-eabi/lib/thumb/v7-m/nofp\libcr_newlib_semihost.a(syscalls.o)
 .bss.monitor_stdout
                0x10000b8c        0x4 C:/nxp/MCUXpressoIDE_24.12.148/ide/plugins/com.nxp.mcuxpresso.tools.win32_24.12.0.202407110909/tools/bin/../lib/gcc/arm-none-eabi/13.2.1/../../../../arm-none-eabi/lib/thumb/v7-m/nofp\libcr_newlib_semihost.a(syscalls.o)
 .bss.monitor_stdin
                0x10000b90        0x4 C:/nxp/MCUXpressoIDE_24.12.148/ide/plugins/com.nxp.mcuxpresso.tools.win32_24.12.0.202407110909/tools/bin/../lib/gcc/arm-none-eabi/13.2.1/../../../../arm-none-eabi/lib/thumb/v7-m/nofp\libcr_newlib_semihost.a(syscalls.o)
 .bss.openfiles
                0x10000b94       0x28 C:/nxp/MCUXpressoIDE_24.12.148/ide/plugins/com.nxp.mcuxpresso.tools.win32_24.12.0.202407110909/tools/bin/../lib/gcc/arm-none-eabi/13.2.1/../../../../arm-none-eabi/lib/thumb/v7-m/nofp\libcr_newlib_semihost.a(syscalls.o)
 *(COMMON)
                0x10000bbc                        . = ALIGN (0x4)
                0x10000bbc                        _ebss = .
                [!provide]                        PROVIDE (__end_bss_RAM = .)
                [!provide]                        PROVIDE (__end_bss_RamLoc32 = .)
                [!provide]                        PROVIDE (end = .)

.noinit_RAM2    0x2007c000        0x0
                [!provide]                        PROVIDE (__start_noinit_RAM2 = .)
                [!provide]                        PROVIDE (__start_noinit_RamAHB32 = .)
 *(.noinit.$RAM2)
 *(.noinit.$RamAHB32)
 *(.noinit.$RAM2.*)
 *(.noinit.$RamAHB32.*)
                0x2007c000                        . = ALIGN (0x4)
                [!provide]                        PROVIDE (__end_noinit_RAM2 = .)
                [!provide]                        PROVIDE (__end_noinit_RamAHB32 = .)

.noinit         0x10000bbc        0x0
                0x10000bbc                        _noinit = .
                [!provide]                        PROVIDE (__start_noinit_RAM = .)
                [!provide]                        PROVIDE (__start_noinit_RamLoc32 = .)
 *(.noinit*)
                0x10000bbc                        . = ALIGN (0x4)
                0x10000bbc                        _end_noinit = .
                [!provide]                        PROVIDE (__end_noinit_RAM = .)
                [!provide]                        PROVIDE (__end_noinit_RamLoc32 = .)
                0x10000bbc                        PROVIDE (_pvHeapStart = DEFINED (__user_heap_base)?__user_heap_base:.)
                0x10008000                        PROVIDE (_vStackTop = DEFINED (__user_stack_top)?__user_stack_top:(__top_RamLoc32 - 0x0))
                [!provide]                        PROVIDE (__valid_user_code_checksum = (0x0 - ((((((_vStackTop + (ResetISR + 0x1)) + (NMI_Handler + 0x1)) + (HardFault_Handler + 0x1)) + (DEFINED (MemManage_Handler)?MemManage_Handler:0x0 + 0x1)) + (DEFINED (BusFault_Handler)?BusFault_Handler:0x0 + 0x1)) + (DEFINED (UsageFault_Handler)?UsageFault_Handler:0x0 + 0x1))))
                0x00000000                        _image_start = LOADADDR (.text)
                0x0000c2b4                        _image_end = (LOADADDR (.data) + SIZEOF (.data))
                0x0000c2b4                        _image_size = (_image_end - _image_start)
OUTPUT(security_system.axf elf32-littlearm)
LOAD linker stubs

.debug_info     0x00000000     0xac38
 .debug_info    0x00000000      0x213 ./src/cr_startup_lpc17.o
 .debug_info    0x00000213     0x1df1 ./src/main.o
 .debug_info    0x00002004      0xd2c ./src/rc522.o
 .debug_info    0x00002d30      0x31b C:\Users\nikod\Downloads\E13_V7_final\E13_alarm_V3\Lib_CMSISv1p30_LPC17xx\Release\libCMSISv1p30_LPC17xx.a(system_LPC17xx.o)
 .debug_info    0x0000304b      0x185 C:\Users\nikod\Downloads\E13_V7_final\E13_alarm_V3\Lib_EaBaseBoard\Release\libLib_EaBaseBoard.a(joystick.o)
 .debug_info    0x000031d0      0xac6 C:\Users\nikod\Downloads\E13_V7_final\E13_alarm_V3\Lib_EaBaseBoard\Release\libLib_EaBaseBoard.a(light.o)
 .debug_info    0x00003c96     0x172d C:\Users\nikod\Downloads\E13_V7_final\E13_alarm_V3\Lib_EaBaseBoard\Release\libLib_EaBaseBoard.a(oled.o)
 .debug_info    0x000053c3      0x8a4 C:\Users\nikod\Downloads\E13_V7_final\E13_alarm_V3\Lib_EaBaseBoard\Release\libLib_EaBaseBoard.a(pca9532.o)
 .debug_info    0x00005c67      0x1d1 C:\Users\nikod\Downloads\E13_V7_final\E13_alarm_V3\Lib_EaBaseBoard\Release\libLib_EaBaseBoard.a(rgb.o)
 .debug_info    0x00005e38       0x62 C:\Users\nikod\Downloads\E13_V7_final\E13_alarm_V3\Lib_EaBaseBoard\Release\libLib_EaBaseBoard.a(font5x7.o)
 .debug_info    0x00005e9a     0x10e5 C:\Users\nikod\Downloads\E13_V7_final\E13_alarm_V3\Lib_MCU\Release\libLib_MCU.a(lpc17xx_gpio.o)
 .debug_info    0x00006f7f     0x144b C:\Users\nikod\Downloads\E13_V7_final\E13_alarm_V3\Lib_MCU\Release\libLib_MCU.a(lpc17xx_i2c.o)
 .debug_info    0x000083ca       0xd4 C:\Users\nikod\Downloads\E13_V7_final\E13_alarm_V3\Lib_MCU\Release\libLib_MCU.a(lpc17xx_libcfg_default.o)
 .debug_info    0x0000849e      0x53c C:\Users\nikod\Downloads\E13_V7_final\E13_alarm_V3\Lib_MCU\Release\libLib_MCU.a(lpc17xx_pinsel.o)
 .debug_info    0x000089da      0xbfa C:\Users\nikod\Downloads\E13_V7_final\E13_alarm_V3\Lib_MCU\Release\libLib_MCU.a(lpc17xx_ssp.o)
 .debug_info    0x000095d4      0xfd9 C:\Users\nikod\Downloads\E13_V7_final\E13_alarm_V3\Lib_MCU\Release\libLib_MCU.a(lpc17xx_timer.o)
 .debug_info    0x0000a5ad      0x68b C:\Users\nikod\Downloads\E13_V7_final\E13_alarm_V3\Lib_MCU\Release\libLib_MCU.a(lpc17xx_clkpwr.o)

.debug_abbrev   0x00000000     0x2641
 .debug_abbrev  0x00000000       0xfa ./src/cr_startup_lpc17.o
 .debug_abbrev  0x000000fa      0x457 ./src/main.o
 .debug_abbrev  0x00000551      0x2b0 ./src/rc522.o
 .debug_abbrev  0x00000801      0x10e C:\Users\nikod\Downloads\E13_V7_final\E13_alarm_V3\Lib_CMSISv1p30_LPC17xx\Release\libCMSISv1p30_LPC17xx.a(system_LPC17xx.o)
 .debug_abbrev  0x0000090f       0xed C:\Users\nikod\Downloads\E13_V7_final\E13_alarm_V3\Lib_EaBaseBoard\Release\libLib_EaBaseBoard.a(joystick.o)
 .debug_abbrev  0x000009fc      0x2fa C:\Users\nikod\Downloads\E13_V7_final\E13_alarm_V3\Lib_EaBaseBoard\Release\libLib_EaBaseBoard.a(light.o)
 .debug_abbrev  0x00000cf6      0x3ed C:\Users\nikod\Downloads\E13_V7_final\E13_alarm_V3\Lib_EaBaseBoard\Release\libLib_EaBaseBoard.a(oled.o)
 .debug_abbrev  0x000010e3      0x2ee C:\Users\nikod\Downloads\E13_V7_final\E13_alarm_V3\Lib_EaBaseBoard\Release\libLib_EaBaseBoard.a(pca9532.o)
 .debug_abbrev  0x000013d1       0xf2 C:\Users\nikod\Downloads\E13_V7_final\E13_alarm_V3\Lib_EaBaseBoard\Release\libLib_EaBaseBoard.a(rgb.o)
 .debug_abbrev  0x000014c3       0x4a C:\Users\nikod\Downloads\E13_V7_final\E13_alarm_V3\Lib_EaBaseBoard\Release\libLib_EaBaseBoard.a(font5x7.o)
 .debug_abbrev  0x0000150d      0x2e6 C:\Users\nikod\Downloads\E13_V7_final\E13_alarm_V3\Lib_MCU\Release\libLib_MCU.a(lpc17xx_gpio.o)
 .debug_abbrev  0x000017f3      0x410 C:\Users\nikod\Downloads\E13_V7_final\E13_alarm_V3\Lib_MCU\Release\libLib_MCU.a(lpc17xx_i2c.o)
 .debug_abbrev  0x00001c03       0x75 C:\Users\nikod\Downloads\E13_V7_final\E13_alarm_V3\Lib_MCU\Release\libLib_MCU.a(lpc17xx_libcfg_default.o)
 .debug_abbrev  0x00001c78      0x1a3 C:\Users\nikod\Downloads\E13_V7_final\E13_alarm_V3\Lib_MCU\Release\libLib_MCU.a(lpc17xx_pinsel.o)
 .debug_abbrev  0x00001e1b      0x2b2 C:\Users\nikod\Downloads\E13_V7_final\E13_alarm_V3\Lib_MCU\Release\libLib_MCU.a(lpc17xx_ssp.o)
 .debug_abbrev  0x000020cd      0x394 C:\Users\nikod\Downloads\E13_V7_final\E13_alarm_V3\Lib_MCU\Release\libLib_MCU.a(lpc17xx_timer.o)
 .debug_abbrev  0x00002461      0x1e0 C:\Users\nikod\Downloads\E13_V7_final\E13_alarm_V3\Lib_MCU\Release\libLib_MCU.a(lpc17xx_clkpwr.o)

.debug_loc      0x00000000     0x62fb
 .debug_loc     0x00000000       0x7c ./src/cr_startup_lpc17.o
 .debug_loc     0x0000007c      0x727 ./src/main.o
 .debug_loc     0x000007a3      0x862 ./src/rc522.o
 .debug_loc     0x00001005       0x83 C:\Users\nikod\Downloads\E13_V7_final\E13_alarm_V3\Lib_EaBaseBoard\Release\libLib_EaBaseBoard.a(joystick.o)
 .debug_loc     0x00001088      0x3a5 C:\Users\nikod\Downloads\E13_V7_final\E13_alarm_V3\Lib_EaBaseBoard\Release\libLib_EaBaseBoard.a(light.o)
 .debug_loc     0x0000142d     0x18b7 C:\Users\nikod\Downloads\E13_V7_final\E13_alarm_V3\Lib_EaBaseBoard\Release\libLib_EaBaseBoard.a(oled.o)
 .debug_loc     0x00002ce4      0x4f0 C:\Users\nikod\Downloads\E13_V7_final\E13_alarm_V3\Lib_EaBaseBoard\Release\libLib_EaBaseBoard.a(pca9532.o)
 .debug_loc     0x000031d4       0x38 C:\Users\nikod\Downloads\E13_V7_final\E13_alarm_V3\Lib_EaBaseBoard\Release\libLib_EaBaseBoard.a(rgb.o)
 .debug_loc     0x0000320c      0x81d C:\Users\nikod\Downloads\E13_V7_final\E13_alarm_V3\Lib_MCU\Release\libLib_MCU.a(lpc17xx_gpio.o)
 .debug_loc     0x00003a29     0x1074 C:\Users\nikod\Downloads\E13_V7_final\E13_alarm_V3\Lib_MCU\Release\libLib_MCU.a(lpc17xx_i2c.o)
 .debug_loc     0x00004a9d       0x2a C:\Users\nikod\Downloads\E13_V7_final\E13_alarm_V3\Lib_MCU\Release\libLib_MCU.a(lpc17xx_libcfg_default.o)
 .debug_loc     0x00004ac7      0x162 C:\Users\nikod\Downloads\E13_V7_final\E13_alarm_V3\Lib_MCU\Release\libLib_MCU.a(lpc17xx_pinsel.o)
 .debug_loc     0x00004c29      0xab8 C:\Users\nikod\Downloads\E13_V7_final\E13_alarm_V3\Lib_MCU\Release\libLib_MCU.a(lpc17xx_ssp.o)
 .debug_loc     0x000056e1      0xa28 C:\Users\nikod\Downloads\E13_V7_final\E13_alarm_V3\Lib_MCU\Release\libLib_MCU.a(lpc17xx_timer.o)
 .debug_loc     0x00006109      0x1f2 C:\Users\nikod\Downloads\E13_V7_final\E13_alarm_V3\Lib_MCU\Release\libLib_MCU.a(lpc17xx_clkpwr.o)

.debug_aranges  0x00000000      0x6b0
 .debug_aranges
                0x00000000       0x70 ./src/cr_startup_lpc17.o
 .debug_aranges
                0x00000070       0x38 ./src/main.o
 .debug_aranges
                0x000000a8       0x88 ./src/rc522.o
 .debug_aranges
                0x00000130       0x28 C:\Users\nikod\Downloads\E13_V7_final\E13_alarm_V3\Lib_CMSISv1p30_LPC17xx\Release\libCMSISv1p30_LPC17xx.a(system_LPC17xx.o)
 .debug_aranges
                0x00000158       0x28 C:\Users\nikod\Downloads\E13_V7_final\E13_alarm_V3\Lib_EaBaseBoard\Release\libLib_EaBaseBoard.a(joystick.o)
 .debug_aranges
                0x00000180       0x98 C:\Users\nikod\Downloads\E13_V7_final\E13_alarm_V3\Lib_EaBaseBoard\Release\libLib_EaBaseBoard.a(light.o)
 .debug_aranges
                0x00000218       0x78 C:\Users\nikod\Downloads\E13_V7_final\E13_alarm_V3\Lib_EaBaseBoard\Release\libLib_EaBaseBoard.a(oled.o)
 .debug_aranges
                0x00000290       0x80 C:\Users\nikod\Downloads\E13_V7_final\E13_alarm_V3\Lib_EaBaseBoard\Release\libLib_EaBaseBoard.a(pca9532.o)
 .debug_aranges
                0x00000310       0x28 C:\Users\nikod\Downloads\E13_V7_final\E13_alarm_V3\Lib_EaBaseBoard\Release\libLib_EaBaseBoard.a(rgb.o)
 .debug_aranges
                0x00000338       0x18 C:\Users\nikod\Downloads\E13_V7_final\E13_alarm_V3\Lib_EaBaseBoard\Release\libLib_EaBaseBoard.a(font5x7.o)
 .debug_aranges
                0x00000350       0xe8 C:\Users\nikod\Downloads\E13_V7_final\E13_alarm_V3\Lib_MCU\Release\libLib_MCU.a(lpc17xx_gpio.o)
 .debug_aranges
                0x00000438       0xa0 C:\Users\nikod\Downloads\E13_V7_final\E13_alarm_V3\Lib_MCU\Release\libLib_MCU.a(lpc17xx_i2c.o)
 .debug_aranges
                0x000004d8       0x20 C:\Users\nikod\Downloads\E13_V7_final\E13_alarm_V3\Lib_MCU\Release\libLib_MCU.a(lpc17xx_libcfg_default.o)
 .debug_aranges
                0x000004f8       0x30 C:\Users\nikod\Downloads\E13_V7_final\E13_alarm_V3\Lib_MCU\Release\libLib_MCU.a(lpc17xx_pinsel.o)
 .debug_aranges
                0x00000528       0xa0 C:\Users\nikod\Downloads\E13_V7_final\E13_alarm_V3\Lib_MCU\Release\libLib_MCU.a(lpc17xx_ssp.o)
 .debug_aranges
                0x000005c8       0x90 C:\Users\nikod\Downloads\E13_V7_final\E13_alarm_V3\Lib_MCU\Release\libLib_MCU.a(lpc17xx_timer.o)
 .debug_aranges
                0x00000658       0x58 C:\Users\nikod\Downloads\E13_V7_final\E13_alarm_V3\Lib_MCU\Release\libLib_MCU.a(lpc17xx_clkpwr.o)

.debug_ranges   0x00000000      0x990
 .debug_ranges  0x00000000       0x60 ./src/cr_startup_lpc17.o
 .debug_ranges  0x00000060      0x1d8 ./src/main.o
 .debug_ranges  0x00000238       0x90 ./src/rc522.o
 .debug_ranges  0x000002c8       0x18 C:\Users\nikod\Downloads\E13_V7_final\E13_alarm_V3\Lib_CMSISv1p30_LPC17xx\Release\libCMSISv1p30_LPC17xx.a(system_LPC17xx.o)
 .debug_ranges  0x000002e0       0x18 C:\Users\nikod\Downloads\E13_V7_final\E13_alarm_V3\Lib_EaBaseBoard\Release\libLib_EaBaseBoard.a(joystick.o)
 .debug_ranges  0x000002f8       0x88 C:\Users\nikod\Downloads\E13_V7_final\E13_alarm_V3\Lib_EaBaseBoard\Release\libLib_EaBaseBoard.a(light.o)
 .debug_ranges  0x00000380       0xc0 C:\Users\nikod\Downloads\E13_V7_final\E13_alarm_V3\Lib_EaBaseBoard\Release\libLib_EaBaseBoard.a(oled.o)
 .debug_ranges  0x00000440       0x70 C:\Users\nikod\Downloads\E13_V7_final\E13_alarm_V3\Lib_EaBaseBoard\Release\libLib_EaBaseBoard.a(pca9532.o)
 .debug_ranges  0x000004b0       0x18 C:\Users\nikod\Downloads\E13_V7_final\E13_alarm_V3\Lib_EaBaseBoard\Release\libLib_EaBaseBoard.a(rgb.o)
 .debug_ranges  0x000004c8       0xf0 C:\Users\nikod\Downloads\E13_V7_final\E13_alarm_V3\Lib_MCU\Release\libLib_MCU.a(lpc17xx_gpio.o)
 .debug_ranges  0x000005b8      0x148 C:\Users\nikod\Downloads\E13_V7_final\E13_alarm_V3\Lib_MCU\Release\libLib_MCU.a(lpc17xx_i2c.o)
 .debug_ranges  0x00000700       0x10 C:\Users\nikod\Downloads\E13_V7_final\E13_alarm_V3\Lib_MCU\Release\libLib_MCU.a(lpc17xx_libcfg_default.o)
 .debug_ranges  0x00000710       0x80 C:\Users\nikod\Downloads\E13_V7_final\E13_alarm_V3\Lib_MCU\Release\libLib_MCU.a(lpc17xx_pinsel.o)
 .debug_ranges  0x00000790       0xa8 C:\Users\nikod\Downloads\E13_V7_final\E13_alarm_V3\Lib_MCU\Release\libLib_MCU.a(lpc17xx_ssp.o)
 .debug_ranges  0x00000838      0x110 C:\Users\nikod\Downloads\E13_V7_final\E13_alarm_V3\Lib_MCU\Release\libLib_MCU.a(lpc17xx_timer.o)
 .debug_ranges  0x00000948       0x48 C:\Users\nikod\Downloads\E13_V7_final\E13_alarm_V3\Lib_MCU\Release\libLib_MCU.a(lpc17xx_clkpwr.o)

.debug_macro    0x00000000     0x6a15
 .debug_macro   0x00000000       0x79 ./src/cr_startup_lpc17.o
 .debug_macro   0x00000079      0xade ./src/cr_startup_lpc17.o
 .debug_macro   0x00000b57       0x22 ./src/cr_startup_lpc17.o
 .debug_macro   0x00000b79       0x8e ./src/cr_startup_lpc17.o
 .debug_macro   0x00000c07       0x51 ./src/cr_startup_lpc17.o
 .debug_macro   0x00000c58      0x103 ./src/cr_startup_lpc17.o
 .debug_macro   0x00000d5b       0x6a ./src/cr_startup_lpc17.o
 .debug_macro   0x00000dc5      0x1df ./src/cr_startup_lpc17.o
 .debug_macro   0x00000fa4      0x215 ./src/main.o
 .debug_macro   0x000011b9       0x1c ./src/main.o
 .debug_macro   0x000011d5       0x22 ./src/main.o
 .debug_macro   0x000011f7      0x7b7 ./src/main.o
 .debug_macro   0x000019ae      0x2c7 ./src/main.o
 .debug_macro   0x00001c75       0x64 ./src/main.o
 .debug_macro   0x00001cd9      0x140 ./src/main.o
 .debug_macro   0x00001e19      0x192 ./src/main.o
 .debug_macro   0x00001fab       0x46 ./src/main.o
 .debug_macro   0x00001ff1       0xed ./src/main.o
 .debug_macro   0x000020de      0x2a6 ./src/main.o
 .debug_macro   0x00002384       0x16 ./src/main.o
 .debug_macro   0x0000239a       0xb2 ./src/main.o
 .debug_macro   0x0000244c       0x28 ./src/main.o
 .debug_macro   0x00002474      0x1cc ./src/main.o
 .debug_macro   0x00002640       0x1c ./src/main.o
 .debug_macro   0x0000265c       0x82 ./src/main.o
 .debug_macro   0x000026de       0x7b ./src/main.o
 .debug_macro   0x00002759       0x24 ./src/main.o
 .debug_macro   0x0000277d       0x3c ./src/main.o
 .debug_macro   0x000027b9       0x34 ./src/main.o
 .debug_macro   0x000027ed       0x16 ./src/main.o
 .debug_macro   0x00002803       0x9e ./src/main.o
 .debug_macro   0x000028a1      0x370 ./src/main.o
 .debug_macro   0x00002c11      0x112 ./src/main.o
 .debug_macro   0x00002d23       0x10 ./src/main.o
 .debug_macro   0x00002d33       0x16 ./src/main.o
 .debug_macro   0x00002d49       0x4a ./src/main.o
 .debug_macro   0x00002d93       0x34 ./src/main.o
 .debug_macro   0x00002dc7       0x10 ./src/main.o
 .debug_macro   0x00002dd7       0x58 ./src/main.o
 .debug_macro   0x00002e2f      0x1de ./src/main.o
 .debug_macro   0x0000300d       0x16 ./src/main.o
 .debug_macro   0x00003023       0x16 ./src/main.o
 .debug_macro   0x00003039      0x170 ./src/main.o
 .debug_macro   0x000031a9       0xde ./src/rc522.o
 .debug_macro   0x00003287      0x2a0 ./src/rc522.o
 .debug_macro   0x00003527      0x113 C:\Users\nikod\Downloads\E13_V7_final\E13_alarm_V3\Lib_CMSISv1p30_LPC17xx\Release\libCMSISv1p30_LPC17xx.a(system_LPC17xx.o)
 .debug_macro   0x0000363a      0xad8 C:\Users\nikod\Downloads\E13_V7_final\E13_alarm_V3\Lib_CMSISv1p30_LPC17xx\Release\libCMSISv1p30_LPC17xx.a(system_LPC17xx.o)
 .debug_macro   0x00004112       0x10 C:\Users\nikod\Downloads\E13_V7_final\E13_alarm_V3\Lib_CMSISv1p30_LPC17xx\Release\libCMSISv1p30_LPC17xx.a(system_LPC17xx.o)
 .debug_macro   0x00004122      0x12e C:\Users\nikod\Downloads\E13_V7_final\E13_alarm_V3\Lib_CMSISv1p30_LPC17xx\Release\libCMSISv1p30_LPC17xx.a(system_LPC17xx.o)
 .debug_macro   0x00004250      0x5b3 C:\Users\nikod\Downloads\E13_V7_final\E13_alarm_V3\Lib_CMSISv1p30_LPC17xx\Release\libCMSISv1p30_LPC17xx.a(system_LPC17xx.o)
 .debug_macro   0x00004803      0x7d5 C:\Users\nikod\Downloads\E13_V7_final\E13_alarm_V3\Lib_CMSISv1p30_LPC17xx\Release\libCMSISv1p30_LPC17xx.a(system_LPC17xx.o)
 .debug_macro   0x00004fd8       0x83 C:\Users\nikod\Downloads\E13_V7_final\E13_alarm_V3\Lib_EaBaseBoard\Release\libLib_EaBaseBoard.a(joystick.o)
 .debug_macro   0x0000505b       0x40 C:\Users\nikod\Downloads\E13_V7_final\E13_alarm_V3\Lib_EaBaseBoard\Release\libLib_EaBaseBoard.a(joystick.o)
 .debug_macro   0x0000509b      0x126 C:\Users\nikod\Downloads\E13_V7_final\E13_alarm_V3\Lib_EaBaseBoard\Release\libLib_EaBaseBoard.a(light.o)
 .debug_macro   0x000051c1      0x18c C:\Users\nikod\Downloads\E13_V7_final\E13_alarm_V3\Lib_EaBaseBoard\Release\libLib_EaBaseBoard.a(light.o)
 .debug_macro   0x0000534d       0xdd C:\Users\nikod\Downloads\E13_V7_final\E13_alarm_V3\Lib_EaBaseBoard\Release\libLib_EaBaseBoard.a(oled.o)
 .debug_macro   0x0000542a       0x5d C:\Users\nikod\Downloads\E13_V7_final\E13_alarm_V3\Lib_EaBaseBoard\Release\libLib_EaBaseBoard.a(oled.o)
 .debug_macro   0x00005487       0xa1 C:\Users\nikod\Downloads\E13_V7_final\E13_alarm_V3\Lib_EaBaseBoard\Release\libLib_EaBaseBoard.a(pca9532.o)
 .debug_macro   0x00005528       0x83 C:\Users\nikod\Downloads\E13_V7_final\E13_alarm_V3\Lib_EaBaseBoard\Release\libLib_EaBaseBoard.a(rgb.o)
 .debug_macro   0x000055ab       0x1a C:\Users\nikod\Downloads\E13_V7_final\E13_alarm_V3\Lib_EaBaseBoard\Release\libLib_EaBaseBoard.a(font5x7.o)
 .debug_macro   0x000055c5      0x696 C:\Users\nikod\Downloads\E13_V7_final\E13_alarm_V3\Lib_EaBaseBoard\Release\libLib_EaBaseBoard.a(font5x7.o)
 .debug_macro   0x00005c5b       0x83 C:\Users\nikod\Downloads\E13_V7_final\E13_alarm_V3\Lib_MCU\Release\libLib_MCU.a(lpc17xx_gpio.o)
 .debug_macro   0x00005cde       0xe0 C:\Users\nikod\Downloads\E13_V7_final\E13_alarm_V3\Lib_MCU\Release\libLib_MCU.a(lpc17xx_gpio.o)
 .debug_macro   0x00005dbe       0x95 C:\Users\nikod\Downloads\E13_V7_final\E13_alarm_V3\Lib_MCU\Release\libLib_MCU.a(lpc17xx_i2c.o)
 .debug_macro   0x00005e53      0x2fa C:\Users\nikod\Downloads\E13_V7_final\E13_alarm_V3\Lib_MCU\Release\libLib_MCU.a(lpc17xx_i2c.o)
 .debug_macro   0x0000614d      0x146 C:\Users\nikod\Downloads\E13_V7_final\E13_alarm_V3\Lib_MCU\Release\libLib_MCU.a(lpc17xx_i2c.o)
 .debug_macro   0x00006293       0x5a C:\Users\nikod\Downloads\E13_V7_final\E13_alarm_V3\Lib_MCU\Release\libLib_MCU.a(lpc17xx_libcfg_default.o)
 .debug_macro   0x000062ed       0x5e C:\Users\nikod\Downloads\E13_V7_final\E13_alarm_V3\Lib_MCU\Release\libLib_MCU.a(lpc17xx_libcfg_default.o)
 .debug_macro   0x0000634b       0xda C:\Users\nikod\Downloads\E13_V7_final\E13_alarm_V3\Lib_MCU\Release\libLib_MCU.a(lpc17xx_libcfg_default.o)
 .debug_macro   0x00006425       0x7a C:\Users\nikod\Downloads\E13_V7_final\E13_alarm_V3\Lib_MCU\Release\libLib_MCU.a(lpc17xx_pinsel.o)
 .debug_macro   0x0000649f       0x8c C:\Users\nikod\Downloads\E13_V7_final\E13_alarm_V3\Lib_MCU\Release\libLib_MCU.a(lpc17xx_ssp.o)
 .debug_macro   0x0000652b       0x95 C:\Users\nikod\Downloads\E13_V7_final\E13_alarm_V3\Lib_MCU\Release\libLib_MCU.a(lpc17xx_timer.o)
 .debug_macro   0x000065c0       0xe7 C:\Users\nikod\Downloads\E13_V7_final\E13_alarm_V3\Lib_MCU\Release\libLib_MCU.a(lpc17xx_timer.o)
 .debug_macro   0x000066a7       0x7a C:\Users\nikod\Downloads\E13_V7_final\E13_alarm_V3\Lib_MCU\Release\libLib_MCU.a(lpc17xx_clkpwr.o)
 .debug_macro   0x00006721      0x2f4 C:\Users\nikod\Downloads\E13_V7_final\E13_alarm_V3\Lib_MCU\Release\libLib_MCU.a(lpc17xx_clkpwr.o)

.debug_line     0x00000000     0x786c
 .debug_line    0x00000000      0x452 ./src/cr_startup_lpc17.o
 .debug_line    0x00000452      0xde0 ./src/main.o
 .debug_line    0x00001232      0x8ff ./src/rc522.o
 .debug_line    0x00001b31      0x434 C:\Users\nikod\Downloads\E13_V7_final\E13_alarm_V3\Lib_CMSISv1p30_LPC17xx\Release\libCMSISv1p30_LPC17xx.a(system_LPC17xx.o)
 .debug_line    0x00001f65      0x334 C:\Users\nikod\Downloads\E13_V7_final\E13_alarm_V3\Lib_EaBaseBoard\Release\libLib_EaBaseBoard.a(joystick.o)
 .debug_line    0x00002299      0x6c7 C:\Users\nikod\Downloads\E13_V7_final\E13_alarm_V3\Lib_EaBaseBoard\Release\libLib_EaBaseBoard.a(light.o)
 .debug_line    0x00002960      0xb5e C:\Users\nikod\Downloads\E13_V7_final\E13_alarm_V3\Lib_EaBaseBoard\Release\libLib_EaBaseBoard.a(oled.o)
 .debug_line    0x000034be      0x5d0 C:\Users\nikod\Downloads\E13_V7_final\E13_alarm_V3\Lib_EaBaseBoard\Release\libLib_EaBaseBoard.a(pca9532.o)
 .debug_line    0x00003a8e      0x30c C:\Users\nikod\Downloads\E13_V7_final\E13_alarm_V3\Lib_EaBaseBoard\Release\libLib_EaBaseBoard.a(rgb.o)
 .debug_line    0x00003d9a       0x88 C:\Users\nikod\Downloads\E13_V7_final\E13_alarm_V3\Lib_EaBaseBoard\Release\libLib_EaBaseBoard.a(font5x7.o)
 .debug_line    0x00003e22      0x84f C:\Users\nikod\Downloads\E13_V7_final\E13_alarm_V3\Lib_MCU\Release\libLib_MCU.a(lpc17xx_gpio.o)
 .debug_line    0x00004671     0x11fe C:\Users\nikod\Downloads\E13_V7_final\E13_alarm_V3\Lib_MCU\Release\libLib_MCU.a(lpc17xx_i2c.o)
 .debug_line    0x0000586f      0x1ef C:\Users\nikod\Downloads\E13_V7_final\E13_alarm_V3\Lib_MCU\Release\libLib_MCU.a(lpc17xx_libcfg_default.o)
 .debug_line    0x00005a5e      0x392 C:\Users\nikod\Downloads\E13_V7_final\E13_alarm_V3\Lib_MCU\Release\libLib_MCU.a(lpc17xx_pinsel.o)
 .debug_line    0x00005df0      0xae0 C:\Users\nikod\Downloads\E13_V7_final\E13_alarm_V3\Lib_MCU\Release\libLib_MCU.a(lpc17xx_ssp.o)
 .debug_line    0x000068d0      0xb4c C:\Users\nikod\Downloads\E13_V7_final\E13_alarm_V3\Lib_MCU\Release\libLib_MCU.a(lpc17xx_timer.o)
 .debug_line    0x0000741c      0x450 C:\Users\nikod\Downloads\E13_V7_final\E13_alarm_V3\Lib_MCU\Release\libLib_MCU.a(lpc17xx_clkpwr.o)

.debug_str      0x00000000    0x14a54
 .debug_str     0x00000000    0x14a54 ./src/cr_startup_lpc17.o
                               0x3ede (size before relaxing)
 .debug_str     0x00014a54     0xf21c ./src/main.o
 .debug_str     0x00014a54     0xa19c ./src/rc522.o