../src/light.c:78:12:I2CRead.constprop.isra	56	static
../src/light.c:96:12:I2CWrite.constprop.isra	56	static
../src/light.c:115:16:readCommandReg	16	static
../src/light.c:127:16:readControlReg	16	static
../src/light.c:148:6:light_init	0	static
../src/light.c:159:6:light_enable	16	static
../src/light.c:179:10:light_read	16	static
../src/light.c:212:6:light_setMode	16	static
../src/light.c:236:6:light_setWidth	16	static
../src/light.c:275:6:light_setRange	16	static
../src/light.c:314:6:light_setHiThreshold	16	static
../src/light.c:335:6:light_setLoThreshold	16	static
../src/light.c:358:6:light_setIrqInCycles	16	static
../src/light.c:382:9:light_getIrqStatus	8	static
../src/light.c:395:6:light_clearIrqStatus	16	static
../src/light.c:415:6:light_shutdown	24	static
