../src/oled.c:113:1:writeCommand	40	static
../src/oled.c:355:6:oled_init	8	static
../src/oled.c:396:6:oled_putPixel	56	static
../src/oled.c:325:13:vLine	24	static
../src/oled.c:293:13:hLine	24	static
../src/oled.c:458:6:oled_line	48	static
../src/oled.c:561:6:oled_circle	72	static
../src/oled.c:699:6:oled_rect	24	static
../src/oled.c:720:6:oled_fillRect	24	static
../src/oled.c:767:6:oled_clearScreen	200	static
../src/oled.c:784:9:oled_putChar	56	static
../src/oled.c:824:6:oled_putString	32	static
