C:\Users\nikod\Downloads\E13_V7_final\E13_alarm_V3\Lib_CMSISv1p30_LPC17xx\inc/core_cm3.h:1210:22:__NOP	4	static
../src/main.c:97:13:GPIO_init_internal	4	static
../src/main.c:113:13:initUltrasonic_internal	16	static
../src/main.c:146:14:getUltrasonicDistance_internal	24	static
../src/main.c:195:16:checkMotionDetection_internal	16	static
../src/main.c:226:13:initAlarm_internal	8	static
../src/main.c:249:13:playNote_internal	24	static
../src/main.c:275:13:runAlarm_internal	16	static
../src/main.c:295:13:init_ssp_internal	40	static
../src/main.c:335:13:init_i2c_internal	16	static
../src/main.c:361:13:moveBar_internal	16	static
../src/main.c:375:16:checkRFID_internal	40	static
../src/main.c:408:13:writeCommand_internal	40	static
../src/main.c:436:13:oled_setInversion_internal	16	static
../src/main.c:454:13:checkLightAndInversion_internal	16	static
../src/main.c:478:13:playConfirmationSound_internal	8	static
../src/main.c:495:13:playArmSound_internal	8	static
../src/main.c:510:13:playDisarmSound_internal	8	static
../src/main.c:525:13:handleJoystick_internal	24	static
../src/main.c:580:16:is_closed_internal	4	static
../src/main.c:595:13:updateMainDisplay_internal	72	static
../src/main.c:645:5:main	40	static
