../src/main_rfid_test.c:36:6:GPIO_init	4	static
../src/main_rfid_test.c:43:6:initAlarm	8	static
../src/main_rfid_test.c:50:6:playNote	24	static
../src/main_rfid_test.c:65:6:runAlarm	16	static
../src/main_rfid_test.c:76:13:init_ssp	40	static
../src/main_rfid_test.c:117:13:init_i2c	16	static
../src/main_rfid_test.c:136:13:moveBar	24	static
../src/main_rfid_test.c:143:9:checkRFID_test	48	static
../src/main_rfid_test.c:164:6:displayUID	64	static
../src/main_rfid_test.c:171:9:checkAuthorizedUID	24	static
../src/main_rfid_test.c:180:13:changeAlarmState	16	static
../src/main_rfid_test.c:194:9:is_closed	4	static
../src/main_rfid_test.c:199:5:main	32	static
