13:02:17 **** Build of configuration Debug for project disp7seg_rotary ****
make -r -j16 all 
Building file: ../src/cr_startup_lpc17.c
Building file: ../src/main.c
Invoking: MCU C Compiler
arm-none-eabi-gcc -DDEBUG -D__USE_CMSIS=CMSISv1p30_LPC17xx -D__CODE_RED -D__NEWLIB__ -I"D:\E13_V5_okno\E13_alarm_V3\Lib_CMSISv1p30_LPC17xx\inc" -I"D:\E13_V5_okno\E13_alarm_V3\Lib_EaBaseBoard\inc" -I"D:\E13_V5_okno\E13_alarm_V3\Lib_MCU\inc" -O0 -g3 -gdwarf-4 -Wall -c -fmessage-length=0 -fno-builtin -ffunction-sections -fmerge-constants -fmacro-prefix-map="../src/"= -mcpu=cortex-m3 -mthumb -D__NEWLIB__ -fstack-usage -MMD -MP -MF"src/cr_startup_lpc17.d" -MT"src/cr_startup_lpc17.o" -MT"src/cr_startup_lpc17.d" -o "src/cr_startup_lpc17.o" "../src/cr_startup_lpc17.c"
Invoking: MCU C Compiler
arm-none-eabi-gcc -DDEBUG -D__USE_CMSIS=CMSISv1p30_LPC17xx -D__CODE_RED -D__NEWLIB__ -I"D:\E13_V5_okno\E13_alarm_V3\Lib_CMSISv1p30_LPC17xx\inc" -I"D:\E13_V5_okno\E13_alarm_V3\Lib_EaBaseBoard\inc" -I"D:\E13_V5_okno\E13_alarm_V3\Lib_MCU\inc" -O0 -g3 -gdwarf-4 -Wall -c -fmessage-length=0 -fno-builtin -ffunction-sections -fmerge-constants -fmacro-prefix-map="../src/"= -mcpu=cortex-m3 -mthumb -D__NEWLIB__ -fstack-usage -MMD -MP -MF"src/main.d" -MT"src/main.o" -MT"src/main.d" -o "src/main.o" "../src/main.c"
Finished building: ../src/cr_startup_lpc17.c
Finished building: ../src/main.c
 
 
Building target: leds_joystick.axf
Invoking: MCU Linker
arm-none-eabi-gcc -nostdlib -L"D:\E13_V5_okno\E13_alarm_V3\Lib_CMSISv1p30_LPC17xx\Debug" -L"D:\E13_V5_okno\E13_alarm_V3\Lib_EaBaseBoard\Debug" -L"D:\E13_V5_okno\E13_alarm_V3\Lib_MCU\Debug" -Xlinker --gc-sections -Xlinker -Map=leds_joystick.map -mcpu=cortex-m3 -mthumb -T disp7seg_rotary_Debug.ld -o "leds_joystick.axf" ./src/cr_startup_lpc17.o ./src/main.o    -lCMSISv1p30_LPC17xx -lLib_EaBaseBoard -lLib_MCU
Finished building target: leds_joystick.axf
 
Performing post-build steps
arm-none-eabi-size leds_joystick.axf; # arm-none-eabi-objdump -h -S leds_joystick.axf >leds_joystick.lss
   text	   data	    bss	    dec	    hex	filename
   3900	     84	      0	   3984	    f90	leds_joystick.axf
 

13:02:22 Build Finished. 0 errors, 0 warnings. (took 4s.716ms)

