00:49:10 **** Incremental Build of configuration Release for project Lib_CMSISv1p30_LPC17xx ****
make -r -j16 all 
make[1]: Nothing to be done for 'main-build'.
Performing post-build steps
arm-none-eabi-size libCMSISv1p30_LPC17xx.a ; # arm-none-eabi-objdump -h -S libCMSISv1p30_LPC17xx.a >libCMSISv1p30_LPC17xx.lss
   text	   data	    bss	    dec	    hex	filename
    138	      0	      0	    138	     8a	core_cm3.o (ex libCMSISv1p30_LPC17xx.a)
    400	      4	      0	    404	    194	system_LPC17xx.o (ex libCMSISv1p30_LPC17xx.a)
 

00:49:11 Build Finished. 0 errors, 0 warnings. (took 400ms)

