14:51:39 **** Incremental Build of configuration Debug for project rgb_joystick2 ****
make -r -j16 all 
Building file: ../src/main.c
Invoking: MCU C Compiler
arm-none-eabi-gcc -DDEBUG -D__USE_CMSIS=CMSISv1p30_LPC17xx -D__CODE_RED -D__NEWLIB__ -I"C:\Users\student\Documents\E13_alarm\Lib_CMSISv1p30_LPC17xx\inc" -I"C:\Users\student\Documents\E13_alarm\Lib_EaBaseBoard\inc" -I"C:\Users\student\Documents\E13_alarm\Lib_MCU\inc" -O0 -g3 -gdwarf-4 -Wall -c -fmessage-length=0 -fno-builtin -ffunction-sections -fmerge-constants -fmacro-prefix-map="../src/"= -mcpu=cortex-m3 -mthumb -D__NEWLIB__ -fstack-usage -MMD -MP -MF"src/main.d" -MT"src/main.o" -MT"src/main.d" -o "src/main.o" "../src/main.c"
Finished building: ../src/main.c
 
Building target: rgb_joystick.axf
Invoking: MCU Linker
arm-none-eabi-gcc -nostdlib -L"C:\Users\student\Documents\E13_alarm\Lib_CMSISv1p30_LPC17xx\Debug" -L"C:\Users\student\Documents\E13_alarm\Lib_EaBaseBoard\Debug" -L"C:\Users\student\Documents\E13_alarm\Lib_MCU\Debug" -Xlinker --gc-sections -Xlinker -Map=rgb_joystick.map -mcpu=cortex-m3 -mthumb -T rgb_joystick2_Debug.ld -o "rgb_joystick.axf" ./src/cr_startup_lpc17.o ./src/main.o    -lCMSISv1p30_LPC17xx -lLib_EaBaseBoard -lLib_MCU
Finished building target: rgb_joystick.axf
 
Performing post-build steps
arm-none-eabi-size rgb_joystick.axf; # arm-none-eabi-objdump -h -S rgb_joystick.axf >rgb_joystick.lss
   text	   data	    bss	    dec	    hex	filename
   3964	      4	      0	   3968	    f80	rgb_joystick.axf
 

14:51:39 Build Finished. 0 errors, 0 warnings. (took 465ms)

