00:49:12 **** Incremental Build of configuration Release for project security_system ****
make -r -j16 all 
Building target: security_system.axf
Invoking: MCU Linker
arm-none-eabi-gcc -nostdlib -L"C:\Users\nikod\Downloads\E13_V7_final\E13_alarm_V3\Lib_CMSISv1p30_LPC17xx\Release" -L"C:\Users\nikod\Downloads\E13_V7_final\E13_alarm_V3\Lib_MCU\Release" -L"C:\Users\nikod\Downloads\E13_V7_final\E13_alarm_V3\Lib_EaBaseBoard\Release" -Xlinker --gc-sections -Xlinker -Map=security_system.map -mcpu=cortex-m3 -mthumb -T security_system_Release.ld -o "security_system.axf" ./src/cr_startup_lpc17.o ./src/main.o ./src/ocf_lpc176x_lib.o ./src/rc522.o    -lCMSISv1p30_LPC17xx -lLib_EaBaseBoard -lLib_MCU
Finished building target: security_system.axf
 
Performing post-build steps
arm-none-eabi-size security_system.axf; # arm-none-eabi-objdump -h -S security_system.axf >security_system.lss
   text	   data	    bss	    dec	    hex	filename
  48124	   1720	   1284	  51128	   c7b8	security_system.axf
 

00:49:12 Build Finished. 0 errors, 0 warnings. (took 654ms)

