13:03:00 **** Build of configuration Debug for project speaker_wav ****
make -r -j16 all 
Building file: ../src/cr_startup_lpc17.c
Building file: ../src/main.c
Invoking: MCU C Compiler
arm-none-eabi-gcc -DDEBUG -D__USE_CMSIS=CMSISv1p30_LPC17xx -D__CODE_RED -D__NEWLIB__ -I"D:\E13_V5_okno\E13_alarm_V3\Lib_CMSISv1p30_LPC17xx\inc" -I"D:\E13_V5_okno\E13_alarm_V3\Lib_EaBaseBoard\inc" -I"D:\E13_V5_okno\E13_alarm_V3\Lib_MCU\inc" -O0 -g3 -gdwarf-4 -Wall -c -fmessage-length=0 -fno-builtin -ffunction-sections -fmerge-constants -fmacro-prefix-map="../src/"= -mcpu=cortex-m3 -mthumb -D__NEWLIB__ -fstack-usage -MMD -MP -MF"src/cr_startup_lpc17.d" -MT"src/cr_startup_lpc17.o" -MT"src/cr_startup_lpc17.d" -o "src/cr_startup_lpc17.o" "../src/cr_startup_lpc17.c"
Invoking: MCU C Compiler
arm-none-eabi-gcc -DDEBUG -D__USE_CMSIS=CMSISv1p30_LPC17xx -D__CODE_RED -D__NEWLIB__ -I"D:\E13_V5_okno\E13_alarm_V3\Lib_CMSISv1p30_LPC17xx\inc" -I"D:\E13_V5_okno\E13_alarm_V3\Lib_EaBaseBoard\inc" -I"D:\E13_V5_okno\E13_alarm_V3\Lib_MCU\inc" -O0 -g3 -gdwarf-4 -Wall -c -fmessage-length=0 -fno-builtin -ffunction-sections -fmerge-constants -fmacro-prefix-map="../src/"= -mcpu=cortex-m3 -mthumb -D__NEWLIB__ -fstack-usage -MMD -MP -MF"src/main.d" -MT"src/main.o" -MT"src/main.d" -o "src/main.o" "../src/main.c"
Finished building: ../src/cr_startup_lpc17.c
Finished building: ../src/main.c
 
 
Building file: ../src/startupSound_8k.c
Invoking: MCU C Compiler
arm-none-eabi-gcc -DDEBUG -D__USE_CMSIS=CMSISv1p30_LPC17xx -D__CODE_RED -D__NEWLIB__ -I"D:\E13_V5_okno\E13_alarm_V3\Lib_CMSISv1p30_LPC17xx\inc" -I"D:\E13_V5_okno\E13_alarm_V3\Lib_EaBaseBoard\inc" -I"D:\E13_V5_okno\E13_alarm_V3\Lib_MCU\inc" -O0 -g3 -gdwarf-4 -Wall -c -fmessage-length=0 -fno-builtin -ffunction-sections -fmerge-constants -fmacro-prefix-map="../src/"= -mcpu=cortex-m3 -mthumb -D__NEWLIB__ -fstack-usage -MMD -MP -MF"src/startupSound_8k.d" -MT"src/startupSound_8k.o" -MT"src/startupSound_8k.d" -o "src/startupSound_8k.o" "../src/startupSound_8k.c"
Finished building: ../src/startupSound_8k.c
 
Building target: speaker_wav.axf
Invoking: MCU Linker
arm-none-eabi-gcc -nostdlib -L"D:\E13_V5_okno\E13_alarm_V3\Lib_CMSISv1p30_LPC17xx\Debug" -L"D:\E13_V5_okno\E13_alarm_V3\Lib_EaBaseBoard\Debug" -L"D:\E13_V5_okno\E13_alarm_V3\Lib_MCU\Debug" -Xlinker --gc-sections -Xlinker -Map=speaker_wav.map -mcpu=cortex-m3 -mthumb -T speaker_wav_Debug.ld -o "speaker_wav.axf" ./src/cr_startup_lpc17.o ./src/main.o ./src/startupSound_8k.o    -lCMSISv1p30_LPC17xx -lLib_EaBaseBoard -lLib_MCU
Finished building target: speaker_wav.axf
 
Performing post-build steps
arm-none-eabi-size speaker_wav.axf; # arm-none-eabi-objdump -h -S speaker_wav.axf >speaker_wav.lss
   text	   data	    bss	    dec	    hex	filename
  35608	      8	      0	  35616	   8b20	speaker_wav.axf
 

13:03:07 Build Finished. 0 errors, 0 warnings. (took 7s.5ms)

