../src/lpc17xx_can.c:142:6:CAN_Init	16	static
../src/lpc17xx_can.c:200:6:CAN_DeInit	8	static
../src/lpc17xx_can.c:227:11:CAN_SetupAFLUT	56	static
../src/lpc17xx_can.c:497:11:CAN_LoadExplicitEntry	48	static
../src/lpc17xx_can.c:706:11:CAN_LoadFullCANEntry	40	static
../src/lpc17xx_can.c:895:11:CAN_LoadGroupEntry	48	static
../src/lpc17xx_can.c:1100:11:CAN_RemoveEntry	48	static
../src/lpc17xx_can.c:1340:8:CAN_SendMsg	16	static
../src/lpc17xx_can.c:1493:8:CAN_ReceiveMsg	16	static
../src/lpc17xx_can.c:1558:11:FCAN_ReadObj	32	static
../src/lpc17xx_can.c:1647:10:CAN_GetCTRLStatus	16	static
../src/lpc17xx_can.c:1677:10:CAN_GetCRStatus	16	static
../src/lpc17xx_can.c:1718:6:CAN_IRQCmd	16	static
../src/lpc17xx_can.c:1757:6:CAN_SetAFMode	16	static
../src/lpc17xx_can.c:1798:6:CAN_ModeConfig	16	static
../src/lpc17xx_can.c:1873:6:CAN_SetCommand	16	static
../src/lpc17xx_can.c:1886:10:CAN_IntGetStatus	8	static
../src/lpc17xx_can.c:1899:11:CAN_FullCANIntGetStatus	8	static
../src/lpc17xx_can.c:1915:10:CAN_FullCANPendGetStatus	16	static
