../src/lpc17xx_i2c.c:110:16:I2C_getNum	0	static
../src/lpc17xx_i2c.c:169:17:I2C_SendByte	0	static
../src/lpc17xx_i2c.c:261:6:I2C_Init	16	static
../src/lpc17xx_i2c.c:309:6:I2C_DeInit	16	static
../src/lpc17xx_i2c.c:342:6:I2C_Cmd	16	static
../src/lpc17xx_i2c.c:369:6:I2C_IntCmd	0	static
../src/lpc17xx_i2c.c:413:6:I2C_MasterHandler	24	static
../src/lpc17xx_i2c.c:617:6:I2C_SlaveHandler	24	static
../src/lpc17xx_i2c.c:778:8:I2C_MasterTransferData	48	static
../src/lpc17xx_i2c.c:990:8:I2C_SlaveTransferData	24	static
../src/lpc17xx_i2c.c:1181:6:I2C_SetOwnSlaveAddr	16	static
../src/lpc17xx_i2c.c:1234:6:I2C_MonitorModeConfig	16	static
../src/lpc17xx_i2c.c:1262:6:I2C_MonitorModeCmd	16	static
../src/lpc17xx_i2c.c:1297:9:I2C_MonitorGetDatabuffer	8	static
../src/lpc17xx_i2c.c:1318:8:I2C_MonitorHandler	8	static
../src/lpc17xx_i2c.c:1342:10:I2C_MasterTransferComplete	8	static
../src/lpc17xx_i2c.c:1359:10:I2C_SlaveTransferComplete	8	static
