../src/lpc17xx_rtc.c:60:6:RTC_Init	8	static
../src/lpc17xx_rtc.c:82:6:RTC_DeInit	8	static
../src/lpc17xx_rtc.c:96:6:RTC_ResetClockTickCounter	8	static
../src/lpc17xx_rtc.c:112:6:RTC_Cmd	16	static
../src/lpc17xx_rtc.c:150:6:RTC_CntIncrIntConfig	16	static
../src/lpc17xx_rtc.c:242:6:RTC_AlarmIntConfig	16	static
../src/lpc17xx_rtc.c:327:6:RTC_SetTime	16	static
../src/lpc17xx_rtc.c:401:10:RTC_GetTime	16	static
../src/lpc17xx_rtc.c:437:6:RTC_SetFullTime	16	static
../src/lpc17xx_rtc.c:459:6:RTC_GetFullTime	16	static
../src/lpc17xx_rtc.c:489:6:RTC_SetAlarmTime	16	static
../src/lpc17xx_rtc.c:564:10:RTC_GetAlarmTime	0	static
../src/lpc17xx_rtc.c:597:6:RTC_SetFullAlarmTime	16	static
../src/lpc17xx_rtc.c:619:6:RTC_GetFullAlarmTime	16	static
../src/lpc17xx_rtc.c:646:11:RTC_GetIntPending	16	static
../src/lpc17xx_rtc.c:665:6:RTC_ClearIntPending	16	static
../src/lpc17xx_rtc.c:681:6:RTC_CalibCounterCmd	16	static
../src/lpc17xx_rtc.c:707:6:RTC_CalibConfig	16	static
../src/lpc17xx_rtc.c:729:6:RTC_WriteGPREG	16	static
../src/lpc17xx_rtc.c:752:10:RTC_ReadGPREG	16	static
