../src/lpc17xx_timer.c:163:12:TIM_GetIntStatus	16	static
../src/lpc17xx_timer.c:193:12:TIM_GetIntCaptureStatus	16	static
../src/lpc17xx_timer.c:219:6:TIM_ClearIntPending	16	static
../src/lpc17xx_timer.c:242:6:TIM_ClearIntCapturePending	16	static
../src/lpc17xx_timer.c:260:6:TIM_ConfigStructInit	0	static
../src/lpc17xx_timer.c:294:6:TIM_Init	24	static
../src/lpc17xx_timer.c:375:6:TIM_DeInit	16	static
../src/lpc17xx_timer.c:408:6:TIM_Cmd	16	static
../src/lpc17xx_timer.c:432:6:TIM_ResetCounter	8	static
../src/lpc17xx_timer.c:462:6:TIM_ConfigMatch	16	static
../src/lpc17xx_timer.c:517:6:TIM_UpdateMatchValue	16	static
../src/lpc17xx_timer.c:554:6:TIM_ConfigCapture	16	static
../src/lpc17xx_timer.c:582:10:TIM_GetCaptureValue	16	static
../src/lpc17xx_timer.c:598:6:Timer0_Wait	32	static
../src/lpc17xx_timer.c:628:6:Timer0_us_Wait	32	static
