../src/lpc17xx_emac.c:186:16:read_PHY	0	static
../src/lpc17xx_emac.c:159:16:write_PHY.constprop.isra	0	static
../src/lpc17xx_emac.c:388:6:EMAC_DeInit	0	static
../src/lpc17xx_emac.c:420:9:EMAC_CheckPHYStatus	8	static
../src/lpc17xx_emac.c:551:9:EMAC_UpdatePHYStatus	8	static
../src/lpc17xx_emac.c:470:9:EMAC_SetPHYMode	16	static
../src/lpc17xx_emac.c:292:8:EMAC_Init	24	static
../src/lpc17xx_emac.c:642:6:EMAC_SetHashFilter	36	static
../src/lpc17xx_emac.c:692:6:EMAC_SetFilterMode	0	static
../src/lpc17xx_emac.c:718:12:EMAC_GetWoLStatus	0	static
../src/lpc17xx_emac.c:737:6:EMAC_WritePacketBuffer	20	static
../src/lpc17xx_emac.c:760:6:EMAC_ReadPacketBuffer	0	static
../src/lpc17xx_emac.c:794:6:EMAC_IntCmd	0	static
../src/lpc17xx_emac.c:820:11:EMAC_IntGetStatus	0	static
../src/lpc17xx_emac.c:841:6:EMAC_CheckReceiveIndex	0	static
../src/lpc17xx_emac.c:861:6:EMAC_CheckTransmitIndex	0	static
../src/lpc17xx_emac.c:891:12:EMAC_CheckReceiveDataStatus	0	static
../src/lpc17xx_emac.c:905:10:EMAC_GetReceiveDataSize	0	static
../src/lpc17xx_emac.c:919:6:EMAC_UpdateRxConsumeIndex	0	static
../src/lpc17xx_emac.c:936:6:EMAC_UpdateTxProduceIndex	0	static
