../src/lpc17xx_spi.c:59:6:SPI_SetClock.part.0	8	static
../src/lpc17xx_spi.c:59:6:SPI_SetClock	0	static
../src/lpc17xx_spi.c:96:6:SPI_DeInit	0	static
../src/lpc17xx_spi.c:111:9:SPI_GetDataSize	8	static
../src/lpc17xx_spi.c:126:6:SPI_Init	16	static
../src/lpc17xx_spi.c:169:6:SPI_ConfigStructInit	0	static
../src/lpc17xx_spi.c:186:6:SPI_SendData	16	static
../src/lpc17xx_spi.c:200:10:SPI_ReceiveData	8	static
../src/lpc17xx_spi.c:346:6:SPI_IntCmd	16	static
../src/lpc17xx_spi.c:221:9:SPI_ReadWrite	40	static
../src/lpc17xx_spi.c:367:11:SPI_GetIntStatus	8	static
../src/lpc17xx_spi.c:379:6:SPI_ClearIntPending	8	static
../src/lpc17xx_spi.c:398:10:SPI_GetStatus	8	static
../src/lpc17xx_spi.c:419:12:SPI_CheckStatus	16	static
