Archive member included to satisfy reference by file (symbol)

C:\Users\nikod\Downloads\E13_V7_final\E13_alarm_V3\Lib_CMSISv1p30_LPC17xx\Debug\libCMSISv1p30_LPC17xx.a(system_LPC17xx.o)
                              ./src/ocf_lpc176x_lib.o (SystemCoreClock)
C:\Users\nikod\Downloads\E13_V7_final\E13_alarm_V3\Lib_EaBaseBoard\Debug\libLib_EaBaseBoard.a(joystick.o)
                              ./src/main.o (joystick_read)
C:\Users\nikod\Downloads\E13_V7_final\E13_alarm_V3\Lib_EaBaseBoard\Debug\libLib_EaBaseBoard.a(light.o)
                              ./src/main.o (light_init)
C:\Users\nikod\Downloads\E13_V7_final\E13_alarm_V3\Lib_EaBaseBoard\Debug\libLib_EaBaseBoard.a(oled.o)
                              ./src/main.o (oled_init)
C:\Users\nikod\Downloads\E13_V7_final\E13_alarm_V3\Lib_EaBaseBoard\Debug\libLib_EaBaseBoard.a(pca9532.o)
                              ./src/main.o (pca9532_setLeds)
C:\Users\nikod\Downloads\E13_V7_final\E13_alarm_V3\Lib_EaBaseBoard\Debug\libLib_EaBaseBoard.a(rgb.o)
                              ./src/main.o (rgb_init)
C:\Users\nikod\Downloads\E13_V7_final\E13_alarm_V3\Lib_EaBaseBoard\Debug\libLib_EaBaseBoard.a(font5x7.o)
                              C:\Users\nikod\Downloads\E13_V7_final\E13_alarm_V3\Lib_EaBaseBoard\Debug\libLib_EaBaseBoard.a(oled.o) (font5x7)
C:\Users\nikod\Downloads\E13_V7_final\E13_alarm_V3\Lib_MCU\Debug\libLib_MCU.a(lpc17xx_gpio.o)
                              ./src/main.o (GPIO_SetDir)
C:\Users\nikod\Downloads\E13_V7_final\E13_alarm_V3\Lib_MCU\Debug\libLib_MCU.a(lpc17xx_i2c.o)
                              ./src/main.o (I2C_Init)
C:\Users\nikod\Downloads\E13_V7_final\E13_alarm_V3\Lib_MCU\Debug\libLib_MCU.a(lpc17xx_libcfg_default.o)
                              C:\Users\nikod\Downloads\E13_V7_final\E13_alarm_V3\Lib_MCU\Debug\libLib_MCU.a(lpc17xx_i2c.o) (check_failed)
C:\Users\nikod\Downloads\E13_V7_final\E13_alarm_V3\Lib_MCU\Debug\libLib_MCU.a(lpc17xx_pinsel.o)
                              ./src/main.o (PINSEL_ConfigPin)
C:\Users\nikod\Downloads\E13_V7_final\E13_alarm_V3\Lib_MCU\Debug\libLib_MCU.a(lpc17xx_ssp.o)
                              ./src/main.o (SSP_Init)
C:\Users\nikod\Downloads\E13_V7_final\E13_alarm_V3\Lib_MCU\Debug\libLib_MCU.a(lpc17xx_timer.o)
                              ./src/main.o (Timer0_Wait)
C:\Users\nikod\Downloads\E13_V7_final\E13_alarm_V3\Lib_MCU\Debug\libLib_MCU.a(lpc17xx_clkpwr.o)
                              C:\Users\nikod\Downloads\E13_V7_final\E13_alarm_V3\Lib_MCU\Debug\libLib_MCU.a(lpc17xx_i2c.o) (CLKPWR_SetPCLKDiv)
C:/nxp/MCUXpressoIDE_24.12.148/ide/plugins/com.nxp.mcuxpresso.tools.win32_24.12.0.202407110909/tools/bin/../lib/gcc/arm-none-eabi/13.2.1/thumb/v7-m/nofp\libgcc.a(_arm_addsubdf3.o)
                              ./src/main.o (__aeabi_f2d)
C:/nxp/MCUXpressoIDE_24.12.148/ide/plugins/com.nxp.mcuxpresso.tools.win32_24.12.0.202407110909/tools/bin/../lib/gcc/arm-none-eabi/13.2.1/thumb/v7-m/nofp\libgcc.a(_arm_addsubsf3.o)
                              ./src/main.o (__aeabi_ui2f)
C:/nxp/MCUXpressoIDE_24.12.148/ide/plugins/com.nxp.mcuxpresso.tools.win32_24.12.0.202407110909/tools/bin/../lib/gcc/arm-none-eabi/13.2.1/thumb/v7-m/nofp\libgcc.a(_arm_muldivsf3.o)
                              ./src/main.o (__aeabi_fdiv)
C:/nxp/MCUXpressoIDE_24.12.148/ide/plugins/com.nxp.mcuxpresso.tools.win32_24.12.0.202407110909/tools/bin/../lib/gcc/arm-none-eabi/13.2.1/thumb/v7-m/nofp\libgcc.a(_arm_cmpsf2.o)
                              ./src/main.o (__aeabi_fcmplt)
C:/nxp/MCUXpressoIDE_24.12.148/ide/plugins/com.nxp.mcuxpresso.tools.win32_24.12.0.202407110909/tools/bin/../lib/gcc/arm-none-eabi/13.2.1/thumb/v7-m/nofp\libgcc.a(_aeabi_uldivmod.o)
                              C:\Users\nikod\Downloads\E13_V7_final\E13_alarm_V3\Lib_CMSISv1p30_LPC17xx\Debug\libCMSISv1p30_LPC17xx.a(system_LPC17xx.o) (__aeabi_uldivmod)
C:/nxp/MCUXpressoIDE_24.12.148/ide/plugins/com.nxp.mcuxpresso.tools.win32_24.12.0.202407110909/tools/bin/../lib/gcc/arm-none-eabi/13.2.1/thumb/v7-m/nofp\libgcc.a(_udivmoddi4.o)
                              C:/nxp/MCUXpressoIDE_24.12.148/ide/plugins/com.nxp.mcuxpresso.tools.win32_24.12.0.202407110909/tools/bin/../lib/gcc/arm-none-eabi/13.2.1/thumb/v7-m/nofp\libgcc.a(_aeabi_uldivmod.o) (__udivmoddi4)
C:/nxp/MCUXpressoIDE_24.12.148/ide/plugins/com.nxp.mcuxpresso.tools.win32_24.12.0.202407110909/tools/bin/../lib/gcc/arm-none-eabi/13.2.1/thumb/v7-m/nofp\libgcc.a(_dvmd_tls.o)
                              C:/nxp/MCUXpressoIDE_24.12.148/ide/plugins/com.nxp.mcuxpresso.tools.win32_24.12.0.202407110909/tools/bin/../lib/gcc/arm-none-eabi/13.2.1/thumb/v7-m/nofp\libgcc.a(_aeabi_uldivmod.o) (__aeabi_ldiv0)
C:/nxp/MCUXpressoIDE_24.12.148/ide/plugins/com.nxp.mcuxpresso.tools.win32_24.12.0.202407110909/tools/bin/../lib/gcc/arm-none-eabi/13.2.1/thumb/v7-m/nofp\libc.a(libc_a-printf.o)
                              ./src/main.o (printf)
[...]
Memory Configuration

Name             Origin             Length             Attributes
MFlash512        0x00000000         0x00080000         xr
RamLoc32         0x10000000         0x00008000         xrw
RamAHB32         0x2007c000         0x00008000         xrw
*default*        0x00000000         0xffffffff

Linker script and memory map

LOAD ./src/cr_startup_lpc17.o
LOAD ./src/main.o
LOAD ./src/ocf_lpc176x_lib.o
LOAD ./src/rc522.o
LOAD C:\Users\nikod\Downloads\E13_V7_final\E13_alarm_V3\Lib_CMSISv1p30_LPC17xx\Debug\libCMSISv1p30_LPC17xx.a
LOAD C:\Users\nikod\Downloads\E13_V7_final\E13_alarm_V3\Lib_EaBaseBoard\Debug\libLib_EaBaseBoard.a
LOAD C:\Users\nikod\Downloads\E13_V7_final\E13_alarm_V3\Lib_MCU\Debug\libLib_MCU.a
START GROUP
LOAD C:/nxp/MCUXpressoIDE_24.12.148/ide/plugins/com.nxp.mcuxpresso.tools.win32_24.12.0.202407110909/tools/bin/../lib/gcc/arm-none-eabi/13.2.1/thumb/v7-m/nofp\libgcc.a
LOAD C:/nxp/MCUXpressoIDE_24.12.148/ide/plugins/com.nxp.mcuxpresso.tools.win32_24.12.0.202407110909/tools/bin/../lib/gcc/arm-none-eabi/13.2.1/thumb/v7-m/nofp\libc.a
LOAD C:/nxp/MCUXpressoIDE_24.12.148/ide/plugins/com.nxp.mcuxpresso.tools.win32_24.12.0.202407110909/tools/bin/../lib/gcc/arm-none-eabi/13.2.1/thumb/v7-m/nofp\libm.a
LOAD C:/nxp/MCUXpressoIDE_24.12.148/ide/plugins/com.nxp.mcuxpresso.tools.win32_24.12.0.202407110909/tools/bin/../lib/gcc/arm-none-eabi/13.2.1/../../../../arm-none-eabi/lib/thumb/v7-m/nofp\libcr_newlib_semihost.a
END GROUP
                0x00000000                        __base_MFlash512 = 0x0
                0x00000000                        __base_Flash = 0x0
                0x00080000                        __top_MFlash512 = 0x80000
                0x00080000                        __top_Flash = 0x80000
                0x10000000                        __base_RamLoc32 = 0x10000000
                0x10000000                        __base_RAM = 0x10000000
                0x10008000                        __top_RamLoc32 = 0x10008000
                0x10008000                        __top_RAM = 0x10008000
                0x2007c000                        __base_RamAHB32 = 0x2007c000
                0x2007c000                        __base_RAM2 = 0x2007c000
                0x20084000                        __top_RamAHB32 = 0x20084000
                0x20084000                        __top_RAM2 = 0x20084000

.text           0x00000000     0xd3e8
 FILL mask 0xff
                0x00000000                        __vectors_start__ = ABSOLUTE (.)
 *(.isr_vector)
 .isr_vector    0x00000000       0xcc ./src/cr_startup_lpc17.o
                0x00000000                g_pfnVectors
                0x000000cc                        . = ALIGN (0x4)
                0x000000cc                        __section_table_start = .
                0x000000cc                        __data_section_table = .
                0x000000cc        0x4 LONG 0xd3f0 LOADADDR (.data)
                0x000000d0        0x4 LONG 0x10000000 ADDR (.data)
                0x000000d4        0x4 LONG 0x6b8 SIZEOF (.data)
                0x000000d8        0x4 LONG 0xd3f0 LOADADDR (.data_RAM2)
                0x000000dc        0x4 LONG 0x2007c000 ADDR (.data_RAM2)
                0x000000e0        0x4 LONG 0x0 SIZEOF (.data_RAM2)
                0x000000e4                        __data_section_table_end = .
                0x000000e4                        __bss_section_table = .
                0x000000e4        0x4 LONG 0x100006b8 ADDR (.bss)
                0x000000e8        0x4 LONG 0x508 SIZEOF (.bss)
                0x000000ec        0x4 LONG 0x2007c000 ADDR (.bss_RAM2)
                0x000000f0        0x4 LONG 0x0 SIZEOF (.bss_RAM2)
                0x000000f4                        __bss_section_table_end = .
                0x000000f4                        __section_table_end = .
 *(.after_vectors*)
 *(.text*)
 .text.ResetISR
                0x000000f4       0x5c ./src/cr_startup_lpc17.o
                0x000000f4                ResetISR
 .text.NMI_Handler
                0x00000150        0x8 ./src/cr_startup_lpc17.o
                0x00000150                NMI_Handler
 .text.HardFault_Handler
                0x00000158        0x8 ./src/cr_startup_lpc17.o
                0x00000158                HardFault_Handler
 .text.MemManage_Handler
                0x00000160        0x8 ./src/cr_startup_lpc17.o
                0x00000160                MemManage_Handler
 .text.BusFault_Handler
                0x00000168        0x8 ./src/cr_startup_lpc17.o
                0x00000168                BusFault_Handler
 .text.UsageFault_Handler
                0x00000170        0x8 ./src/cr_startup_lpc17.o
                0x00000170                UsageFault_Handler
 .text.SVCall_Handler
                0x00000178        0x8 ./src/cr_startup_lpc17.o
                0x00000178                SVCall_Handler
 .text.DebugMon_Handler
                0x00000180        0x8 ./src/cr_startup_lpc17.o
                0x00000180                DebugMon_Handler
 .text.PendSV_Handler
                0x00000188        0x8 ./src/cr_startup_lpc17.o
                0x00000188                PendSV_Handler
 .text.SysTick_Handler
                0x00000190        0x8 ./src/cr_startup_lpc17.o
                0x00000190                SysTick_Handler
 .text.IntDefaultHandler
                0x00000198        0x8 ./src/cr_startup_lpc17.o
                0x00000198                TIMER2_IRQHandler
                0x00000198                RIT_IRQHandler
                0x00000198                I2C0_IRQHandler
                0x00000198                USBActivity_IRQHandler
                0x00000198                PWM1_IRQHandler
                0x00000198                I2C1_IRQHandler
                0x00000198                EINT2_IRQHandler
                0x00000198                UART1_IRQHandler
                0x00000198                EINT3_IRQHandler
                0x00000198                CANActivity_IRQHandler
                0x00000198                TIMER3_IRQHandler
                0x00000198                UART0_IRQHandler
                0x00000198                IntDefaultHandler
                0x00000198                PLL0_IRQHandler
                0x00000198                CAN_IRQHandler
                0x00000198                PLL1_IRQHandler
                0x00000198                SSP0_IRQHandler
                0x00000198                I2S_IRQHandler
                0x00000198                I2C2_IRQHandler
                0x00000198                RTC_IRQHandler
                0x00000198                TIMER0_IRQHandler
                0x00000198                SPI_IRQHandler
                0x00000198                EINT1_IRQHandler
                0x00000198                TIMER1_IRQHandler
                0x00000198                UART2_IRQHandler
                0x00000198                ADC_IRQHandler
                0x00000198                SSP1_IRQHandler
                0x00000198                USB_IRQHandler
                0x00000198                BOD_IRQHandler
                0x00000198                WDT_IRQHandler
                0x00000198                QEI_IRQHandler
                0x00000198                EINT0_IRQHandler
                0x00000198                DMA_IRQHandler
                0x00000198                UART3_IRQHandler
                0x00000198                MCPWM_IRQHandler
                0x00000198                ENET_IRQHandler
 .text.__NOP    0x000001a0        0xe ./src/main.o
 *fill*         0x000001ae        0x2 ff
 .text.GPIO_init_internal
                0x000001b0       0x38 ./src/main.o
 .text.initUltrasonic_internal
                0x000001e8       0x60 ./src/main.o
 .text.getUltrasonicDistance_internal
                0x00000248       0xc0 ./src/main.o
 .text.checkMotionDetection_internal
                0x00000308       0x80 ./src/main.o
 .text.initAlarm_internal
                0x00000388       0x56 ./src/main.o
 .text.playNote_internal
                0x000003de       0x6a ./src/main.o
 .text.runAlarm_internal
                0x00000448       0x44 ./src/main.o
 .text.init_ssp_internal
                0x0000048c       0x8c ./src/main.o
 .text.init_i2c_internal
                0x00000518       0x50 ./src/main.o
 .text.moveBar_internal
                0x00000568       0x1e ./src/main.o
 *fill*         0x00000586        0x2 ff
 .text.checkRFID_internal
                0x00000588       0x74 ./src/main.o
 .text.writeCommand_internal
                0x000005fc       0x48 ./src/main.o
 .text.oled_setInversion_internal
                0x00000644       0x38 ./src/main.o
 .text.checkLightAndInversion_internal
                0x0000067c       0x48 ./src/main.o
 .text.playConfirmationSound_internal
                0x000006c4       0x32 ./src/main.o
 .text.playArmSound_internal
                0x000006f6       0x22 ./src/main.o
 .text.playDisarmSound_internal
                0x00000718       0x22 ./src/main.o
 *fill*         0x0000073a        0x2 ff
 .text.handleJoystick_internal
                0x0000073c      0x140 ./src/main.o
 .text.is_closed_internal
                0x0000087c       0x24 ./src/main.o
 .text.updateMainDisplay_internal
                0x000008a0      0x1b4 ./src/main.o
 .text.main     0x00000a54      0x2a4 ./src/main.o
                0x00000a54                main
 .text.rc522_init
                0x00000cf8       0x6a ./src/rc522.o
                0x00000cf8                rc522_init
 *fill*         0x00000d62        0x2 ff
 .text.rc522_write
                0x00000d64       0x5c ./src/rc522.o
                0x00000d64                rc522_write
 .text.rc522_read
                0x00000dc0       0x64 ./src/rc522.o
                0x00000dc0                rc522_read
 .text.rc522_setBitMask
                0x00000e24       0x36 ./src/rc522.o
                0x00000e24                rc522_setBitMask
 .text.rc522_clearBitMask
                0x00000e5a       0x40 ./src/rc522.o
                0x00000e5a                rc522_clearBitMask
 .text.rc522_antennaOn
                0x00000e9a       0x2a ./src/rc522.o
                0x00000e9a                rc522_antennaOn
 .text.rc522_reset
                0x00000ec4       0x10 ./src/rc522.o
                0x00000ec4                rc522_reset
 .text.rc522_request
                0x00000ed4       0x4a ./src/rc522.o
                0x00000ed4                rc522_request
 .text.rc522_toCard
                0x00000f1e      0x19e ./src/rc522.o
                0x00000f1e                rc522_toCard
 .text.rc522_anticoll
                0x000010bc       0x7a ./src/rc522.o
                0x000010bc                rc522_anticoll
 .text.rc522_calculateCRC
                0x00001136       0x92 ./src/rc522.o
                0x00001136                rc522_calculateCRC
 .text.rc522_halt
                0x000011c8       0x3a ./src/rc522.o
                0x000011c8                rc522_halt
 *fill*         0x00001202        0x2 ff
 .text.SystemInit
                0x00001204      0x140 C:\Users\nikod\Downloads\E13_V7_final\E13_alarm_V3\Lib_CMSISv1p30_LPC17xx\Debug\libCMSISv1p30_LPC17xx.a(system_LPC17xx.o)
                0x00001204                SystemInit
 .text.joystick_read
                0x00001344       0x86 C:\Users\nikod\Downloads\E13_V7_final\E13_alarm_V3\Lib_EaBaseBoard\Debug\libLib_EaBaseBoard.a(joystick.o)
                0x00001344                joystick_read
 *fill*         0x000013ca        0x2 ff
 .text.I2CRead  0x000013cc       0x50 C:\Users\nikod\Downloads\E13_V7_final\E13_alarm_V3\Lib_EaBaseBoard\Debug\libLib_EaBaseBoard.a(light.o)
 .text.I2CWrite
                0x0000141c       0x50 C:\Users\nikod\Downloads\E13_V7_final\E13_alarm_V3\Lib_EaBaseBoard\Debug\libLib_EaBaseBoard.a(light.o)
 .text.light_init
                0x0000146c        0xc C:\Users\nikod\Downloads\E13_V7_final\E13_alarm_V3\Lib_EaBaseBoard\Debug\libLib_EaBaseBoard.a(light.o)
                0x0000146c                light_init
 .text.light_enable
                0x00001478       0x3c C:\Users\nikod\Downloads\E13_V7_final\E13_alarm_V3\Lib_EaBaseBoard\Debug\libLib_EaBaseBoard.a(light.o)
                0x00001478                light_enable
 .text.light_read
                0x000014b4       0x74 C:\Users\nikod\Downloads\E13_V7_final\E13_alarm_V3\Lib_EaBaseBoard\Debug\libLib_EaBaseBoard.a(light.o)
                0x000014b4                light_read
 .text.writeCommand
                0x00001528       0x48 C:\Users\nikod\Downloads\E13_V7_final\E13_alarm_V3\Lib_EaBaseBoard\Debug\libLib_EaBaseBoard.a(oled.o)
 .text.writeData
                0x00001570       0x48 C:\Users\nikod\Downloads\E13_V7_final\E13_alarm_V3\Lib_EaBaseBoard\Debug\libLib_EaBaseBoard.a(oled.o)
 .text.writeDataLen
                0x000015b8       0x78 C:\Users\nikod\Downloads\E13_V7_final\E13_alarm_V3\Lib_EaBaseBoard\Debug\libLib_EaBaseBoard.a(oled.o)
 .text.runInitSequence
                0x00001630       0xd4 C:\Users\nikod\Downloads\E13_V7_final\E13_alarm_V3\Lib_EaBaseBoard\Debug\libLib_EaBaseBoard.a(oled.o)
 .text.oled_init
                0x00001704       0x74 C:\Users\nikod\Downloads\E13_V7_final\E13_alarm_V3\Lib_EaBaseBoard\Debug\libLib_EaBaseBoard.a(oled.o)
                0x00001704                oled_init
 .text.oled_putPixel
                0x00001778      0x150 C:\Users\nikod\Downloads\E13_V7_final\E13_alarm_V3\Lib_EaBaseBoard\Debug\libLib_EaBaseBoard.a(oled.o)
                0x00001778                oled_putPixel
 .text.oled_clearScreen
                0x000018c8       0x64 C:\Users\nikod\Downloads\E13_V7_final\E13_alarm_V3\Lib_EaBaseBoard\Debug\libLib_EaBaseBoard.a(oled.o)
                0x000018c8                oled_clearScreen
 .text.oled_putChar
                0x0000192c       0xd8 C:\Users\nikod\Downloads\E13_V7_final\E13_alarm_V3\Lib_EaBaseBoard\Debug\libLib_EaBaseBoard.a(oled.o)
                0x0000192c                oled_putChar
 .text.oled_putString
                0x00001a04       0x52 C:\Users\nikod\Downloads\E13_V7_final\E13_alarm_V3\Lib_EaBaseBoard\Debug\libLib_EaBaseBoard.a(oled.o)
                0x00001a04                oled_putString
 *fill*         0x00001a56        0x2 ff
 .text.I2CWrite
                0x00001a58       0x50 C:\Users\nikod\Downloads\E13_V7_final\E13_alarm_V3\Lib_EaBaseBoard\Debug\libLib_EaBaseBoard.a(pca9532.o)
 .text.setLsStates
                0x00001aa8       0xbe C:\Users\nikod\Downloads\E13_V7_final\E13_alarm_V3\Lib_EaBaseBoard\Debug\libLib_EaBaseBoard.a(pca9532.o)
 *fill*         0x00001b66        0x2 ff
 .text.setLeds  0x00001b68       0x70 C:\Users\nikod\Downloads\E13_V7_final\E13_alarm_V3\Lib_EaBaseBoard\Debug\libLib_EaBaseBoard.a(pca9532.o)
 .text.pca9532_setLeds
                0x00001bd8       0x80 C:\Users\nikod\Downloads\E13_V7_final\E13_alarm_V3\Lib_EaBaseBoard\Debug\libLib_EaBaseBoard.a(pca9532.o)
                0x00001bd8                pca9532_setLeds
 .text.rgb_init
                0x00001c58       0x28 C:\Users\nikod\Downloads\E13_V7_final\E13_alarm_V3\Lib_EaBaseBoard\Debug\libLib_EaBaseBoard.a(rgb.o)
                0x00001c58                rgb_init
 .text.rgb_setLeds
                0x00001c80       0x6a C:\Users\nikod\Downloads\E13_V7_final\E13_alarm_V3\Lib_EaBaseBoard\Debug\libLib_EaBaseBoard.a(rgb.o)
                0x00001c80                rgb_setLeds
 *fill*         0x00001cea        0x2 ff
 .text.GPIO_GetPointer
                0x00001cec       0x70 C:\Users\nikod\Downloads\E13_V7_final\E13_alarm_V3\Lib_MCU\Debug\libLib_MCU.a(lpc17xx_gpio.o)
 .text.GPIO_SetDir
                0x00001d5c       0x4a C:\Users\nikod\Downloads\E13_V7_final\E13_alarm_V3\Lib_MCU\Debug\libLib_MCU.a(lpc17xx_gpio.o)
                0x00001d5c                GPIO_SetDir
 .text.GPIO_SetValue
                0x00001da6       0x2a C:\Users\nikod\Downloads\E13_V7_final\E13_alarm_V3\Lib_MCU\Debug\libLib_MCU.a(lpc17xx_gpio.o)
                0x00001da6                GPIO_SetValue
 .text.GPIO_ClearValue
                0x00001dd0       0x2a C:\Users\nikod\Downloads\E13_V7_final\E13_alarm_V3\Lib_MCU\Debug\libLib_MCU.a(lpc17xx_gpio.o)
                0x00001dd0                GPIO_ClearValue
 .text.GPIO_ReadValue
                0x00001dfa       0x2a C:\Users\nikod\Downloads\E13_V7_final\E13_alarm_V3\Lib_MCU\Debug\libLib_MCU.a(lpc17xx_gpio.o)
                0x00001dfa                GPIO_ReadValue
 .text.NVIC_EnableIRQ
                0x00001e24       0x30 C:\Users\nikod\Downloads\E13_V7_final\E13_alarm_V3\Lib_MCU\Debug\libLib_MCU.a(lpc17xx_i2c.o)
 .text.NVIC_DisableIRQ
                0x00001e54       0x34 C:\Users\nikod\Downloads\E13_V7_final\E13_alarm_V3\Lib_MCU\Debug\libLib_MCU.a(lpc17xx_i2c.o)
 .text.I2C_getNum
                0x00001e88       0x48 C:\Users\nikod\Downloads\E13_V7_final\E13_alarm_V3\Lib_MCU\Debug\libLib_MCU.a(lpc17xx_i2c.o)
 .text.I2C_Start
                0x00001ed0       0x3a C:\Users\nikod\Downloads\E13_V7_final\E13_alarm_V3\Lib_MCU\Debug\libLib_MCU.a(lpc17xx_i2c.o)
 .text.I2C_Stop
                0x00001f0a       0x30 C:\Users\nikod\Downloads\E13_V7_final\E13_alarm_V3\Lib_MCU\Debug\libLib_MCU.a(lpc17xx_i2c.o)
 .text.I2C_SendByte
                0x00001f3a       0x4a C:\Users\nikod\Downloads\E13_V7_final\E13_alarm_V3\Lib_MCU\Debug\libLib_MCU.a(lpc17xx_i2c.o)
 .text.I2C_GetByte
                0x00001f84       0x52 C:\Users\nikod\Downloads\E13_V7_final\E13_alarm_V3\Lib_MCU\Debug\libLib_MCU.a(lpc17xx_i2c.o)
 *fill*         0x00001fd6        0x2 ff
 .text.I2C_SetClock
                0x00001fd8       0xa4 C:\Users\nikod\Downloads\E13_V7_final\E13_alarm_V3\Lib_MCU\Debug\libLib_MCU.a(lpc17xx_i2c.o)
 .text.I2C_Init
                0x0000207c       0xa4 C:\Users\nikod\Downloads\E13_V7_final\E13_alarm_V3\Lib_MCU\Debug\libLib_MCU.a(lpc17xx_i2c.o)
                0x0000207c                I2C_Init
 .text.I2C_Cmd  0x00002120       0x70 C:\Users\nikod\Downloads\E13_V7_final\E13_alarm_V3\Lib_MCU\Debug\libLib_MCU.a(lpc17xx_i2c.o)
                0x00002120                I2C_Cmd
 .text.I2C_IntCmd
                0x00002190       0x88 C:\Users\nikod\Downloads\E13_V7_final\E13_alarm_V3\Lib_MCU\Debug\libLib_MCU.a(lpc17xx_i2c.o)
                0x00002190                I2C_IntCmd
 .text.I2C_MasterTransferData
                0x00002218      0x2e8 C:\Users\nikod\Downloads\E13_V7_final\E13_alarm_V3\Lib_MCU\Debug\libLib_MCU.a(lpc17xx_i2c.o)
                0x00002218                I2C_MasterTransferData
 .text.check_failed
                0x00002500        0xe C:\Users\nikod\Downloads\E13_V7_final\E13_alarm_V3\Lib_MCU\Debug\libLib_MCU.a(lpc17xx_libcfg_default.o)
                0x00002500                check_failed
 *fill*         0x0000250e        0x2 ff
 .text.set_PinFunc
                0x00002510       0x80 C:\Users\nikod\Downloads\E13_V7_final\E13_alarm_V3\Lib_MCU\Debug\libLib_MCU.a(lpc17xx_pinsel.o)
 .text.set_ResistorMode
                0x00002590       0x80 C:\Users\nikod\Downloads\E13_V7_final\E13_alarm_V3\Lib_MCU\Debug\libLib_MCU.a(lpc17xx_pinsel.o)
 .text.set_OpenDrainMode
                0x00002610       0x68 C:\Users\nikod\Downloads\E13_V7_final\E13_alarm_V3\Lib_MCU\Debug\libLib_MCU.a(lpc17xx_pinsel.o)
 .text.PINSEL_ConfigPin
                0x00002678       0x46 C:\Users\nikod\Downloads\E13_V7_final\E13_alarm_V3\Lib_MCU\Debug\libLib_MCU.a(lpc17xx_pinsel.o)
                0x00002678                PINSEL_ConfigPin
 *fill*         0x000026be        0x2 ff
 .text.setSSPclock
                0x000026c0       0xc4 C:\Users\nikod\Downloads\E13_V7_final\E13_alarm_V3\Lib_MCU\Debug\libLib_MCU.a(lpc17xx_ssp.o)
 .text.SSP_Init
                0x00002784       0x9c C:\Users\nikod\Downloads\E13_V7_final\E13_alarm_V3\Lib_MCU\Debug\libLib_MCU.a(lpc17xx_ssp.o)
                0x00002784                SSP_Init
 .text.SSP_GetDataSize
                0x00002820       0x40 C:\Users\nikod\Downloads\E13_V7_final\E13_alarm_V3\Lib_MCU\Debug\libLib_MCU.a(lpc17xx_ssp.o)
                0x00002820                SSP_GetDataSize
 .text.SSP_ConfigStructInit
                0x00002860       0x3c C:\Users\nikod\Downloads\E13_V7_final\E13_alarm_V3\Lib_MCU\Debug\libLib_MCU.a(lpc17xx_ssp.o)
                0x00002860                SSP_ConfigStructInit
 .text.SSP_Cmd  0x0000289c       0x6c C:\Users\nikod\Downloads\E13_V7_final\E13_alarm_V3\Lib_MCU\Debug\libLib_MCU.a(lpc17xx_ssp.o)
                0x0000289c                SSP_Cmd
 .text.SSP_SendData
                0x00002908       0x40 C:\Users\nikod\Downloads\E13_V7_final\E13_alarm_V3\Lib_MCU\Debug\libLib_MCU.a(lpc17xx_ssp.o)
                0x00002908                SSP_SendData
 .text.SSP_ReceiveData
                0x00002948       0x3c C:\Users\nikod\Downloads\E13_V7_final\E13_alarm_V3\Lib_MCU\Debug\libLib_MCU.a(lpc17xx_ssp.o)
                0x00002948                SSP_ReceiveData
 .text.SSP_ReadWrite
                0x00002984      0x34a C:\Users\nikod\Downloads\E13_V7_final\E13_alarm_V3\Lib_MCU\Debug\libLib_MCU.a(lpc17xx_ssp.o)
                0x00002984                SSP_ReadWrite
 *fill*         0x00002cce        0x2 ff
 .text.getPClock
                0x00002cd0       0x58 C:\Users\nikod\Downloads\E13_V7_final\E13_alarm_V3\Lib_MCU\Debug\libLib_MCU.a(lpc17xx_timer.o)
 .text.converUSecToVal
                0x00002d28       0x64 C:\Users\nikod\Downloads\E13_V7_final\E13_alarm_V3\Lib_MCU\Debug\libLib_MCU.a(lpc17xx_timer.o)
 .text.converPtrToTimeNum
                0x00002d8c       0x5c C:\Users\nikod\Downloads\E13_V7_final\E13_alarm_V3\Lib_MCU\Debug\libLib_MCU.a(lpc17xx_timer.o)
 .text.TIM_GetIntStatus
                0x00002de8       0x98 C:\Users\nikod\Downloads\E13_V7_final\E13_alarm_V3\Lib_MCU\Debug\libLib_MCU.a(lpc17xx_timer.o)
                0x00002de8                TIM_GetIntStatus
 .text.TIM_ClearIntPending
                0x00002e80       0x88 C:\Users\nikod\Downloads\E13_V7_final\E13_alarm_V3\Lib_MCU\Debug\libLib_MCU.a(lpc17xx_timer.o)
                0x00002e80                TIM_ClearIntPending
 .text.TIM_Init
                0x00002f08      0x184 C:\Users\nikod\Downloads\E13_V7_final\E13_alarm_V3\Lib_MCU\Debug\libLib_MCU.a(lpc17xx_timer.o)
                0x00002f08                TIM_Init
 .text.TIM_Cmd  0x0000308c       0x70 C:\Users\nikod\Downloads\E13_V7_final\E13_alarm_V3\Lib_MCU\Debug\libLib_MCU.a(lpc17xx_timer.o)
                0x0000308c                TIM_Cmd
 .text.TIM_ConfigMatch
                0x000030fc      0x188 C:\Users\nikod\Downloads\E13_V7_final\E13_alarm_V3\Lib_MCU\Debug\libLib_MCU.a(lpc17xx_timer.o)
                0x000030fc                TIM_ConfigMatch
 .text.Timer0_Wait
                0x00003284       0x76 C:\Users\nikod\Downloads\E13_V7_final\E13_alarm_V3\Lib_MCU\Debug\libLib_MCU.a(lpc17xx_timer.o)
                0x00003284                Timer0_Wait
 .text.Timer0_us_Wait
                0x000032fa       0x74 C:\Users\nikod\Downloads\E13_V7_final\E13_alarm_V3\Lib_MCU\Debug\libLib_MCU.a(lpc17xx_timer.o)
                0x000032fa                Timer0_us_Wait
 *fill*         0x0000336e        0x2 ff
 .text.CLKPWR_SetPCLKDiv
                0x00003370       0x90 C:\Users\nikod\Downloads\E13_V7_final\E13_alarm_V3\Lib_MCU\Debug\libLib_MCU.a(lpc17xx_clkpwr.o)
                0x00003370                CLKPWR_SetPCLKDiv
 .text.CLKPWR_GetPCLKSEL
                0x00003400       0x48 C:\Users\nikod\Downloads\E13_V7_final\E13_alarm_V3\Lib_MCU\Debug\libLib_MCU.a(lpc17xx_clkpwr.o)
                0x00003400                CLKPWR_GetPCLKSEL
 .text.CLKPWR_GetPCLK
                0x00003448       0x64 C:\Users\nikod\Downloads\E13_V7_final\E13_alarm_V3\Lib_MCU\Debug\libLib_MCU.a(lpc17xx_clkpwr.o)
                0x00003448                CLKPWR_GetPCLK
 .text.CLKPWR_ConfigPPWR
                0x000034ac       0x58 C:\Users\nikod\Downloads\E13_V7_final\E13_alarm_V3\Lib_MCU\Debug\libLib_MCU.a(lpc17xx_clkpwr.o)
                0x000034ac                CLKPWR_ConfigPPWR
 .text          0x00003504      0x378 C:/nxp/MCUXpressoIDE_24.12.148/ide/plugins/com.nxp.mcuxpresso.tools.win32_24.12.0.202407110909/tools/bin/../lib/gcc/arm-none-eabi/13.2.1/thumb/v7-m/nofp\libgcc.a(_arm_addsubdf3.o)
                0x00003504                __aeabi_drsub
                0x0000350c                __aeabi_dsub
                0x0000350c                __subdf3
                0x00003510                __aeabi_dadd
                0x00003510                __adddf3
                0x00003788                __floatunsidf
                0x00003788                __aeabi_ui2d
                0x000037a8                __floatsidf
                0x000037a8                __aeabi_i2d
                0x000037cc                __aeabi_f2d
                0x000037cc                __extendsfdf2
                0x00003810                __floatundidf
                0x00003810                __aeabi_ul2d
                0x00003820                __floatdidf
                0x00003820                __aeabi_l2d
 .text          0x0000387c      0x21c C:/nxp/MCUXpressoIDE_24.12.148/ide/plugins/com.nxp.mcuxpresso.tools.win32_24.12.0.202407110909/tools/bin/../lib/gcc/arm-none-eabi/13.2.1/thumb/v7-m/nofp\libgcc.a(_arm_addsubsf3.o)
                0x0000387c                __aeabi_frsub
                0x00003884                __subsf3
                0x00003884                __aeabi_fsub
                0x00003888                __aeabi_fadd
                0x00003888                __addsf3
                0x000039e8                __aeabi_ui2f
                0x000039e8                __floatunsisf
                0x000039f0                __aeabi_i2f
                0x000039f0                __floatsisf
                0x00003a0c                __aeabi_ul2f
                0x00003a0c                __floatundisf
                0x00003a1c                __aeabi_l2f
                0x00003a1c                __floatdisf
 .text          0x00003a98      0x2a0 C:/nxp/MCUXpressoIDE_24.12.148/ide/plugins/com.nxp.mcuxpresso.tools.win32_24.12.0.202407110909/tools/bin/../lib/gcc/arm-none-eabi/13.2.1/thumb/v7-m/nofp\libgcc.a(_arm_muldivsf3.o)
                0x00003a98                __mulsf3
                0x00003a98                __aeabi_fmul
                0x00003c00                __aeabi_fdiv
                0x00003c00                __divsf3
 .text          0x00003d38       0xec C:/nxp/MCUXpressoIDE_24.12.148/ide/plugins/com.nxp.mcuxpresso.tools.win32_24.12.0.202407110909/tools/bin/../lib/gcc/arm-none-eabi/13.2.1/thumb/v7-m/nofp\libgcc.a(_arm_cmpsf2.o)
                0x00003d38                __gesf2
                0x00003d38                __gtsf2
                0x00003d40                __lesf2
                0x00003d40                __ltsf2
                0x00003d48                __nesf2
                0x00003d48                __eqsf2
                0x00003d48                __cmpsf2
                0x00003da8                __aeabi_cfrcmple
                0x00003db0                __aeabi_cfcmpeq
                0x00003db0                __aeabi_cfcmple
                0x00003dc0                __aeabi_fcmpeq
                0x00003dd4                __aeabi_fcmplt
                0x00003de8                __aeabi_fcmple
                0x00003dfc                __aeabi_fcmpge
                0x00003e10                __aeabi_fcmpgt
 .text          0x00003e24       0x30 C:/nxp/MCUXpressoIDE_24.12.148/ide/plugins/com.nxp.mcuxpresso.tools.win32_24.12.0.202407110909/tools/bin/../lib/gcc/arm-none-eabi/13.2.1/thumb/v7-m/nofp\libgcc.a(_aeabi_uldivmod.o)
                0x00003e24                __aeabi_uldivmod
 .text.__udivmoddi4
                0x00003e54      0x2b4 C:/nxp/MCUXpressoIDE_24.12.148/ide/plugins/com.nxp.mcuxpresso.tools.win32_24.12.0.202407110909/tools/bin/../lib/gcc/arm-none-eabi/13.2.1/thumb/v7-m/nofp\libgcc.a(_udivmoddi4.o)
                0x00003e54                __udivmoddi4
 .text          0x00004108        0x4 C:/nxp/MCUXpressoIDE_24.12.148/ide/plugins/com.nxp.mcuxpresso.tools.win32_24.12.0.202407110909/tools/bin/../lib/gcc/arm-none-eabi/13.2.1/thumb/v7-m/nofp\libgcc.a(_dvmd_tls.o)
                0x00004108                __aeabi_idiv0
                0x00004108                __aeabi_ldiv0
 .text.printf   0x0000410c       0x28 C:/nxp/MCUXpressoIDE_24.12.148/ide/plugins/com.nxp.mcuxpresso.tools.win32_24.12.0.202407110909/tools/bin/../lib/gcc/arm-none-eabi/13.2.1/thumb/v7-m/nofp\libc.a(libc_a-printf.o)
                0x0000410c                printf
 .text.sprintf  0x00004134       0x44 C:/nxp/MCUXpressoIDE_24.12.148/ide/plugins/com.nxp.mcuxpresso.tools.win32_24.12.0.202407110909/tools/bin/../lib/gcc/arm-none-eabi/13.2.1/thumb/v7-m/nofp\libc.a(libc_a-sprintf.o)
                0x00004134                sprintf
 .text.memset   0x00004178       0xa0 C:/nxp/MCUXpressoIDE_24.12.148/ide/plugins/com.nxp.mcuxpresso.tools.win32_24.12.0.202407110909/tools/bin/../lib/gcc/arm-none-eabi/13.2.1/thumb/v7-m/nofp\libc.a(libc_a-memset.o)
                0x00004178                memset
 .text._svfprintf_r
                0x00004218     0x1b2c C:/nxp/MCUXpressoIDE_24.12.148/ide/plugins/com.nxp.mcuxpresso.tools.win32_24.12.0.202407110909/tools/bin/../lib/gcc/arm-none-eabi/13.2.1/thumb/v7-m/nofp\libc.a(libc_a-svfprintf.o)
                0x00004218                _svfprintf_r
 .text._vfprintf_r
                0x00005d44     0x1bf0 C:/nxp/MCUXpressoIDE_24.12.148/ide/plugins/com.nxp.mcuxpresso.tools.win32_24.12.0.202407110909/tools/bin/../lib/gcc/arm-none-eabi/13.2.1/thumb/v7-m/nofp\libc.a(libc_a-vfprintf.o)
                0x00005d44                _vfprintf_r
 .text.__sbprintf
                0x00007934       0x80 C:/nxp/MCUXpressoIDE_24.12.148/ide/plugins/com.nxp.mcuxpresso.tools.win32_24.12.0.202407110909/tools/bin/../lib/gcc/arm-none-eabi/13.2.1/thumb/v7-m/nofp\libc.a(libc_a-vfprintf.o)
 .text.__sprint_r.part.0
                0x000079b4       0x78 C:/nxp/MCUXpressoIDE_24.12.148/ide/plugins/com.nxp.mcuxpresso.tools.win32_24.12.0.202407110909/tools/bin/../lib/gcc/arm-none-eabi/13.2.1/thumb/v7-m/nofp\libc.a(libc_a-vfiprintf.o)
 .text.__sprint_r
                0x00007a2c       0x14 C:/nxp/MCUXpressoIDE_24.12.148/ide/plugins/com.nxp.mcuxpresso.tools.win32_24.12.0.202407110909/tools/bin/../lib/gcc/arm-none-eabi/13.2.1/thumb/v7-m/nofp\libc.a(libc_a-vfiprintf.o)
                0x00007a2c                __sprint_r
 .text._vfiprintf_r
                0x00007a40      0xfe8 C:/nxp/MCUXpressoIDE_24.12.148/ide/plugins/com.nxp.mcuxpresso.tools.win32_24.12.0.202407110909/tools/bin/../lib/gcc/arm-none-eabi/13.2.1/thumb/v7-m/nofp\libc.a(libc_a-vfiprintf.o)
                0x00007a40                _vfiprintf_r
 .text.__sbprintf
                0x00008a28       0x80 C:/nxp/MCUXpressoIDE_24.12.148/ide/plugins/com.nxp.mcuxpresso.tools.win32_24.12.0.202407110909/tools/bin/../lib/gcc/arm-none-eabi/13.2.1/thumb/v7-m/nofp\libc.a(libc_a-vfiprintf.o)
 .text.__sflush_r
                0x00008aa8      0x128 C:/nxp/MCUXpressoIDE_24.12.148/ide/plugins/com.nxp.mcuxpresso.tools.win32_24.12.0.202407110909/tools/bin/../lib/gcc/arm-none-eabi/13.2.1/thumb/v7-m/nofp\libc.a(libc_a-fflush.o)
                0x00008aa8                __sflush_r
 .text._fflush_r
                0x00008bd0       0x54 C:/nxp/MCUXpressoIDE_24.12.148/ide/plugins/com.nxp.mcuxpresso.tools.win32_24.12.0.202407110909/tools/bin/../lib/gcc/arm-none-eabi/13.2.1/thumb/v7-m/nofp\libc.a(libc_a-fflush.o)
                0x00008bd0                _fflush_r
 .text.stdio_exit_handler
                0x00008c24       0x18 C:/nxp/MCUXpressoIDE_24.12.148/ide/plugins/com.nxp.mcuxpresso.tools.win32_24.12.0.202407110909/tools/bin/../lib/gcc/arm-none-eabi/13.2.1/thumb/v7-m/nofp\libc.a(libc_a-findfp.o)
 .text.cleanup_stdio
                0x00008c3c       0x40 C:/nxp/MCUXpressoIDE_24.12.148/ide/plugins/com.nxp.mcuxpresso.tools.win32_24.12.0.202407110909/tools/bin/../lib/gcc/arm-none-eabi/13.2.1/thumb/v7-m/nofp\libc.a(libc_a-findfp.o)
 .text.global_stdio_init.part.0
                0x00008c7c       0xf0 C:/nxp/MCUXpressoIDE_24.12.148/ide/plugins/com.nxp.mcuxpresso.tools.win32_24.12.0.202407110909/tools/bin/../lib/gcc/arm-none-eabi/13.2.1/thumb/v7-m/nofp\libc.a(libc_a-findfp.o)
 .text.__sinit  0x00008d6c       0x3c C:/nxp/MCUXpressoIDE_24.12.148/ide/plugins/com.nxp.mcuxpresso.tools.win32_24.12.0.202407110909/tools/bin/../lib/gcc/arm-none-eabi/13.2.1/thumb/v7-m/nofp\libc.a(libc_a-findfp.o)
                0x00008d6c                __sinit
 .text.__sfp_lock_acquire
                0x00008da8        0xc C:/nxp/MCUXpressoIDE_24.12.148/ide/plugins/com.nxp.mcuxpresso.tools.win32_24.12.0.202407110909/tools/bin/../lib/gcc/arm-none-eabi/13.2.1/thumb/v7-m/nofp\libc.a(libc_a-findfp.o)
                0x00008da8                __sfp_lock_acquire
 .text.__sfp_lock_release
                0x00008db4        0xc C:/nxp/MCUXpressoIDE_24.12.148/ide/plugins/com.nxp.mcuxpresso.tools.win32_24.12.0.202407110909/tools/bin/../lib/gcc/arm-none-eabi/13.2.1/thumb/v7-m/nofp\libc.a(libc_a-findfp.o)
                0x00008db4                __sfp_lock_release
 .text.__sfvwrite_r
                0x00008dc0      0x2ec C:/nxp/MCUXpressoIDE_24.12.148/ide/plugins/com.nxp.mcuxpresso.tools.win32_24.12.0.202407110909/tools/bin/../lib/gcc/arm-none-eabi/13.2.1/thumb/v7-m/nofp\libc.a(libc_a-fvwrite.o)
                0x00008dc0                __sfvwrite_r
 .text._fwalk_sglue
                0x000090ac       0x44 C:/nxp/MCUXpressoIDE_24.12.148/ide/plugins/com.nxp.mcuxpresso.tools.win32_24.12.0.202407110909/tools/bin/../lib/gcc/arm-none-eabi/13.2.1/thumb/v7-m/nofp\libc.a(libc_a-fwalk.o)
                0x000090ac                _fwalk_sglue
 .text.__sread  0x000090f0       0x24 C:/nxp/MCUXpressoIDE_24.12.148/ide/plugins/com.nxp.mcuxpresso.tools.win32_24.12.0.202407110909/tools/bin/../lib/gcc/arm-none-eabi/13.2.1/thumb/v7-m/nofp\libc.a(libc_a-stdio.o)
                0x000090f0                __sread
 .text.__swrite
                0x00009114       0x40 C:/nxp/MCUXpressoIDE_24.12.148/ide/plugins/com.nxp.mcuxpresso.tools.win32_24.12.0.202407110909/tools/bin/../lib/gcc/arm-none-eabi/13.2.1/thumb/v7-m/nofp\libc.a(libc_a-stdio.o)
                0x00009114                __swrite
 .text.__sseek  0x00009154       0x24 C:/nxp/MCUXpressoIDE_24.12.148/ide/plugins/com.nxp.mcuxpresso.tools.win32_24.12.0.202407110909/tools/bin/../lib/gcc/arm-none-eabi/13.2.1/thumb/v7-m/nofp\libc.a(libc_a-stdio.o)
                0x00009154                __sseek
 .text.__sclose
                0x00009178        0x8 C:/nxp/MCUXpressoIDE_24.12.148/ide/plugins/com.nxp.mcuxpresso.tools.win32_24.12.0.202407110909/tools/bin/../lib/gcc/arm-none-eabi/13.2.1/thumb/v7-m/nofp\libc.a(libc_a-stdio.o)
                0x00009178                __sclose
 .text.__swsetup_r
                0x00009180       0xc4 C:/nxp/MCUXpressoIDE_24.12.148/ide/plugins/com.nxp.mcuxpresso.tools.win32_24.12.0.202407110909/tools/bin/../lib/gcc/arm-none-eabi/13.2.1/thumb/v7-m/nofp\libc.a(libc_a-wsetup.o)
                0x00009180                __swsetup_r
 .text.__fputwc
                0x00009244       0x7c C:/nxp/MCUXpressoIDE_24.12.148/ide/plugins/com.nxp.mcuxpresso.tools.win32_24.12.0.202407110909/tools/bin/../lib/gcc/arm-none-eabi/13.2.1/thumb/v7-m/nofp\libc.a(libc_a-fputwc.o)
                0x00009244                __fputwc
 .text._fputwc_r
                0x000092c0       0x60 C:/nxp/MCUXpressoIDE_24.12.148/ide/plugins/com.nxp.mcuxpresso.tools.win32_24.12.0.202407110909/tools/bin/../lib/gcc/arm-none-eabi/13.2.1/thumb/v7-m/nofp\libc.a(libc_a-fputwc.o)
                0x000092c0                _fputwc_r
 .text.memmove  0x00009320       0xfc C:/nxp/MCUXpressoIDE_24.12.148/ide/plugins/com.nxp.mcuxpresso.tools.win32_24.12.0.202407110909/tools/bin/../lib/gcc/arm-none-eabi/13.2.1/thumb/v7-m/nofp\libc.a(libc_a-memmove.o)
                0x00009320                memmove
 .text.strncpy  0x0000941c       0x6c C:/nxp/MCUXpressoIDE_24.12.148/ide/plugins/com.nxp.mcuxpresso.tools.win32_24.12.0.202407110909/tools/bin/../lib/gcc/arm-none-eabi/13.2.1/thumb/v7-m/nofp\libc.a(libc_a-strncpy.o)
                0x0000941c                strncpy
 .text.__locale_mb_cur_max
                0x00009488        0xc C:/nxp/MCUXpressoIDE_24.12.148/ide/plugins/com.nxp.mcuxpresso.tools.win32_24.12.0.202407110909/tools/bin/../lib/gcc/arm-none-eabi/13.2.1/thumb/v7-m/nofp\libc.a(libc_a-locale.o)
                0x00009488                __locale_mb_cur_max
 .text._localeconv_r
                0x00009494        0x8 C:/nxp/MCUXpressoIDE_24.12.148/ide/plugins/com.nxp.mcuxpresso.tools.win32_24.12.0.202407110909/tools/bin/../lib/gcc/arm-none-eabi/13.2.1/thumb/v7-m/nofp\libc.a(libc_a-localeconv.o)
                0x00009494                _localeconv_r
 .text._close_r
                0x0000949c       0x24 C:/nxp/MCUXpressoIDE_24.12.148/ide/plugins/com.nxp.mcuxpresso.tools.win32_24.12.0.202407110909/tools/bin/../lib/gcc/arm-none-eabi/13.2.1/thumb/v7-m/nofp\libc.a(libc_a-closer.o)
                0x0000949c                _close_r
 .text._lseek_r
                0x000094c0       0x2c C:/nxp/MCUXpressoIDE_24.12.148/ide/plugins/com.nxp.mcuxpresso.tools.win32_24.12.0.202407110909/tools/bin/../lib/gcc/arm-none-eabi/13.2.1/thumb/v7-m/nofp\libc.a(libc_a-lseekr.o)
                0x000094c0                _lseek_r
 .text._read_r  0x000094ec       0x2c C:/nxp/MCUXpressoIDE_24.12.148/ide/plugins/com.nxp.mcuxpresso.tools.win32_24.12.0.202407110909/tools/bin/../lib/gcc/arm-none-eabi/13.2.1/thumb/v7-m/nofp\libc.a(libc_a-readr.o)
                0x000094ec                _read_r
 .text._write_r
                0x00009518       0x2c C:/nxp/MCUXpressoIDE_24.12.148/ide/plugins/com.nxp.mcuxpresso.tools.win32_24.12.0.202407110909/tools/bin/../lib/gcc/arm-none-eabi/13.2.1/thumb/v7-m/nofp\libc.a(libc_a-writer.o)
                0x00009518                _write_r
 .text.__retarget_lock_init_recursive
                0x00009544        0x4 C:/nxp/MCUXpressoIDE_24.12.148/ide/plugins/com.nxp.mcuxpresso.tools.win32_24.12.0.202407110909/tools/bin/../lib/gcc/arm-none-eabi/13.2.1/thumb/v7-m/nofp\libc.a(libc_a-lock.o)
                0x00009544                __retarget_lock_init_recursive
 .text.__retarget_lock_close_recursive
                0x00009548        0x4 C:/nxp/MCUXpressoIDE_24.12.148/ide/plugins/com.nxp.mcuxpresso.tools.win32_24.12.0.202407110909/tools/bin/../lib/gcc/arm-none-eabi/13.2.1/thumb/v7-m/nofp\libc.a(libc_a-lock.o)
                0x00009548                __retarget_lock_close_recursive
 .text.__retarget_lock_acquire_recursive
                0x0000954c        0x4 C:/nxp/MCUXpressoIDE_24.12.148/ide/plugins/com.nxp.mcuxpresso.tools.win32_24.12.0.202407110909/tools/bin/../lib/gcc/arm-none-eabi/13.2.1/thumb/v7-m/nofp\libc.a(libc_a-lock.o)
                0x0000954c                __retarget_lock_acquire_recursive
 .text.__retarget_lock_release_recursive
                0x00009550        0x4 C:/nxp/MCUXpressoIDE_24.12.148/ide/plugins/com.nxp.mcuxpresso.tools.win32_24.12.0.202407110909/tools/bin/../lib/gcc/arm-none-eabi/13.2.1/thumb/v7-m/nofp\libc.a(libc_a-lock.o)
                0x00009550                __retarget_lock_release_recursive
 .text.memchr   0x00009554       0x98 C:/nxp/MCUXpressoIDE_24.12.148/ide/plugins/com.nxp.mcuxpresso.tools.win32_24.12.0.202407110909/tools/bin/../lib/gcc/arm-none-eabi/13.2.1/thumb/v7-m/nofp\libc.a(libc_a-memchr-stub.o)
                0x00009554                memchr
 .text          0x000095ec       0xec C:/nxp/MCUXpressoIDE_24.12.148/ide/plugins/com.nxp.mcuxpresso.tools.win32_24.12.0.202407110909/tools/bin/../lib/gcc/arm-none-eabi/13.2.1/thumb/v7-m/nofp\libc.a(libc_a-memcpy.o)
                0x000095ec                memcpy
 .text.strlen   0x000096d8       0x5c C:/nxp/MCUXpressoIDE_24.12.148/ide/plugins/com.nxp.mcuxpresso.tools.win32_24.12.0.202407110909/tools/bin/../lib/gcc/arm-none-eabi/13.2.1/thumb/v7-m/nofp\libc.a(libc_a-strlen-stub.o)
                0x000096d8                strlen
 .text.frexp    0x00009734       0x6c C:/nxp/MCUXpressoIDE_24.12.148/ide/plugins/com.nxp.mcuxpresso.tools.win32_24.12.0.202407110909/tools/bin/../lib/gcc/arm-none-eabi/13.2.1/thumb/v7-m/nofp\libc.a(libm_a-s_frexp.o)
                0x00009734                frexp
 .text.quorem   0x000097a0      0x13c C:/nxp/MCUXpressoIDE_24.12.148/ide/plugins/com.nxp.mcuxpresso.tools.win32_24.12.0.202407110909/tools/bin/../lib/gcc/arm-none-eabi/13.2.1/thumb/v7-m/nofp\libc.a(libc_a-dtoa.o)
 *fill*         0x000098dc        0x4 ff
 .text._dtoa_r  0x000098e0      0xe94 C:/nxp/MCUXpressoIDE_24.12.148/ide/plugins/com.nxp.mcuxpresso.tools.win32_24.12.0.202407110909/tools/bin/../lib/gcc/arm-none-eabi/13.2.1/thumb/v7-m/nofp\libc.a(libc_a-dtoa.o)
                0x000098e0                _dtoa_r
 .text._malloc_trim_r
                0x0000a774       0xb8 C:/nxp/MCUXpressoIDE_24.12.148/ide/plugins/com.nxp.mcuxpresso.tools.win32_24.12.0.202407110909/tools/bin/../lib/gcc/arm-none-eabi/13.2.1/thumb/v7-m/nofp\libc.a(libc_a-freer.o)
                0x0000a774                _malloc_trim_r
 .text._free_r  0x0000a82c      0x1f8 C:/nxp/MCUXpressoIDE_24.12.148/ide/plugins/com.nxp.mcuxpresso.tools.win32_24.12.0.202407110909/tools/bin/../lib/gcc/arm-none-eabi/13.2.1/thumb/v7-m/nofp\libc.a(libc_a-freer.o)
                0x0000a82c                _free_r
 .text._malloc_r
                0x0000aa24      0x568 C:/nxp/MCUXpressoIDE_24.12.148/ide/plugins/com.nxp.mcuxpresso.tools.win32_24.12.0.202407110909/tools/bin/../lib/gcc/arm-none-eabi/13.2.1/thumb/v7-m/nofp\libc.a(libc_a-mallocr.o)
                0x0000aa24                _malloc_r
 .text.__ascii_mbtowc
                0x0000af8c       0x2c C:/nxp/MCUXpressoIDE_24.12.148/ide/plugins/com.nxp.mcuxpresso.tools.win32_24.12.0.202407110909/tools/bin/../lib/gcc/arm-none-eabi/13.2.1/thumb/v7-m/nofp\libc.a(libc_a-mbtowc_r.o)
                0x0000af8c                __ascii_mbtowc
 .text.__malloc_lock
                0x0000afb8        0xc C:/nxp/MCUXpressoIDE_24.12.148/ide/plugins/com.nxp.mcuxpresso.tools.win32_24.12.0.202407110909/tools/bin/../lib/gcc/arm-none-eabi/13.2.1/thumb/v7-m/nofp\libc.a(libc_a-mlock.o)
                0x0000afb8                __malloc_lock
 .text.__malloc_unlock
                0x0000afc4        0xc C:/nxp/MCUXpressoIDE_24.12.148/ide/plugins/com.nxp.mcuxpresso.tools.win32_24.12.0.202407110909/tools/bin/../lib/gcc/arm-none-eabi/13.2.1/thumb/v7-m/nofp\libc.a(libc_a-mlock.o)
                0x0000afc4                __malloc_unlock
 .text._Balloc  0x0000afd0       0x4c C:/nxp/MCUXpressoIDE_24.12.148/ide/plugins/com.nxp.mcuxpresso.tools.win32_24.12.0.202407110909/tools/bin/../lib/gcc/arm-none-eabi/13.2.1/thumb/v7-m/nofp\libc.a(libc_a-mprec.o)
                0x0000afd0                _Balloc
 .text._Bfree   0x0000b01c       0x14 C:/nxp/MCUXpressoIDE_24.12.148/ide/plugins/com.nxp.mcuxpresso.tools.win32_24.12.0.202407110909/tools/bin/../lib/gcc/arm-none-eabi/13.2.1/thumb/v7-m/nofp\libc.a(libc_a-mprec.o)
                0x0000b01c                _Bfree
 .text.__multadd
                0x0000b030       0xa4 C:/nxp/MCUXpressoIDE_24.12.148/ide/plugins/com.nxp.mcuxpresso.tools.win32_24.12.0.202407110909/tools/bin/../lib/gcc/arm-none-eabi/13.2.1/thumb/v7-m/nofp\libc.a(libc_a-mprec.o)
                0x0000b030                __multadd
 .text.__hi0bits
                0x0000b0d4       0x44 C:/nxp/MCUXpressoIDE_24.12.148/ide/plugins/com.nxp.mcuxpresso.tools.win32_24.12.0.202407110909/tools/bin/../lib/gcc/arm-none-eabi/13.2.1/thumb/v7-m/nofp\libc.a(libc_a-mprec.o)
                0x0000b0d4                __hi0bits
 .text.__lo0bits
                0x0000b118       0x5c C:/nxp/MCUXpressoIDE_24.12.148/ide/plugins/com.nxp.mcuxpresso.tools.win32_24.12.0.202407110909/tools/bin/../lib/gcc/arm-none-eabi/13.2.1/thumb/v7-m/nofp\libc.a(libc_a-mprec.o)
                0x0000b118                __lo0bits
 .text.__i2b    0x0000b174       0x5c C:/nxp/MCUXpressoIDE_24.12.148/ide/plugins/com.nxp.mcuxpresso.tools.win32_24.12.0.202407110909/tools/bin/../lib/gcc/arm-none-eabi/13.2.1/thumb/v7-m/nofp\libc.a(libc_a-mprec.o)
                0x0000b174                __i2b
 .text.__multiply
                0x0000b1d0      0x164 C:/nxp/MCUXpressoIDE_24.12.148/ide/plugins/com.nxp.mcuxpresso.tools.win32_24.12.0.202407110909/tools/bin/../lib/gcc/arm-none-eabi/13.2.1/thumb/v7-m/nofp\libc.a(libc_a-mprec.o)
                0x0000b1d0                __multiply
 .text.__pow5mult
                0x0000b334       0xb4 C:/nxp/MCUXpressoIDE_24.12.148/ide/plugins/com.nxp.mcuxpresso.tools.win32_24.12.0.202407110909/tools/bin/../lib/gcc/arm-none-eabi/13.2.1/thumb/v7-m/nofp\libc.a(libc_a-mprec.o)
                0x0000b334                __pow5mult
 .text.__lshift
                0x0000b3e8       0xec C:/nxp/MCUXpressoIDE_24.12.148/ide/plugins/com.nxp.mcuxpresso.tools.win32_24.12.0.202407110909/tools/bin/../lib/gcc/arm-none-eabi/13.2.1/thumb/v7-m/nofp\libc.a(libc_a-mprec.o)
                0x0000b3e8                __lshift
 .text.__mcmp   0x0000b4d4       0x40 C:/nxp/MCUXpressoIDE_24.12.148/ide/plugins/com.nxp.mcuxpresso.tools.win32_24.12.0.202407110909/tools/bin/../lib/gcc/arm-none-eabi/13.2.1/thumb/v7-m/nofp\libc.a(libc_a-mprec.o)
                0x0000b4d4                __mcmp
 .text.__mdiff  0x0000b514      0x178 C:/nxp/MCUXpressoIDE_24.12.148/ide/plugins/com.nxp.mcuxpresso.tools.win32_24.12.0.202407110909/tools/bin/../lib/gcc/arm-none-eabi/13.2.1/thumb/v7-m/nofp\libc.a(libc_a-mprec.o)
                0x0000b514                __mdiff
 .text.__d2b    0x0000b68c       0xbc C:/nxp/MCUXpressoIDE_24.12.148/ide/plugins/com.nxp.mcuxpresso.tools.win32_24.12.0.202407110909/tools/bin/../lib/gcc/arm-none-eabi/13.2.1/thumb/v7-m/nofp\libc.a(libc_a-mprec.o)
                0x0000b68c                __d2b
 .text._realloc_r
                0x0000b748      0x34c C:/nxp/MCUXpressoIDE_24.12.148/ide/plugins/com.nxp.mcuxpresso.tools.win32_24.12.0.202407110909/tools/bin/../lib/gcc/arm-none-eabi/13.2.1/thumb/v7-m/nofp\libc.a(libc_a-reallocr.o)
                0x0000b748                _realloc_r
 .text.__ascii_wctomb
                0x0000ba94       0x1c C:/nxp/MCUXpressoIDE_24.12.148/ide/plugins/com.nxp.mcuxpresso.tools.win32_24.12.0.202407110909/tools/bin/../lib/gcc/arm-none-eabi/13.2.1/thumb/v7-m/nofp\libc.a(libc_a-wctomb_r.o)
                0x0000ba94                __ascii_wctomb
 .text._wcrtomb_r
                0x0000bab0       0x4c C:/nxp/MCUXpressoIDE_24.12.148/ide/plugins/com.nxp.mcuxpresso.tools.win32_24.12.0.202407110909/tools/bin/../lib/gcc/arm-none-eabi/13.2.1/thumb/v7-m/nofp\libc.a(libc_a-wcrtomb.o)
                0x0000bab0                _wcrtomb_r
 .text._wcsrtombs_r
                0x0000bafc       0x18 C:/nxp/MCUXpressoIDE_24.12.148/ide/plugins/com.nxp.mcuxpresso.tools.win32_24.12.0.202407110909/tools/bin/../lib/gcc/arm-none-eabi/13.2.1/thumb/v7-m/nofp\libc.a(libc_a-wcsrtombs.o)
                0x0000bafc                _wcsrtombs_r
 .text.__ssprint_r
                0x0000bb14      0x110 C:/nxp/MCUXpressoIDE_24.12.148/ide/plugins/com.nxp.mcuxpresso.tools.win32_24.12.0.202407110909/tools/bin/../lib/gcc/arm-none-eabi/13.2.1/thumb/v7-m/nofp\libc.a(libc_a-svfiprintf.o)
                0x0000bb14                __ssprint_r
 .text._fclose_r
                0x0000bc24       0xc0 C:/nxp/MCUXpressoIDE_24.12.148/ide/plugins/com.nxp.mcuxpresso.tools.win32_24.12.0.202407110909/tools/bin/../lib/gcc/arm-none-eabi/13.2.1/thumb/v7-m/nofp\libc.a(libc_a-fclose.o)
                0x0000bc24                _fclose_r
 .text.__smakebuf_r
                0x0000bce4       0xdc C:/nxp/MCUXpressoIDE_24.12.148/ide/plugins/com.nxp.mcuxpresso.tools.win32_24.12.0.202407110909/tools/bin/../lib/gcc/arm-none-eabi/13.2.1/thumb/v7-m/nofp\libc.a(libc_a-makebuf.o)
                0x0000bce4                __smakebuf_r
 .text.__swbuf_r
                0x0000bdc0       0xac C:/nxp/MCUXpressoIDE_24.12.148/ide/plugins/com.nxp.mcuxpresso.tools.win32_24.12.0.202407110909/tools/bin/../lib/gcc/arm-none-eabi/13.2.1/thumb/v7-m/nofp\libc.a(libc_a-wbuf.o)
                0x0000bdc0                __swbuf_r
 .text._fstat_r
                0x0000be6c       0x28 C:/nxp/MCUXpressoIDE_24.12.148/ide/plugins/com.nxp.mcuxpresso.tools.win32_24.12.0.202407110909/tools/bin/../lib/gcc/arm-none-eabi/13.2.1/thumb/v7-m/nofp\libc.a(libc_a-fstatr.o)
                0x0000be6c                _fstat_r
 .text._isatty_r
                0x0000be94       0x24 C:/nxp/MCUXpressoIDE_24.12.148/ide/plugins/com.nxp.mcuxpresso.tools.win32_24.12.0.202407110909/tools/bin/../lib/gcc/arm-none-eabi/13.2.1/thumb/v7-m/nofp\libc.a(libc_a-isattyr.o)
                0x0000be94                _isatty_r
 .text._sbrk_r  0x0000beb8       0x24 C:/nxp/MCUXpressoIDE_24.12.148/ide/plugins/com.nxp.mcuxpresso.tools.win32_24.12.0.202407110909/tools/bin/../lib/gcc/arm-none-eabi/13.2.1/thumb/v7-m/nofp\libc.a(libc_a-sbrkr.o)
                0x0000beb8                _sbrk_r
 .text.__errno  0x0000bedc        0xc C:/nxp/MCUXpressoIDE_24.12.148/ide/plugins/com.nxp.mcuxpresso.tools.win32_24.12.0.202407110909/tools/bin/../lib/gcc/arm-none-eabi/13.2.1/thumb/v7-m/nofp\libc.a(libc_a-errno.o)
                0x0000bedc                __errno
 .text.sysconf  0x0000bee8       0x1c C:/nxp/MCUXpressoIDE_24.12.148/ide/plugins/com.nxp.mcuxpresso.tools.win32_24.12.0.202407110909/tools/bin/../lib/gcc/arm-none-eabi/13.2.1/thumb/v7-m/nofp\libc.a(libc_a-sysconf.o)
                0x0000bee8                sysconf
 .text.__assert_func
                0x0000bf04       0x40 C:/nxp/MCUXpressoIDE_24.12.148/ide/plugins/com.nxp.mcuxpresso.tools.win32_24.12.0.202407110909/tools/bin/../lib/gcc/arm-none-eabi/13.2.1/thumb/v7-m/nofp\libc.a(libc_a-assert.o)
                0x0000bf04                __assert_func
 .text._calloc_r
                0x0000bf44       0x6c C:/nxp/MCUXpressoIDE_24.12.148/ide/plugins/com.nxp.mcuxpresso.tools.win32_24.12.0.202407110909/tools/bin/../lib/gcc/arm-none-eabi/13.2.1/thumb/v7-m/nofp\libc.a(libc_a-callocr.o)
                0x0000bf44                _calloc_r
 .text._wcsnrtombs_l
                0x0000bfb0       0xec C:/nxp/MCUXpressoIDE_24.12.148/ide/plugins/com.nxp.mcuxpresso.tools.win32_24.12.0.202407110909/tools/bin/../lib/gcc/arm-none-eabi/13.2.1/thumb/v7-m/nofp\libc.a(libc_a-wcsnrtombs.o)
                0x0000bfb0                _wcsnrtombs_l
 .text._wcsnrtombs_r
                0x0000c09c       0x24 C:/nxp/MCUXpressoIDE_24.12.148/ide/plugins/com.nxp.mcuxpresso.tools.win32_24.12.0.202407110909/tools/bin/../lib/gcc/arm-none-eabi/13.2.1/thumb/v7-m/nofp\libc.a(libc_a-wcsnrtombs.o)
                0x0000c09c                _wcsnrtombs_r
 .text.fiprintf
                0x0000c0c0       0x28 C:/nxp/MCUXpressoIDE_24.12.148/ide/plugins/com.nxp.mcuxpresso.tools.win32_24.12.0.202407110909/tools/bin/../lib/gcc/arm-none-eabi/13.2.1/thumb/v7-m/nofp\libc.a(libc_a-fiprintf.o)
                0x0000c0c0                fiprintf
 .text.abort    0x0000c0e8       0x10 C:/nxp/MCUXpressoIDE_24.12.148/ide/plugins/com.nxp.mcuxpresso.tools.win32_24.12.0.202407110909/tools/bin/../lib/gcc/arm-none-eabi/13.2.1/thumb/v7-m/nofp\libc.a(libc_a-abort.o)
                0x0000c0e8                abort
 .text.raise    0x0000c0f8       0x58 C:/nxp/MCUXpressoIDE_24.12.148/ide/plugins/com.nxp.mcuxpresso.tools.win32_24.12.0.202407110909/tools/bin/../lib/gcc/arm-none-eabi/13.2.1/thumb/v7-m/nofp\libc.a(libc_a-signal.o)
                0x0000c0f8                raise
 .text._kill_r  0x0000c150       0x28 C:/nxp/MCUXpressoIDE_24.12.148/ide/plugins/com.nxp.mcuxpresso.tools.win32_24.12.0.202407110909/tools/bin/../lib/gcc/arm-none-eabi/13.2.1/thumb/v7-m/nofp\libc.a(libc_a-signalr.o)
                0x0000c150                _kill_r
 .text._getpid_r
                0x0000c178        0x4 C:/nxp/MCUXpressoIDE_24.12.148/ide/plugins/com.nxp.mcuxpresso.tools.win32_24.12.0.202407110909/tools/bin/../lib/gcc/arm-none-eabi/13.2.1/thumb/v7-m/nofp\libc.a(libc_a-signalr.o)
                0x0000c178                _getpid_r
 .text._sbrk    0x0000c17c       0x3c C:/nxp/MCUXpressoIDE_24.12.148/ide/plugins/com.nxp.mcuxpresso.tools.win32_24.12.0.202407110909/tools/bin/../lib/gcc/arm-none-eabi/13.2.1/../../../../arm-none-eabi/lib/thumb/v7-m/nofp\libcr_newlib_semihost.a(_cr_sbrk.o)
                0x0000c17c                _sbrk
 .text._exit    0x0000c1b8        0x8 C:/nxp/MCUXpressoIDE_24.12.148/ide/plugins/com.nxp.mcuxpresso.tools.win32_24.12.0.202407110909/tools/bin/../lib/gcc/arm-none-eabi/13.2.1/../../../../arm-none-eabi/lib/thumb/v7-m/nofp\libcr_newlib_semihost.a(_exit.o)
                0x0000c1b8                _exit
 .text._kill    0x0000c1c0       0x20 C:/nxp/MCUXpressoIDE_24.12.148/ide/plugins/com.nxp.mcuxpresso.tools.win32_24.12.0.202407110909/tools/bin/../lib/gcc/arm-none-eabi/13.2.1/../../../../arm-none-eabi/lib/thumb/v7-m/nofp\libcr_newlib_semihost.a(_kill.o)
                0x0000c1c0                _kill
 .text.error    0x0000c1e0       0x1c C:/nxp/MCUXpressoIDE_24.12.148/ide/plugins/com.nxp.mcuxpresso.tools.win32_24.12.0.202407110909/tools/bin/../lib/gcc/arm-none-eabi/13.2.1/../../../../arm-none-eabi/lib/thumb/v7-m/nofp\libcr_newlib_semihost.a(syscalls.o)
 .text.initialise_monitor_handles.part.0
                0x0000c1fc       0xa4 C:/nxp/MCUXpressoIDE_24.12.148/ide/plugins/com.nxp.mcuxpresso.tools.win32_24.12.0.202407110909/tools/bin/../lib/gcc/arm-none-eabi/13.2.1/../../../../arm-none-eabi/lib/thumb/v7-m/nofp\libcr_newlib_semihost.a(syscalls.o)
 .text.findslot
                0x0000c2a0       0x30 C:/nxp/MCUXpressoIDE_24.12.148/ide/plugins/com.nxp.mcuxpresso.tools.win32_24.12.0.202407110909/tools/bin/../lib/gcc/arm-none-eabi/13.2.1/../../../../arm-none-eabi/lib/thumb/v7-m/nofp\libcr_newlib_semihost.a(syscalls.o)
 .text.checkerror
                0x0000c2d0        0xa C:/nxp/MCUXpressoIDE_24.12.148/ide/plugins/com.nxp.mcuxpresso.tools.win32_24.12.0.202407110909/tools/bin/../lib/gcc/arm-none-eabi/13.2.1/../../../../arm-none-eabi/lib/thumb/v7-m/nofp\libcr_newlib_semihost.a(syscalls.o)
 .text._swiread
                0x0000c2da       0x20 C:/nxp/MCUXpressoIDE_24.12.148/ide/plugins/com.nxp.mcuxpresso.tools.win32_24.12.0.202407110909/tools/bin/../lib/gcc/arm-none-eabi/13.2.1/../../../../arm-none-eabi/lib/thumb/v7-m/nofp\libcr_newlib_semihost.a(syscalls.o)
                0x0000c2da                _swiread
 .text._read    0x0000c2fa       0x34 C:/nxp/MCUXpressoIDE_24.12.148/ide/plugins/com.nxp.mcuxpresso.tools.win32_24.12.0.202407110909/tools/bin/../lib/gcc/arm-none-eabi/13.2.1/../../../../arm-none-eabi/lib/thumb/v7-m/nofp\libcr_newlib_semihost.a(syscalls.o)
                0x0000c2fa                _read
 .text._swilseek
                0x0000c32e       0x78 C:/nxp/MCUXpressoIDE_24.12.148/ide/plugins/com.nxp.mcuxpresso.tools.win32_24.12.0.202407110909/tools/bin/../lib/gcc/arm-none-eabi/13.2.1/../../../../arm-none-eabi/lib/thumb/v7-m/nofp\libcr_newlib_semihost.a(syscalls.o)
                0x0000c32e                _swilseek
 .text._lseek   0x0000c3a6        0x4 C:/nxp/MCUXpressoIDE_24.12.148/ide/plugins/com.nxp.mcuxpresso.tools.win32_24.12.0.202407110909/tools/bin/../lib/gcc/arm-none-eabi/13.2.1/../../../../arm-none-eabi/lib/thumb/v7-m/nofp\libcr_newlib_semihost.a(syscalls.o)
                0x0000c3a6                _lseek
 .text._swiwrite
                0x0000c3aa       0x20 C:/nxp/MCUXpressoIDE_24.12.148/ide/plugins/com.nxp.mcuxpresso.tools.win32_24.12.0.202407110909/tools/bin/../lib/gcc/arm-none-eabi/13.2.1/../../../../arm-none-eabi/lib/thumb/v7-m/nofp\libcr_newlib_semihost.a(syscalls.o)
                0x0000c3aa                _swiwrite
 .text._write   0x0000c3ca       0x40 C:/nxp/MCUXpressoIDE_24.12.148/ide/plugins/com.nxp.mcuxpresso.tools.win32_24.12.0.202407110909/tools/bin/../lib/gcc/arm-none-eabi/13.2.1/../../../../arm-none-eabi/lib/thumb/v7-m/nofp\libcr_newlib_semihost.a(syscalls.o)
                0x0000c3ca                _write
 .text._swiclose
                0x0000c40a       0x1a C:/nxp/MCUXpressoIDE_24.12.148/ide/plugins/com.nxp.mcuxpresso.tools.win32_24.12.0.202407110909/tools/bin/../lib/gcc/arm-none-eabi/13.2.1/../../../../arm-none-eabi/lib/thumb/v7-m/nofp\libcr_newlib_semihost.a(syscalls.o)
                0x0000c40a                _swiclose
 .text._close   0x0000c424       0x4c C:/nxp/MCUXpressoIDE_24.12.148/ide/plugins/com.nxp.mcuxpresso.tools.win32_24.12.0.202407110909/tools/bin/../lib/gcc/arm-none-eabi/13.2.1/../../../../arm-none-eabi/lib/thumb/v7-m/nofp\libcr_newlib_semihost.a(syscalls.o)
                0x0000c424                _close
 .text._getpid  0x0000c470        0x4 C:/nxp/MCUXpressoIDE_24.12.148/ide/plugins/com.nxp.mcuxpresso.tools.win32_24.12.0.202407110909/tools/bin/../lib/gcc/arm-none-eabi/13.2.1/../../../../arm-none-eabi/lib/thumb/v7-m/nofp\libcr_newlib_semihost.a(syscalls.o)
                0x0000c470                _getpid
 .text._swistat
                0x0000c474       0x42 C:/nxp/MCUXpressoIDE_24.12.148/ide/plugins/com.nxp.mcuxpresso.tools.win32_24.12.0.202407110909/tools/bin/../lib/gcc/arm-none-eabi/13.2.1/../../../../arm-none-eabi/lib/thumb/v7-m/nofp\libcr_newlib_semihost.a(syscalls.o)
                0x0000c474                _swistat
 .text._fstat   0x0000c4b6       0x1c C:/nxp/MCUXpressoIDE_24.12.148/ide/plugins/com.nxp.mcuxpresso.tools.win32_24.12.0.202407110909/tools/bin/../lib/gcc/arm-none-eabi/13.2.1/../../../../arm-none-eabi/lib/thumb/v7-m/nofp\libcr_newlib_semihost.a(syscalls.o)
                0x0000c4b6                _fstat
 .text._isatty  0x0000c4d2       0x2a C:/nxp/MCUXpressoIDE_24.12.148/ide/plugins/com.nxp.mcuxpresso.tools.win32_24.12.0.202407110909/tools/bin/../lib/gcc/arm-none-eabi/13.2.1/../../../../arm-none-eabi/lib/thumb/v7-m/nofp\libcr_newlib_semihost.a(syscalls.o)
                0x0000c4d2                _isatty
 .text.__check_heap_overflow
                0x0000c4fc       0x18 C:/nxp/MCUXpressoIDE_24.12.148/ide/plugins/com.nxp.mcuxpresso.tools.win32_24.12.0.202407110909/tools/bin/../lib/gcc/arm-none-eabi/13.2.1/../../../../arm-none-eabi/lib/thumb/v7-m/nofp\libcr_newlib_semihost.a(_cr_check_heap.o)
                0x0000c4fc                __check_heap_overflow
 .text          0x0000c514      0x424 C:/nxp/MCUXpressoIDE_24.12.148/ide/plugins/com.nxp.mcuxpresso.tools.win32_24.12.0.202407110909/tools/bin/../lib/gcc/arm-none-eabi/13.2.1/thumb/v7-m/nofp\libgcc.a(_arm_muldivdf3.o)
                0x0000c514                __aeabi_dmul
                0x0000c514                __muldf3
                0x0000c768                __divdf3
                0x0000c768                __aeabi_ddiv
 .text          0x0000c938      0x110 C:/nxp/MCUXpressoIDE_24.12.148/ide/plugins/com.nxp.mcuxpresso.tools.win32_24.12.0.202407110909/tools/bin/../lib/gcc/arm-none-eabi/13.2.1/thumb/v7-m/nofp\libgcc.a(_arm_cmpdf2.o)
                0x0000c938                __gtdf2
                0x0000c938                __gedf2
                0x0000c940                __ltdf2
                0x0000c940                __ledf2
                0x0000c948                __nedf2
                0x0000c948                __eqdf2
                0x0000c948                __cmpdf2
                0x0000c9c4                __aeabi_cdrcmple
                0x0000c9d4                __aeabi_cdcmpeq
                0x0000c9d4                __aeabi_cdcmple
                0x0000c9e4                __aeabi_dcmpeq
                0x0000c9f8                __aeabi_dcmplt
                0x0000ca0c                __aeabi_dcmple
                0x0000ca20                __aeabi_dcmpge
                0x0000ca34                __aeabi_dcmpgt
 .text          0x0000ca48       0x2c C:/nxp/MCUXpressoIDE_24.12.148/ide/plugins/com.nxp.mcuxpresso.tools.win32_24.12.0.202407110909/tools/bin/../lib/gcc/arm-none-eabi/13.2.1/thumb/v7-m/nofp\libgcc.a(_arm_unorddf2.o)
                0x0000ca48                __unorddf2
                0x0000ca48                __aeabi_dcmpun
 .text          0x0000ca74       0x50 C:/nxp/MCUXpressoIDE_24.12.148/ide/plugins/com.nxp.mcuxpresso.tools.win32_24.12.0.202407110909/tools/bin/../lib/gcc/arm-none-eabi/13.2.1/thumb/v7-m/nofp\libgcc.a(_arm_fixdfsi.o)
                0x0000ca74                __aeabi_d2iz
                0x0000ca74                __fixdfsi
 *(.rodata .rodata.* .constdata .constdata.*)
 .rodata        0x0000cac4        0x4 ./src/main.o
 .rodata.str1.4
                0x0000cac8      0x3af ./src/main.o
                                0x1d5 (size before relaxing)
 *fill*         0x0000ce77        0x1 ff
 .rodata        0x0000ce78        0x8 C:\Users\nikod\Downloads\E13_V7_final\E13_alarm_V3\Lib_EaBaseBoard\Debug\libLib_EaBaseBoard.a(oled.o)
 .rodata        0x0000ce80      0x300 C:\Users\nikod\Downloads\E13_V7_final\E13_alarm_V3\Lib_EaBaseBoard\Debug\libLib_EaBaseBoard.a(font5x7.o)
                0x0000ce80                font5x7
 .rodata.str1.4
                0x0000d180        0xe C:\Users\nikod\Downloads\E13_V7_final\E13_alarm_V3\Lib_MCU\Debug\libLib_MCU.a(lpc17xx_i2c.o)
 .rodata.str1.4
                0x0000d180        0xe C:\Users\nikod\Downloads\E13_V7_final\E13_alarm_V3\Lib_MCU\Debug\libLib_MCU.a(lpc17xx_ssp.o)
 .rodata.str1.4
                0x0000d180       0x10 C:\Users\nikod\Downloads\E13_V7_final\E13_alarm_V3\Lib_MCU\Debug\libLib_MCU.a(lpc17xx_timer.o)
 .rodata._svfprintf_r.str1.4
                0x0000d180       0x42 C:/nxp/MCUXpressoIDE_24.12.148/ide/plugins/com.nxp.mcuxpresso.tools.win32_24.12.0.202407110909/tools/bin/../lib/gcc/arm-none-eabi/13.2.1/thumb/v7-m/nofp\libc.a(libc_a-svfprintf.o)
 .rodata.zeroes.0
                0x0000d180       0x10 C:/nxp/MCUXpressoIDE_24.12.148/ide/plugins/com.nxp.mcuxpresso.tools.win32_24.12.0.202407110909/tools/bin/../lib/gcc/arm-none-eabi/13.2.1/thumb/v7-m/nofp\libc.a(libc_a-svfprintf.o)
 .rodata.blanks.1
                0x0000d190       0x10 C:/nxp/MCUXpressoIDE_24.12.148/ide/plugins/com.nxp.mcuxpresso.tools.win32_24.12.0.202407110909/tools/bin/../lib/gcc/arm-none-eabi/13.2.1/thumb/v7-m/nofp\libc.a(libc_a-svfprintf.o)
 .rodata._vfprintf_r.str1.4
                0x0000d1a0       0x42 C:/nxp/MCUXpressoIDE_24.12.148/ide/plugins/com.nxp.mcuxpresso.tools.win32_24.12.0.202407110909/tools/bin/../lib/gcc/arm-none-eabi/13.2.1/thumb/v7-m/nofp\libc.a(libc_a-vfprintf.o)
 .rodata.zeroes.0
                0x0000d1a0       0x10 C:/nxp/MCUXpressoIDE_24.12.148/ide/plugins/com.nxp.mcuxpresso.tools.win32_24.12.0.202407110909/tools/bin/../lib/gcc/arm-none-eabi/13.2.1/thumb/v7-m/nofp\libc.a(libc_a-vfprintf.o)
 .rodata.blanks.1
                0x0000d1b0       0x10 C:/nxp/MCUXpressoIDE_24.12.148/ide/plugins/com.nxp.mcuxpresso.tools.win32_24.12.0.202407110909/tools/bin/../lib/gcc/arm-none-eabi/13.2.1/thumb/v7-m/nofp\libc.a(libc_a-vfprintf.o)
 .rodata._vfiprintf_r.str1.4
                0x0000d1c0       0x2f C:/nxp/MCUXpressoIDE_24.12.148/ide/plugins/com.nxp.mcuxpresso.tools.win32_24.12.0.202407110909/tools/bin/../lib/gcc/arm-none-eabi/13.2.1/thumb/v7-m/nofp\libc.a(libc_a-vfiprintf.o)
 .rodata.zeroes.0
                0x0000d1c0       0x10 C:/nxp/MCUXpressoIDE_24.12.148/ide/plugins/com.nxp.mcuxpresso.tools.win32_24.12.0.202407110909/tools/bin/../lib/gcc/arm-none-eabi/13.2.1/thumb/v7-m/nofp\libc.a(libc_a-vfiprintf.o)
 .rodata.blanks.1
                0x0000d1d0       0x10 C:/nxp/MCUXpressoIDE_24.12.148/ide/plugins/com.nxp.mcuxpresso.tools.win32_24.12.0.202407110909/tools/bin/../lib/gcc/arm-none-eabi/13.2.1/thumb/v7-m/nofp\libc.a(libc_a-vfiprintf.o)
 .rodata.str1.4
                0x0000d1e0       0x4c C:/nxp/MCUXpressoIDE_24.12.148/ide/plugins/com.nxp.mcuxpresso.tools.win32_24.12.0.202407110909/tools/bin/../lib/gcc/arm-none-eabi/13.2.1/thumb/v7-m/nofp\libc.a(libc_a-locale.o)
 .rodata._dtoa_r.str1.4
                0x0000d1e0       0x81 C:/nxp/MCUXpressoIDE_24.12.148/ide/plugins/com.nxp.mcuxpresso.tools.win32_24.12.0.202407110909/tools/bin/../lib/gcc/arm-none-eabi/13.2.1/thumb/v7-m/nofp\libc.a(libc_a-dtoa.o)
 .rodata.__multadd.str1.4
                0x0000d1e0       0x6e C:/nxp/MCUXpressoIDE_24.12.148/ide/plugins/com.nxp.mcuxpresso.tools.win32_24.12.0.202407110909/tools/bin/../lib/gcc/arm-none-eabi/13.2.1/thumb/v7-m/nofp\libc.a(libc_a-mprec.o)
 .rodata.p05.0  0x0000d1e0        0xc C:/nxp/MCUXpressoIDE_24.12.148/ide/plugins/com.nxp.mcuxpresso.tools.win32_24.12.0.202407110909/tools/bin/../lib/gcc/arm-none-eabi/13.2.1/thumb/v7-m/nofp\libc.a(libc_a-mprec.o)
 *fill*         0x0000d1ec        0x4 ff
 .rodata.__mprec_bigtens
                0x0000d1f0       0x28 C:/nxp/MCUXpressoIDE_24.12.148/ide/plugins/com.nxp.mcuxpresso.tools.win32_24.12.0.202407110909/tools/bin/../lib/gcc/arm-none-eabi/13.2.1/thumb/v7-m/nofp\libc.a(libc_a-mprec.o)
                0x0000d1f0                __mprec_bigtens
 .rodata.__mprec_tens
                0x0000d218       0xc8 C:/nxp/MCUXpressoIDE_24.12.148/ide/plugins/com.nxp.mcuxpresso.tools.win32_24.12.0.202407110909/tools/bin/../lib/gcc/arm-none-eabi/13.2.1/thumb/v7-m/nofp\libc.a(libc_a-mprec.o)
                0x0000d218                __mprec_tens
 .rodata._ctype_
                0x0000d2e0      0x101 C:/nxp/MCUXpressoIDE_24.12.148/ide/plugins/com.nxp.mcuxpresso.tools.win32_24.12.0.202407110909/tools/bin/../lib/gcc/arm-none-eabi/13.2.1/thumb/v7-m/nofp\libc.a(libc_a-ctype_.o)
                0x0000d2e0                _ctype_
 .rodata.__assert_func.str1.4
                0x0000d3e1       0x43 C:/nxp/MCUXpressoIDE_24.12.148/ide/plugins/com.nxp.mcuxpresso.tools.win32_24.12.0.202407110909/tools/bin/../lib/gcc/arm-none-eabi/13.2.1/thumb/v7-m/nofp\libc.a(libc_a-assert.o)
 .rodata.initialise_monitor_handles.part.0.str1.1
                0x0000d3e1        0x4 C:/nxp/MCUXpressoIDE_24.12.148/ide/plugins/com.nxp.mcuxpresso.tools.win32_24.12.0.202407110909/tools/bin/../lib/gcc/arm-none-eabi/13.2.1/../../../../arm-none-eabi/lib/thumb/v7-m/nofp\libcr_newlib_semihost.a(syscalls.o)
                0x0000d424                        . = ALIGN (0x4)
 *fill*         0x0000d3e5        0x3 ff

.glue_7         0x0000d3e8        0x0
 .glue_7        0x0000d3e8        0x0 linker stubs

.glue_7t        0x0000d3e8        0x0
 .glue_7t       0x0000d3e8        0x0 linker stubs

.vfp11_veneer   0x0000d3e8        0x0
 .vfp11_veneer  0x0000d3e8        0x0 linker stubs

.v4_bx          0x0000d3e8        0x0
 .v4_bx         0x0000d3e8        0x0 linker stubs

.iplt           0x0000d3e8        0x0
 .iplt          0x0000d3e8        0x0 ./src/cr_startup_lpc17.o

.ARM.extab
 *(.ARM.extab* .gnu.linkonce.armextab.*)

.ARM.exidx      0x0000d3e8        0x8
                0x0000d3e8                        __exidx_start = .
 *(.ARM.exidx* .gnu.linkonce.armexidx.*)
 .ARM.exidx.text.__udivmoddi4
                0x0000d3e8        0x8 C:/nxp/MCUXpressoIDE_24.12.148/ide/plugins/com.nxp.mcuxpresso.tools.win32_24.12.0.202407110909/tools/bin/../lib/gcc/arm-none-eabi/13.2.1/thumb/v7-m/nofp\libgcc.a(_udivmoddi4.o)
 .ARM.exidx     0x0000d3f0        0x0 C:/nxp/MCUXpressoIDE_24.12.148/ide/plugins/com.nxp.mcuxpresso.tools.win32_24.12.0.202407110909/tools/bin/../lib/gcc/arm-none-eabi/13.2.1/thumb/v7-m/nofp\libc.a(libc_a-memcpy.o)
                                  0x8 (size before relaxing)
                0x0000d3f0                        __exidx_end = .
                0x0000d3f0                        _etext = .

.rel.dyn        0x0000d3f0        0x0
 .rel.iplt      0x0000d3f0        0x0 ./src/cr_startup_lpc17.o

.data_RAM2      0x2007c000        0x0 load address 0x0000d3f0
 FILL mask 0xff
                [!provide]                        PROVIDE (__start_data_RAM2 = .)
                [!provide]                        PROVIDE (__start_data_RamAHB32 = .)
 *(.ramfunc.$RAM2)
 *(.ramfunc.$RamAHB32)
 *(.data.$RAM2)
 *(.data.$RamAHB32)
 *(.data.$RAM2.*)
 *(.data.$RamAHB32.*)
                0x2007c000                        . = ALIGN (0x4)
                [!provide]                        PROVIDE (__end_data_RAM2 = .)
                [!provide]                        PROVIDE (__end_data_RamAHB32 = .)

.uninit_RESERVED
                0x10000000        0x0
                0x10000000                        _start_uninit_RESERVED = .
 *(.bss.$RESERVED*)
                0x10000000                        . = ALIGN (0x4)
                0x10000000                        _end_uninit_RESERVED = .

.data           0x10000000      0x6b8 load address 0x0000d3f0
 FILL mask 0xff
                0x10000000                        _data = .
                [!provide]                        PROVIDE (__start_data_RAM = .)
                [!provide]                        PROVIDE (__start_data_RamLoc32 = .)
 *(vtable)
 *(.ramfunc*)
 *(CodeQuickAccess)
 *(DataQuickAccess)
 *(RamFunction)
 *(.data*)
 .data          0x10000000        0x4 C:\Users\nikod\Downloads\E13_V7_final\E13_alarm_V3\Lib_CMSISv1p30_LPC17xx\Debug\libCMSISv1p30_LPC17xx.a(system_LPC17xx.o)
                0x10000000                SystemCoreClock
 .data          0x10000004        0x8 C:\Users\nikod\Downloads\E13_V7_final\E13_alarm_V3\Lib_EaBaseBoard\Debug\libLib_EaBaseBoard.a(light.o)
 .data._impure_ptr
                0x1000000c        0x4 C:/nxp/MCUXpressoIDE_24.12.148/ide/plugins/com.nxp.mcuxpresso.tools.win32_24.12.0.202407110909/tools/bin/../lib/gcc/arm-none-eabi/13.2.1/thumb/v7-m/nofp\libc.a(libc_a-impure.o)
                0x1000000c                _impure_ptr
 .data._impure_data
                0x10000010      0x120 C:/nxp/MCUXpressoIDE_24.12.148/ide/plugins/com.nxp.mcuxpresso.tools.win32_24.12.0.202407110909/tools/bin/../lib/gcc/arm-none-eabi/13.2.1/thumb/v7-m/nofp\libc.a(libc_a-impure.o)
                0x10000010                _impure_data
 .data.__sglue  0x10000130        0xc C:/nxp/MCUXpressoIDE_24.12.148/ide/plugins/com.nxp.mcuxpresso.tools.win32_24.12.0.202407110909/tools/bin/../lib/gcc/arm-none-eabi/13.2.1/thumb/v7-m/nofp\libc.a(libc_a-findfp.o)
                0x10000130                __sglue
 .data.__global_locale
                0x1000013c      0x16c C:/nxp/MCUXpressoIDE_24.12.148/ide/plugins/com.nxp.mcuxpresso.tools.win32_24.12.0.202407110909/tools/bin/../lib/gcc/arm-none-eabi/13.2.1/thumb/v7-m/nofp\libc.a(libc_a-locale.o)
                0x1000013c                __global_locale
 .data.__malloc_sbrk_base
                0x100002a8        0x4 C:/nxp/MCUXpressoIDE_24.12.148/ide/plugins/com.nxp.mcuxpresso.tools.win32_24.12.0.202407110909/tools/bin/../lib/gcc/arm-none-eabi/13.2.1/thumb/v7-m/nofp\libc.a(libc_a-mallocr.o)
                0x100002a8                __malloc_sbrk_base
 .data.__malloc_trim_threshold
                0x100002ac        0x4 C:/nxp/MCUXpressoIDE_24.12.148/ide/plugins/com.nxp.mcuxpresso.tools.win32_24.12.0.202407110909/tools/bin/../lib/gcc/arm-none-eabi/13.2.1/thumb/v7-m/nofp\libc.a(libc_a-mallocr.o)
                0x100002ac                __malloc_trim_threshold
 .data.__malloc_av_
                0x100002b0      0x408 C:/nxp/MCUXpressoIDE_24.12.148/ide/plugins/com.nxp.mcuxpresso.tools.win32_24.12.0.202407110909/tools/bin/../lib/gcc/arm-none-eabi/13.2.1/thumb/v7-m/nofp\libc.a(libc_a-mallocr.o)
                0x100002b0                __malloc_av_
                0x100006b8                        . = ALIGN (0x4)
                0x100006b8                        _edata = .
                [!provide]                        PROVIDE (__end_data_RAM = .)
                [!provide]                        PROVIDE (__end_data_RamLoc32 = .)

.igot.plt       0x100006b8        0x0 load address 0x0000daa8
 .igot.plt      0x100006b8        0x0 ./src/cr_startup_lpc17.o

.bss_RAM2       0x2007c000        0x0
                [!provide]                        PROVIDE (__start_bss_RAM2 = .)
                [!provide]                        PROVIDE (__start_bss_RamAHB32 = .)
 *(.bss.$RAM2)
 *(.bss.$RamAHB32)
 *(.bss.$RAM2.*)
 *(.bss.$RamAHB32.*)
                0x2007c000                        . = ALIGN ((. != 0x0)?0x4:0x1)
                [!provide]                        PROVIDE (__end_bss_RAM2 = .)
                [!provide]                        PROVIDE (__end_bss_RamAHB32 = .)

.bss            0x100006b8      0x508
                0x100006b8                        _bss = .
                [!provide]                        PROVIDE (__start_bss_RAM = .)
                [!provide]                        PROVIDE (__start_bss_RamLoc32 = .)
 *(.bss*)
 .bss           0x100006b8       0x14 ./src/main.o
 .bss           0x100006cc      0x300 C:\Users\nikod\Downloads\E13_V7_final\E13_alarm_V3\Lib_EaBaseBoard\Debug\libLib_EaBaseBoard.a(oled.o)
 .bss           0x100009cc        0x6 C:\Users\nikod\Downloads\E13_V7_final\E13_alarm_V3\Lib_EaBaseBoard\Debug\libLib_EaBaseBoard.a(pca9532.o)
 *fill*         0x100009d2        0x2 
 .bss           0x100009d4       0x34 C:\Users\nikod\Downloads\E13_V7_final\E13_alarm_V3\Lib_MCU\Debug\libLib_MCU.a(lpc17xx_i2c.o)
 .bss.__sf      0x10000a08      0x138 C:/nxp/MCUXpressoIDE_24.12.148/ide/plugins/com.nxp.mcuxpresso.tools.win32_24.12.0.202407110909/tools/bin/../lib/gcc/arm-none-eabi/13.2.1/thumb/v7-m/nofp\libc.a(libc_a-findfp.o)
                0x10000a08                __sf
 .bss.__stdio_exit_handler
                0x10000b40        0x4 C:/nxp/MCUXpressoIDE_24.12.148/ide/plugins/com.nxp.mcuxpresso.tools.win32_24.12.0.202407110909/tools/bin/../lib/gcc/arm-none-eabi/13.2.1/thumb/v7-m/nofp\libc.a(libc_a-findfp.o)
                0x10000b40                __stdio_exit_handler
 .bss.errno     0x10000b44        0x4 C:/nxp/MCUXpressoIDE_24.12.148/ide/plugins/com.nxp.mcuxpresso.tools.win32_24.12.0.202407110909/tools/bin/../lib/gcc/arm-none-eabi/13.2.1/thumb/v7-m/nofp\libc.a(libc_a-reent.o)
                0x10000b44                errno
 .bss.__lock___malloc_recursive_mutex
                0x10000b48        0x1 C:/nxp/MCUXpressoIDE_24.12.148/ide/plugins/com.nxp.mcuxpresso.tools.win32_24.12.0.202407110909/tools/bin/../lib/gcc/arm-none-eabi/13.2.1/thumb/v7-m/nofp\libc.a(libc_a-lock.o)
                0x10000b48                __lock___malloc_recursive_mutex
 *fill*         0x10000b49        0x3 
 .bss.__lock___sfp_recursive_mutex
                0x10000b4c        0x1 C:/nxp/MCUXpressoIDE_24.12.148/ide/plugins/com.nxp.mcuxpresso.tools.win32_24.12.0.202407110909/tools/bin/../lib/gcc/arm-none-eabi/13.2.1/thumb/v7-m/nofp\libc.a(libc_a-lock.o)
                0x10000b4c                __lock___sfp_recursive_mutex
 *fill*         0x10000b4d        0x3 
 .bss.__malloc_current_mallinfo
                0x10000b50       0x28 C:/nxp/MCUXpressoIDE_24.12.148/ide/plugins/com.nxp.mcuxpresso.tools.win32_24.12.0.202407110909/tools/bin/../lib/gcc/arm-none-eabi/13.2.1/thumb/v7-m/nofp\libc.a(libc_a-mallocr.o)
                0x10000b50                __malloc_current_mallinfo
 .bss.__malloc_max_total_mem
                0x10000b78        0x4 C:/nxp/MCUXpressoIDE_24.12.148/ide/plugins/com.nxp.mcuxpresso.tools.win32_24.12.0.202407110909/tools/bin/../lib/gcc/arm-none-eabi/13.2.1/thumb/v7-m/nofp\libc.a(libc_a-mallocr.o)
                0x10000b78                __malloc_max_total_mem
 .bss.__malloc_max_sbrked_mem
                0x10000b7c        0x4 C:/nxp/MCUXpressoIDE_24.12.148/ide/plugins/com.nxp.mcuxpresso.tools.win32_24.12.0.202407110909/tools/bin/../lib/gcc/arm-none-eabi/13.2.1/thumb/v7-m/nofp\libc.a(libc_a-mallocr.o)
                0x10000b7c                __malloc_max_sbrked_mem
 .bss.__malloc_top_pad
                0x10000b80        0x4 C:/nxp/MCUXpressoIDE_24.12.148/ide/plugins/com.nxp.mcuxpresso.tools.win32_24.12.0.202407110909/tools/bin/../lib/gcc/arm-none-eabi/13.2.1/thumb/v7-m/nofp\libc.a(libc_a-mallocr.o)
                0x10000b80                __malloc_top_pad
 .bss.__end_of_heap
                0x10000b84        0x4 C:/nxp/MCUXpressoIDE_24.12.148/ide/plugins/com.nxp.mcuxpresso.tools.win32_24.12.0.202407110909/tools/bin/../lib/gcc/arm-none-eabi/13.2.1/../../../../arm-none-eabi/lib/thumb/v7-m/nofp\libcr_newlib_semihost.a(_cr_sbrk.o)
                0x10000b84                __end_of_heap
 .bss.initialized.0
                0x10000b88        0x4 C:/nxp/MCUXpressoIDE_24.12.148/ide/plugins/com.nxp.mcuxpresso.tools.win32_24.12.0.202407110909/tools/bin/../lib/gcc/arm-none-eabi/13.2.1/../../../../arm-none-eabi/lib/thumb/v7-m/nofp\libcr_newlib_semihost.a(syscalls.o)
 .bss.monitor_stderr
                0x10000b8c        0x4 C:/nxp/MCUXpressoIDE_24.12.148/ide/plugins/com.nxp.mcuxpresso.tools.win32_24.12.0.202407110909/tools/bin/../lib/gcc/arm-none-eabi/13.2.1/../../../../arm-none-eabi/lib/thumb/v7-m/nofp\libcr_newlib_semihost.a(syscalls.o)
 .bss.monitor_stdout
                0x10000b90        0x4 C:/nxp/MCUXpressoIDE_24.12.148/ide/plugins/com.nxp.mcuxpresso.tools.win32_24.12.0.202407110909/tools/bin/../lib/gcc/arm-none-eabi/13.2.1/../../../../arm-none-eabi/lib/thumb/v7-m/nofp\libcr_newlib_semihost.a(syscalls.o)
 .bss.monitor_stdin
                0x10000b94        0x4 C:/nxp/MCUXpressoIDE_24.12.148/ide/plugins/com.nxp.mcuxpresso.tools.win32_24.12.0.202407110909/tools/bin/../lib/gcc/arm-none-eabi/13.2.1/../../../../arm-none-eabi/lib/thumb/v7-m/nofp\libcr_newlib_semihost.a(syscalls.o)
 .bss.openfiles
                0x10000b98       0x28 C:/nxp/MCUXpressoIDE_24.12.148/ide/plugins/com.nxp.mcuxpresso.tools.win32_24.12.0.202407110909/tools/bin/../lib/gcc/arm-none-eabi/13.2.1/../../../../arm-none-eabi/lib/thumb/v7-m/nofp\libcr_newlib_semihost.a(syscalls.o)
 *(COMMON)
                0x10000bc0                        . = ALIGN (0x4)
                0x10000bc0                        _ebss = .
                [!provide]                        PROVIDE (__end_bss_RAM = .)
                [!provide]                        PROVIDE (__end_bss_RamLoc32 = .)
                [!provide]                        PROVIDE (end = .)

.noinit_RAM2    0x2007c000        0x0
                [!provide]                        PROVIDE (__start_noinit_RAM2 = .)
                [!provide]                        PROVIDE (__start_noinit_RamAHB32 = .)
 *(.noinit.$RAM2)
 *(.noinit.$RamAHB32)
 *(.noinit.$RAM2.*)
 *(.noinit.$RamAHB32.*)
                0x2007c000                        . = ALIGN (0x4)
                [!provide]                        PROVIDE (__end_noinit_RAM2 = .)
                [!provide]                        PROVIDE (__end_noinit_RamAHB32 = .)

.noinit         0x10000bc0        0x0
                0x10000bc0                        _noinit = .
                [!provide]                        PROVIDE (__start_noinit_RAM = .)
                [!provide]                        PROVIDE (__start_noinit_RamLoc32 = .)
 *(.noinit*)
                0x10000bc0                        . = ALIGN (0x4)
                0x10000bc0                        _end_noinit = .
                [!provide]                        PROVIDE (__end_noinit_RAM = .)
                [!provide]                        PROVIDE (__end_noinit_RamLoc32 = .)
                0x10000bc0                        PROVIDE (_pvHeapStart = DEFINED (__user_heap_base)?__user_heap_base:.)
                0x10008000                        PROVIDE (_vStackTop = DEFINED (__user_stack_top)?__user_stack_top:(__top_RamLoc32 - 0x0))
                [!provide]                        PROVIDE (__valid_user_code_checksum = (0x0 - ((((((_vStackTop + (ResetISR + 0x1)) + (NMI_Handler + 0x1)) + (HardFault_Handler + 0x1)) + (DEFINED (MemManage_Handler)?MemManage_Handler:0x0 + 0x1)) + (DEFINED (BusFault_Handler)?BusFault_Handler:0x0 + 0x1)) + (DEFINED (UsageFault_Handler)?UsageFault_Handler:0x0 + 0x1))))
                0x00000000                        _image_start = LOADADDR (.text)
                0x0000daa8                        _image_end = (LOADADDR (.data) + SIZEOF (.data))
                0x0000daa8                        _image_size = (_image_end - _image_start)
OUTPUT(rgb_joystick.axf elf32-littlearm)
LOAD linker stubs

.debug_info     0x00000000     0x6ee1
 .debug_info    0x00000000      0x1f7 ./src/cr_startup_lpc17.o
 .debug_info    0x000001f7     0x1049 ./src/main.o
 .debug_info    0x00001240      0x717 ./src/rc522.o
 .debug_info    0x00001957      0x2fb C:\Users\nikod\Downloads\E13_V7_final\E13_alarm_V3\Lib_CMSISv1p30_LPC17xx\Debug\libCMSISv1p30_LPC17xx.a(system_LPC17xx.o)
 .debug_info    0x00001c52      0x11b C:\Users\nikod\Downloads\E13_V7_final\E13_alarm_V3\Lib_EaBaseBoard\Debug\libLib_EaBaseBoard.a(joystick.o)
 .debug_info    0x00001d6d      0x78c C:\Users\nikod\Downloads\E13_V7_final\E13_alarm_V3\Lib_EaBaseBoard\Debug\libLib_EaBaseBoard.a(light.o)
 .debug_info    0x000024f9      0xa37 C:\Users\nikod\Downloads\E13_V7_final\E13_alarm_V3\Lib_EaBaseBoard\Debug\libLib_EaBaseBoard.a(oled.o)
 .debug_info    0x00002f30      0x656 C:\Users\nikod\Downloads\E13_V7_final\E13_alarm_V3\Lib_EaBaseBoard\Debug\libLib_EaBaseBoard.a(pca9532.o)
 .debug_info    0x00003586      0x111 C:\Users\nikod\Downloads\E13_V7_final\E13_alarm_V3\Lib_EaBaseBoard\Debug\libLib_EaBaseBoard.a(rgb.o)
 .debug_info    0x00003697       0x62 C:\Users\nikod\Downloads\E13_V7_final\E13_alarm_V3\Lib_EaBaseBoard\Debug\libLib_EaBaseBoard.a(font5x7.o)
 .debug_info    0x000036f9      0xdc4 C:\Users\nikod\Downloads\E13_V7_final\E13_alarm_V3\Lib_MCU\Debug\libLib_MCU.a(lpc17xx_gpio.o)
 .debug_info    0x000044bd      0xdd9 C:\Users\nikod\Downloads\E13_V7_final\E13_alarm_V3\Lib_MCU\Debug\libLib_MCU.a(lpc17xx_i2c.o)
 .debug_info    0x00005296       0xca C:\Users\nikod\Downloads\E13_V7_final\E13_alarm_V3\Lib_MCU\Debug\libLib_MCU.a(lpc17xx_libcfg_default.o)
 .debug_info    0x00005360      0x477 C:\Users\nikod\Downloads\E13_V7_final\E13_alarm_V3\Lib_MCU\Debug\libLib_MCU.a(lpc17xx_pinsel.o)
 .debug_info    0x000057d7      0x7a5 C:\Users\nikod\Downloads\E13_V7_final\E13_alarm_V3\Lib_MCU\Debug\libLib_MCU.a(lpc17xx_ssp.o)
 .debug_info    0x00005f7c      0x985 C:\Users\nikod\Downloads\E13_V7_final\E13_alarm_V3\Lib_MCU\Debug\libLib_MCU.a(lpc17xx_timer.o)
 .debug_info    0x00006901      0x5e0 C:\Users\nikod\Downloads\E13_V7_final\E13_alarm_V3\Lib_MCU\Debug\libLib_MCU.a(lpc17xx_clkpwr.o)

.debug_abbrev   0x00000000     0x1cbd
 .debug_abbrev  0x00000000       0xec ./src/cr_startup_lpc17.o
 .debug_abbrev  0x000000ec      0x32d ./src/main.o
 .debug_abbrev  0x00000419      0x1de ./src/rc522.o
 .debug_abbrev  0x000005f7       0xf4 C:\Users\nikod\Downloads\E13_V7_final\E13_alarm_V3\Lib_CMSISv1p30_LPC17xx\Debug\libCMSISv1p30_LPC17xx.a(system_LPC17xx.o)
 .debug_abbrev  0x000006eb       0xb8 C:\Users\nikod\Downloads\E13_V7_final\E13_alarm_V3\Lib_EaBaseBoard\Debug\libLib_EaBaseBoard.a(joystick.o)
 .debug_abbrev  0x000007a3      0x223 C:\Users\nikod\Downloads\E13_V7_final\E13_alarm_V3\Lib_EaBaseBoard\Debug\libLib_EaBaseBoard.a(light.o)
 .debug_abbrev  0x000009c6      0x26c C:\Users\nikod\Downloads\E13_V7_final\E13_alarm_V3\Lib_EaBaseBoard\Debug\libLib_EaBaseBoard.a(oled.o)
 .debug_abbrev  0x00000c32      0x228 C:\Users\nikod\Downloads\E13_V7_final\E13_alarm_V3\Lib_EaBaseBoard\Debug\libLib_EaBaseBoard.a(pca9532.o)
 .debug_abbrev  0x00000e5a       0x9f C:\Users\nikod\Downloads\E13_V7_final\E13_alarm_V3\Lib_EaBaseBoard\Debug\libLib_EaBaseBoard.a(rgb.o)
 .debug_abbrev  0x00000ef9       0x4a C:\Users\nikod\Downloads\E13_V7_final\E13_alarm_V3\Lib_EaBaseBoard\Debug\libLib_EaBaseBoard.a(font5x7.o)
 .debug_abbrev  0x00000f43      0x239 C:\Users\nikod\Downloads\E13_V7_final\E13_alarm_V3\Lib_MCU\Debug\libLib_MCU.a(lpc17xx_gpio.o)
 .debug_abbrev  0x0000117c      0x2fb C:\Users\nikod\Downloads\E13_V7_final\E13_alarm_V3\Lib_MCU\Debug\libLib_MCU.a(lpc17xx_i2c.o)
 .debug_abbrev  0x00001477       0x72 C:\Users\nikod\Downloads\E13_V7_final\E13_alarm_V3\Lib_MCU\Debug\libLib_MCU.a(lpc17xx_libcfg_default.o)
 .debug_abbrev  0x000014e9      0x164 C:\Users\nikod\Downloads\E13_V7_final\E13_alarm_V3\Lib_MCU\Debug\libLib_MCU.a(lpc17xx_pinsel.o)
 .debug_abbrev  0x0000164d      0x228 C:\Users\nikod\Downloads\E13_V7_final\E13_alarm_V3\Lib_MCU\Debug\libLib_MCU.a(lpc17xx_ssp.o)
 .debug_abbrev  0x00001875      0x273 C:\Users\nikod\Downloads\E13_V7_final\E13_alarm_V3\Lib_MCU\Debug\libLib_MCU.a(lpc17xx_timer.o)
 .debug_abbrev  0x00001ae8      0x1d5 C:\Users\nikod\Downloads\E13_V7_final\E13_alarm_V3\Lib_MCU\Debug\libLib_MCU.a(lpc17xx_clkpwr.o)

.debug_aranges  0x00000000      0x7d8
 .debug_aranges
                0x00000000       0x70 ./src/cr_startup_lpc17.o
 .debug_aranges
                0x00000070       0xc8 ./src/main.o
 .debug_aranges
                0x00000138       0x88 ./src/rc522.o
 .debug_aranges
                0x000001c0       0x28 C:\Users\nikod\Downloads\E13_V7_final\E13_alarm_V3\Lib_CMSISv1p30_LPC17xx\Debug\libCMSISv1p30_LPC17xx.a(system_LPC17xx.o)
 .debug_aranges
                0x000001e8       0x28 C:\Users\nikod\Downloads\E13_V7_final\E13_alarm_V3\Lib_EaBaseBoard\Debug\libLib_EaBaseBoard.a(joystick.o)
 .debug_aranges
                0x00000210       0x98 C:\Users\nikod\Downloads\E13_V7_final\E13_alarm_V3\Lib_EaBaseBoard\Debug\libLib_EaBaseBoard.a(light.o)
 .debug_aranges
                0x000002a8       0x90 C:\Users\nikod\Downloads\E13_V7_final\E13_alarm_V3\Lib_EaBaseBoard\Debug\libLib_EaBaseBoard.a(oled.o)
 .debug_aranges
                0x00000338       0x80 C:\Users\nikod\Downloads\E13_V7_final\E13_alarm_V3\Lib_EaBaseBoard\Debug\libLib_EaBaseBoard.a(pca9532.o)
 .debug_aranges
                0x000003b8       0x28 C:\Users\nikod\Downloads\E13_V7_final\E13_alarm_V3\Lib_EaBaseBoard\Debug\libLib_EaBaseBoard.a(rgb.o)
 .debug_aranges
                0x000003e0       0x18 C:\Users\nikod\Downloads\E13_V7_final\E13_alarm_V3\Lib_EaBaseBoard\Debug\libLib_EaBaseBoard.a(font5x7.o)
 .debug_aranges
                0x000003f8       0xf8 C:\Users\nikod\Downloads\E13_V7_final\E13_alarm_V3\Lib_MCU\Debug\libLib_MCU.a(lpc17xx_gpio.o)
 .debug_aranges
                0x000004f0       0xd0 C:\Users\nikod\Downloads\E13_V7_final\E13_alarm_V3\Lib_MCU\Debug\libLib_MCU.a(lpc17xx_i2c.o)
 .debug_aranges
                0x000005c0       0x20 C:\Users\nikod\Downloads\E13_V7_final\E13_alarm_V3\Lib_MCU\Debug\libLib_MCU.a(lpc17xx_libcfg_default.o)
 .debug_aranges
                0x000005e0       0x48 C:\Users\nikod\Downloads\E13_V7_final\E13_alarm_V3\Lib_MCU\Debug\libLib_MCU.a(lpc17xx_pinsel.o)
 .debug_aranges
                0x00000628       0xa8 C:\Users\nikod\Downloads\E13_V7_final\E13_alarm_V3\Lib_MCU\Debug\libLib_MCU.a(lpc17xx_ssp.o)
 .debug_aranges
                0x000006d0       0xa8 C:\Users\nikod\Downloads\E13_V7_final\E13_alarm_V3\Lib_MCU\Debug\libLib_MCU.a(lpc17xx_timer.o)
 .debug_aranges
                0x00000778       0x60 C:\Users\nikod\Downloads\E13_V7_final\E13_alarm_V3\Lib_MCU\Debug\libLib_MCU.a(lpc17xx_clkpwr.o)

.debug_ranges   0x00000000      0x6c0
 .debug_ranges  0x00000000       0x60 ./src/cr_startup_lpc17.o
 .debug_ranges  0x00000060       0xb8 ./src/main.o
 .debug_ranges  0x00000118       0x78 ./src/rc522.o
 .debug_ranges  0x00000190       0x18 C:\Users\nikod\Downloads\E13_V7_final\E13_alarm_V3\Lib_CMSISv1p30_LPC17xx\Debug\libCMSISv1p30_LPC17xx.a(system_LPC17xx.o)
 .debug_ranges  0x000001a8       0x18 C:\Users\nikod\Downloads\E13_V7_final\E13_alarm_V3\Lib_EaBaseBoard\Debug\libLib_EaBaseBoard.a(joystick.o)
 .debug_ranges  0x000001c0       0x88 C:\Users\nikod\Downloads\E13_V7_final\E13_alarm_V3\Lib_EaBaseBoard\Debug\libLib_EaBaseBoard.a(light.o)
 .debug_ranges  0x00000248       0x80 C:\Users\nikod\Downloads\E13_V7_final\E13_alarm_V3\Lib_EaBaseBoard\Debug\libLib_EaBaseBoard.a(oled.o)
 .debug_ranges  0x000002c8       0x70 C:\Users\nikod\Downloads\E13_V7_final\E13_alarm_V3\Lib_EaBaseBoard\Debug\libLib_EaBaseBoard.a(pca9532.o)
 .debug_ranges  0x00000338       0x18 C:\Users\nikod\Downloads\E13_V7_final\E13_alarm_V3\Lib_EaBaseBoard\Debug\libLib_EaBaseBoard.a(rgb.o)
 .debug_ranges  0x00000350       0xe8 C:\Users\nikod\Downloads\E13_V7_final\E13_alarm_V3\Lib_MCU\Debug\libLib_MCU.a(lpc17xx_gpio.o)
 .debug_ranges  0x00000438       0xc0 C:\Users\nikod\Downloads\E13_V7_final\E13_alarm_V3\Lib_MCU\Debug\libLib_MCU.a(lpc17xx_i2c.o)
 .debug_ranges  0x000004f8       0x10 C:\Users\nikod\Downloads\E13_V7_final\E13_alarm_V3\Lib_MCU\Debug\libLib_MCU.a(lpc17xx_libcfg_default.o)
 .debug_ranges  0x00000508       0x38 C:\Users\nikod\Downloads\E13_V7_final\E13_alarm_V3\Lib_MCU\Debug\libLib_MCU.a(lpc17xx_pinsel.o)
 .debug_ranges  0x00000540       0x98 C:\Users\nikod\Downloads\E13_V7_final\E13_alarm_V3\Lib_MCU\Debug\libLib_MCU.a(lpc17xx_ssp.o)
 .debug_ranges  0x000005d8       0x98 C:\Users\nikod\Downloads\E13_V7_final\E13_alarm_V3\Lib_MCU\Debug\libLib_MCU.a(lpc17xx_timer.o)
 .debug_ranges  0x00000670       0x50 C:\Users\nikod\Downloads\E13_V7_final\E13_alarm_V3\Lib_MCU\Debug\libLib_MCU.a(lpc17xx_clkpwr.o)

.debug_macro    0x00000000     0x69fd
 .debug_macro   0x00000000       0x79 ./src/cr_startup_lpc17.o
 .debug_macro   0x00000079      0xad8 ./src/cr_startup_lpc17.o
 .debug_macro   0x00000b51       0x22 ./src/cr_startup_lpc17.o
 .debug_macro   0x00000b73       0x8e ./src/cr_startup_lpc17.o
 .debug_macro   0x00000c01       0x51 ./src/cr_startup_lpc17.o
 .debug_macro   0x00000c52      0x103 ./src/cr_startup_lpc17.o
 .debug_macro   0x00000d55       0x6a ./src/cr_startup_lpc17.o
 .debug_macro   0x00000dbf      0x1df ./src/cr_startup_lpc17.o
 .debug_macro   0x00000f9e      0x215 ./src/main.o
 .debug_macro   0x000011b3       0x1c ./src/main.o
 .debug_macro   0x000011cf       0x22 ./src/main.o
 .debug_macro   0x000011f1      0x7b7 ./src/main.o
 .debug_macro   0x000019a8      0x2c7 ./src/main.o
 .debug_macro   0x00001c6f       0x64 ./src/main.o
 .debug_macro   0x00001cd3      0x140 ./src/main.o
 .debug_macro   0x00001e13      0x192 ./src/main.o
 .debug_macro   0x00001fa5       0x46 ./src/main.o
 .debug_macro   0x00001feb       0xed ./src/main.o
 .debug_macro   0x000020d8      0x2a6 ./src/main.o
 .debug_macro   0x0000237e       0x16 ./src/main.o
 .debug_macro   0x00002394       0xb2 ./src/main.o
 .debug_macro   0x00002446       0x28 ./src/main.o
 .debug_macro   0x0000246e      0x1cc ./src/main.o
 .debug_macro   0x0000263a       0x1c ./src/main.o
 .debug_macro   0x00002656       0x82 ./src/main.o
 .debug_macro   0x000026d8       0x7b ./src/main.o
 .debug_macro   0x00002753       0x24 ./src/main.o
 .debug_macro   0x00002777       0x3c ./src/main.o
 .debug_macro   0x000027b3       0x34 ./src/main.o
 .debug_macro   0x000027e7       0x16 ./src/main.o
 .debug_macro   0x000027fd       0x9e ./src/main.o
 .debug_macro   0x0000289b      0x370 ./src/main.o
 .debug_macro   0x00002c0b      0x112 ./src/main.o
 .debug_macro   0x00002d1d       0x10 ./src/main.o
 .debug_macro   0x00002d2d       0x16 ./src/main.o
 .debug_macro   0x00002d43       0x4a ./src/main.o
 .debug_macro   0x00002d8d       0x34 ./src/main.o
 .debug_macro   0x00002dc1       0x10 ./src/main.o
 .debug_macro   0x00002dd1       0x58 ./src/main.o
 .debug_macro   0x00002e29      0x1de ./src/main.o
 .debug_macro   0x00003007       0x16 ./src/main.o
 .debug_macro   0x0000301d       0x16 ./src/main.o
 .debug_macro   0x00003033      0x170 ./src/main.o
 .debug_macro   0x000031a3       0xde ./src/rc522.o
 .debug_macro   0x00003281      0x2a0 ./src/rc522.o
 .debug_macro   0x00003521      0x113 C:\Users\nikod\Downloads\E13_V7_final\E13_alarm_V3\Lib_CMSISv1p30_LPC17xx\Debug\libCMSISv1p30_LPC17xx.a(system_LPC17xx.o)
 .debug_macro   0x00003634      0xad2 C:\Users\nikod\Downloads\E13_V7_final\E13_alarm_V3\Lib_CMSISv1p30_LPC17xx\Debug\libCMSISv1p30_LPC17xx.a(system_LPC17xx.o)
 .debug_macro   0x00004106       0x10 C:\Users\nikod\Downloads\E13_V7_final\E13_alarm_V3\Lib_CMSISv1p30_LPC17xx\Debug\libCMSISv1p30_LPC17xx.a(system_LPC17xx.o)
 .debug_macro   0x00004116      0x12e C:\Users\nikod\Downloads\E13_V7_final\E13_alarm_V3\Lib_CMSISv1p30_LPC17xx\Debug\libCMSISv1p30_LPC17xx.a(system_LPC17xx.o)
 .debug_macro   0x00004244      0x5b3 C:\Users\nikod\Downloads\E13_V7_final\E13_alarm_V3\Lib_CMSISv1p30_LPC17xx\Debug\libCMSISv1p30_LPC17xx.a(system_LPC17xx.o)
 .debug_macro   0x000047f7      0x7d5 C:\Users\nikod\Downloads\E13_V7_final\E13_alarm_V3\Lib_CMSISv1p30_LPC17xx\Debug\libCMSISv1p30_LPC17xx.a(system_LPC17xx.o)
 .debug_macro   0x00004fcc       0x83 C:\Users\nikod\Downloads\E13_V7_final\E13_alarm_V3\Lib_EaBaseBoard\Debug\libLib_EaBaseBoard.a(joystick.o)
 .debug_macro   0x0000504f       0x40 C:\Users\nikod\Downloads\E13_V7_final\E13_alarm_V3\Lib_EaBaseBoard\Debug\libLib_EaBaseBoard.a(joystick.o)
 .debug_macro   0x0000508f      0x126 C:\Users\nikod\Downloads\E13_V7_final\E13_alarm_V3\Lib_EaBaseBoard\Debug\libLib_EaBaseBoard.a(light.o)
 .debug_macro   0x000051b5      0x18c C:\Users\nikod\Downloads\E13_V7_final\E13_alarm_V3\Lib_EaBaseBoard\Debug\libLib_EaBaseBoard.a(light.o)
 .debug_macro   0x00005341       0xdd C:\Users\nikod\Downloads\E13_V7_final\E13_alarm_V3\Lib_EaBaseBoard\Debug\libLib_EaBaseBoard.a(oled.o)
 .debug_macro   0x0000541e       0x5d C:\Users\nikod\Downloads\E13_V7_final\E13_alarm_V3\Lib_EaBaseBoard\Debug\libLib_EaBaseBoard.a(oled.o)
 .debug_macro   0x0000547b       0xa1 C:\Users\nikod\Downloads\E13_V7_final\E13_alarm_V3\Lib_EaBaseBoard\Debug\libLib_EaBaseBoard.a(pca9532.o)
 .debug_macro   0x0000551c       0x83 C:\Users\nikod\Downloads\E13_V7_final\E13_alarm_V3\Lib_EaBaseBoard\Debug\libLib_EaBaseBoard.a(rgb.o)
 .debug_macro   0x0000559f       0x1a C:\Users\nikod\Downloads\E13_V7_final\E13_alarm_V3\Lib_EaBaseBoard\Debug\libLib_EaBaseBoard.a(font5x7.o)
 .debug_macro   0x000055b9      0x696 C:\Users\nikod\Downloads\E13_V7_final\E13_alarm_V3\Lib_EaBaseBoard\Debug\libLib_EaBaseBoard.a(font5x7.o)
 .debug_macro   0x00005c4f       0x83 C:\Users\nikod\Downloads\E13_V7_final\E13_alarm_V3\Lib_MCU\Debug\libLib_MCU.a(lpc17xx_gpio.o)
 .debug_macro   0x00005cd2       0xda C:\Users\nikod\Downloads\E13_V7_final\E13_alarm_V3\Lib_MCU\Debug\libLib_MCU.a(lpc17xx_gpio.o)
 .debug_macro   0x00005dac       0x95 C:\Users\nikod\Downloads\E13_V7_final\E13_alarm_V3\Lib_MCU\Debug\libLib_MCU.a(lpc17xx_i2c.o)
 .debug_macro   0x00005e41      0x2fa C:\Users\nikod\Downloads\E13_V7_final\E13_alarm_V3\Lib_MCU\Debug\libLib_MCU.a(lpc17xx_i2c.o)
 .debug_macro   0x0000613b      0x146 C:\Users\nikod\Downloads\E13_V7_final\E13_alarm_V3\Lib_MCU\Debug\libLib_MCU.a(lpc17xx_i2c.o)
 .debug_macro   0x00006281       0x5a C:\Users\nikod\Downloads\E13_V7_final\E13_alarm_V3\Lib_MCU\Debug\libLib_MCU.a(lpc17xx_libcfg_default.o)
 .debug_macro   0x000062db       0x5e C:\Users\nikod\Downloads\E13_V7_final\E13_alarm_V3\Lib_MCU\Debug\libLib_MCU.a(lpc17xx_libcfg_default.o)
 .debug_macro   0x00006339       0xd4 C:\Users\nikod\Downloads\E13_V7_final\E13_alarm_V3\Lib_MCU\Debug\libLib_MCU.a(lpc17xx_libcfg_default.o)
 .debug_macro   0x0000640d       0x7a C:\Users\nikod\Downloads\E13_V7_final\E13_alarm_V3\Lib_MCU\Debug\libLib_MCU.a(lpc17xx_pinsel.o)
 .debug_macro   0x00006487       0x8c C:\Users\nikod\Downloads\E13_V7_final\E13_alarm_V3\Lib_MCU\Debug\libLib_MCU.a(lpc17xx_ssp.o)
 .debug_macro   0x00006513       0x95 C:\Users\nikod\Downloads\E13_V7_final\E13_alarm_V3\Lib_MCU\Debug\libLib_MCU.a(lpc17xx_timer.o)
 .debug_macro   0x000065a8       0xe7 C:\Users\nikod\Downloads\E13_V7_final\E13_alarm_V3\Lib_MCU\Debug\libLib_MCU.a(lpc17xx_timer.o)
 .debug_macro   0x0000668f       0x7a C:\Users\nikod\Downloads\E13_V7_final\E13_alarm_V3\Lib_MCU\Debug\libLib_MCU.a(lpc17xx_clkpwr.o)